<html>
<body>
<pre>
<h1>�Vision Build Log</h1>
<h2>Tool Versions:</h2>
IDE-Version: ��Vision V5.41.0.0
Copyright (C) 2024 ARM Ltd and ARM Germany GmbH. All rights reserved.
License Information:  ,  , LIC=9WSKC-71JM2-01EP1-CU23E-K7DGB-R1REM
 
Tool Versions:
Toolchain:       MDK-ARM Plus  Version: 5.41.0.0
Toolchain Path:  D:\software\Keil_v5\ARM\ARMCLANG\Bin
C Compiler:      ArmClang.exe V6.22
Assembler:       Armasm.exe V6.22
Linker/Locator:  ArmLink.exe V6.22
Library Manager: ArmAr.exe V6.22
Hex Converter:   FromElf.exe V6.22
CPU DLL:         SARMCM3.DLL V5.41.0.0
Dialog DLL:      DCM.DLL V1.17.5.0
Target DLL:      CMSIS_AGDI.dll V1.33.21.0
Dialog DLL:      TCM.DLL V1.56.4.0
 
<h2>Project:</h2>
F:\Generated_Files\section_2\Myproject43_CAN_Communication_Experiment\2_CAN_Dual-Device_Communication\Project\RVMDK��uv5��\BH-F429.uvprojx
Project File Date:  04/17/2025

<h2>Output:</h2>
*** Using Compiler 'V6.22', folder: 'D:\software\Keil_v5\ARM\ARMCLANG\Bin'
Build target 'CAN_Dual-Device_Communication'
assembling startup_stm32f429_439xx.s...
compiling stm32f4xx_cec.c...
compiling misc.c...
compiling stm32f4xx_crc.c...
compiling system_stm32f4xx.c...
compiling stm32f4xx_cryp.c...
compiling stm32f4xx_adc.c...
compiling stm32f4xx_can.c...
compiling stm32f4xx_dbgmcu.c...
compiling stm32f4xx_cryp_des.c...
compiling stm32f4xx_dcmi.c...
compiling stm32f4xx_cryp_tdes.c...
compiling stm32f4xx_dac.c...
compiling stm32f4xx_dma.c...
compiling stm32f4xx_dma2d.c...
compiling stm32f4xx_cryp_aes.c...
compiling stm32f4xx_exti.c...
compiling stm32f4xx_fmpi2c.c...
compiling stm32f4xx_flash_ramfunc.c...
compiling stm32f4xx_flash.c...
compiling stm32f4xx_gpio.c...
compiling stm32f4xx_hash.c...
compiling stm32f4xx_hash_md5.c...
compiling stm32f4xx_fmc.c...
compiling stm32f4xx_hash_sha1.c...
compiling stm32f4xx_iwdg.c...
compiling stm32f4xx_qspi.c...
compiling stm32f4xx_i2c.c...
compiling stm32f4xx_pwr.c...
compiling stm32f4xx_ltdc.c...
compiling stm32f4xx_rng.c...
compiling stm32f4xx_rcc.c...
compiling stm32f4xx_sai.c...
compiling stm32f4xx_spdifrx.c...
compiling stm32f4xx_sdio.c...
compiling stm32f4xx_syscfg.c...
compiling stm32f4xx_spi.c...
compiling stm32f4xx_rtc.c...
compiling stm32f4xx_wwdg.c...
compiling stm32f4xx_usart.c...
compiling stm32f4xx_tim.c...
../../User/main.c(52): warning: illegal character encoding in string literal [-Winvalid-source-encoding]
   52 |         printf("\r\n <BB><B6>ӭʹ<D3><C3>Ұ<BB><F0>  STM32 F429 <BF><AA><B7><A2><B0>塣\r\n");
      |                      ^~~~~~~~  ~~~~~~~~ ~~~~~~~~             ~~~~~~~~~~~~~~~~~~~~
../../User/main.c(53): warning: illegal character encoding in string literal [-Winvalid-source-encoding]
   53 |     printf("\r\n Ұ<BB><F0>F429 CAN˫<BB><FA>ͨѶʵ<D1><E9><C0><FD><B3><CC>\r\n");
      |                   ^~~~~~~~         ~~~~~~~~  ~~~~~~~~~~~~~~~~~~~~~~~~
../../User/main.c(55): warning: illegal character encoding in string literal [-Winvalid-source-encoding]
   55 |         printf("\r\n ʵ<D1>鲽<D6>裺\r\n");
      |                       ^~~~  ~~~~
../../User/main.c(57): warning: illegal character encoding in string literal [-Winvalid-source-encoding]
   57 |         printf("\r\n 1.ʹ<D3>õ<BC><CF><DF><C1><AC><BD>Ӻ<C3><C1><BD><B8><F6>CANѶ<C9>豸\r\n");
      |                         ^~~~ ~~~~~~~~~~~~~~~~~~~~~~~~ ~~~~~~~~~~~~~~~~~~~~    ~~~~
../../User/main.c(58): warning: illegal character encoding in string literal [-Winvalid-source-encoding]
   58 |         printf("\r\n 2.ʹ<D3><C3><CC><F8><CF><DF>ñ<C1><AC><BD>Ӻ<C3>:F429V1<B5>װ壺5V <---> C/4-5V  F429V2<B5>װ壺3V3 <---> CAN/485_3V3 \r\n");
      |                         ^~~~~~~~~~~~~~~~~~~~~~~~ ~~~~~~~~~~~~ ~~~~       ~~~~                          ~~~~
../../User/main.c(59): warning: illegal character encoding in string literal [-Winvalid-source-encoding]
   59 |         printf("\r\n 3.<B0><B4><CF>¿<AA><B7><A2><B0><E5><B5><C4>KEY1<BC><FC><A3><AC><BB><E1>ʹ<D3><C3>CAN<CF><F2><CD>ⷢ<CB><CD>0-7<B5><C4><CA><FD><BE>ݰ<FC><A3><AC><B0><FC><B5><C4><C0><A9>չIDΪ0x1314 \r\n");
      |                        ^~~~~~~~~~~~ ~~~~~~~~~~~~~~~~~~~~~~~~~~~~    ~~~~~~~~~~~~~~~~~~~~~~~~ ~~~~~~~~   ~~~~~~~~~~~~~~~~~~~~   ~~~~~~~~~~~~~~~~~~~~ ~~~~~~~~~~~~~~~~~~~~~~~~~~~~~~~~~~~~
../../User/main.c(60): warning: illegal character encoding in string literal [-Winvalid-source-encoding]
   60 |         printf("\r\n 4.<C8><F4><BF><AA><B7><A2><B0><E5><B5><C4>CAN<BD><D3><CA>յ<BD><C0><A9>չIDΪ0x1314<B5><C4><CA><FD><BE>ݰ<FC><A3><AC><BB><E1><B0><D1><CA><FD><BE><DD><D2>Դ<F2>ӡ<B5><BD><B4><AE><BF>ڡ<A3> \r\n");
      |                        ^~~~~~~~~~~~~~~~~~~~~~~~~~~~~~~~~~~~~~~~   ~~~~~~~~~~~~ ~~~~~~~~~~~~          ~~~~~~~~~~~~~~~~~~~~ ~~~~~~~~~~~~~~~~~~~~~~~~~~~~~~~~~~~~~~~~~~~~~~~~ ~~~~ ~~~~~~~~~~~~~~~~~~~~ ~~~~
../../User/main.c(61): warning: illegal character encoding in string literal [-Winvalid-source-encoding]
   61 |         printf("\r\n 5.<B1><BE><C0><FD><D6>е<C4>can<B2><A8><CC><D8><C2><CA>Ϊ1MBps<A3><AC>Ϊstm32<B5><C4>can<D7><EE><B8><DF><CB><D9><C2>ʡ<A3> \r\n");
      |                        ^~~~~~~~~~~~~~~~~~~~ ~~~~   ~~~~~~~~~~~~~~~~~~~~~~~~      ~~~~~~~~      ~~~~~~~~   ~~~~~~~~~~~~~~~~~~~~~~~~~~~~ ~~~~
../../User/main.c(79): warning: illegal character encoding in string literal [-Winvalid-source-encoding]
   79 |                         printf("\r\n<D2><D1>ʹ<D3><C3>CAN<B7><A2><CB><CD><CA><FD><BE>ݰ<FC><A3><A1>\r\n");                        
      |                                     ^~~~~~~~ ~~~~~~~~   ~~~~~~~~~~~~~~~~~~~~~~~~~~~~ ~~~~~~~~~~~~
../../User/main.c(80): warning: illegal character encoding in string literal [-Winvalid-source-encoding]
   80 |                         printf("\r\n<B7><A2><CB>͵ı<A8><CE><C4><C4><DA><C8><DD>Ϊ<A3><BA>\r\n");
      |                                     ^~~~~~~~~~~~  ~~~~~~~~~~~~~~~~~~~~~~~~~~~~ ~~~~~~~~
../../User/main.c(81): warning: illegal character encoding in string literal [-Winvalid-source-encoding]
   81 |                         printf("\r\n <C0><A9>չID<BA><C5>ExtId<A3><BA>0x%x \r\n",TxMessage.ExtId);
      |                                      ^~~~~~~~   ~~~~~~~~     ~~~~~~~~
../../User/main.c(89): warning: illegal character encoding in string literal [-Winvalid-source-encoding]
   89 |                         printf("\r\nCAN<BD><D3><CA>յ<BD><CA><FD><BE>ݣ<BA>\r\n");      
      |                                        ^~~~~~~~~~~~ ~~~~~~~~~~~~~~~~ ~~~~
12 warnings generated.
compiling main.c...
compiling stm32f4xx_it.c...
compiling bsp_debug_usart.c...
compiling bsp_can.c...
compiling bsp_key.c...
compiling bsp_led.c...
linking...
Program Size: Code=4692 RO-data=880 RW-data=4 ZI-data=1076  
FromELF: creating hex file...
"..\..\Output\CAN_Dual-Device_Communication.axf" - 0 Error(s), 12 Warning(s).

<h2>Software Packages used:</h2>

Package Vendor: Keil
                https://www.keil.com/pack/Keil.STM32F4xx_DFP.3.0.0.pack
                Keil::STM32F4xx_DFP@3.0.0
                STMicroelectronics STM32F4 Series Device Support

<h2>Collection of Component include folders:</h2>

<h2>Collection of Component Files used:</h2>
Build Time Elapsed:  00:00:04
</pre>
</body>
</html>
