<html>
<body>
<pre>
<h1>�Vision Build Log</h1>
<h2>Tool Versions:</h2>
IDE-Version: ��Vision V5.41.0.0
Copyright (C) 2024 ARM Ltd and ARM Germany GmbH. All rights reserved.
License Information:  ,  , LIC=9WSKC-71JM2-01EP1-CU23E-K7DGB-R1REM
 
Tool Versions:
Toolchain:       MDK-ARM Plus  Version: 5.41.0.0
Toolchain Path:  D:\software\Keil_v5\ARM\ARMCLANG\Bin
C Compiler:      ArmClang.exe V6.22
Assembler:       Armasm.exe V6.22
Linker/Locator:  ArmLink.exe V6.22
Library Manager: ArmAr.exe V6.22
Hex Converter:   FromElf.exe V6.22
CPU DLL:         SARMCM3.DLL V5.41.0.0
Dialog DLL:      DCM.DLL V1.17.5.0
Target DLL:      CMSIS_AGDI.dll V1.33.21.0
Dialog DLL:      TCM.DLL V1.56.4.0
 
<h2>Project:</h2>
F:\Generated_Files\section_2\Myproject23-I2C-ReadWriteEEPROM\AT24C02\1_Software_I2C\Project\RVMDK��uv5��\BH-F429.uvprojx
Project File Date:  04/14/2025

<h2>Output:</h2>
*** Using Compiler 'V6.22', folder: 'D:\software\Keil_v5\ARM\ARMCLANG\Bin'
Build target 'EEPROM'
compiling stm32f4xx_cec.c...
compiling stm32f4xx_crc.c...
compiling stm32f4xx_adc.c...
compiling system_stm32f4xx.c...
compiling misc.c...
compiling stm32f4xx_cryp.c...
compiling stm32f4xx_can.c...
compiling stm32f4xx_cryp_aes.c...
compiling stm32f4xx_cryp_des.c...
compiling stm32f4xx_cryp_tdes.c...
compiling stm32f4xx_dbgmcu.c...
compiling stm32f4xx_dac.c...
compiling stm32f4xx_dcmi.c...
compiling stm32f4xx_dma.c...
compiling stm32f4xx_exti.c...
compiling stm32f4xx_dma2d.c...
compiling stm32f4xx_fmpi2c.c...
compiling stm32f4xx_flash_ramfunc.c...
compiling stm32f4xx_flash.c...
compiling stm32f4xx_gpio.c...
compiling stm32f4xx_hash_md5.c...
compiling stm32f4xx_hash.c...
compiling stm32f4xx_hash_sha1.c...
compiling stm32f4xx_fmc.c...
compiling stm32f4xx_i2c.c...
compiling stm32f4xx_qspi.c...
compiling stm32f4xx_iwdg.c...
compiling stm32f4xx_rng.c...
compiling stm32f4xx_pwr.c...
compiling stm32f4xx_ltdc.c...
compiling stm32f4xx_rcc.c...
compiling stm32f4xx_rtc.c...
compiling stm32f4xx_sai.c...
compiling stm32f4xx_sdio.c...
compiling stm32f4xx_spdifrx.c...
compiling stm32f4xx_syscfg.c...
compiling stm32f4xx_spi.c...
compiling stm32f4xx_wwdg.c...
compiling stm32f4xx_usart.c...
compiling stm32f4xx_tim.c...
compiling stm32f4xx_it.c...
../../User/main.c(43): warning: illegal character encoding in string literal [-Winvalid-source-encoding]
   43 |         printf("\r\n <BB><B6>ӭʹ<D3><C3>Ұ<BB><F0>  STM32 F429 <BF><AA><B7><A2><B0>塣\r\n");            
      |                      ^~~~~~~~  ~~~~~~~~ ~~~~~~~~             ~~~~~~~~~~~~~~~~~~~~
../../User/main.c(45): warning: illegal character encoding in string literal [-Winvalid-source-encoding]
   45 |         printf("\r\n <D5><E2><CA><C7>һ<B8><F6>I2C<CD><E2><C9><E8>(AT24C02)<B6><C1>д<B2><E2><CA><D4><C0><FD><B3><CC> \r\n");
      |                      ^~~~~~~~~~~~~~~~ ~~~~~~~~   ~~~~~~~~~~~~~~~~         ~~~~~~~~ ~~~~~~~~~~~~~~~~~~~~~~~~~~~~~~~~
2 warnings generated.
compiling main.c...
compiling bsp_led.c...
compiling bsp_debug_usart.c...
../../User/i2c/bsp_i2c_ee.c(217): warning: illegal character encoding in string literal [-Winvalid-source-encoding]
  217 |                 printf("<B2><C1><B3><FD>eeprom<B3><F6><B4><ED><A3><A1>\r\n");
      |                         ^~~~~~~~~~~~~~~~      ~~~~~~~~~~~~~~~~~~~~~~~~
../../User/i2c/bsp_i2c_ee.c(222): warning: illegal character encoding in string literal [-Winvalid-source-encoding]
  222 |                 printf("<B2><C1><B3><FD>eeprom<B3>ɹ<A6><A3><A1>\r\n");
      |                         ^~~~~~~~~~~~~~~~      ~~~~ ~~~~~~~~~~~~
../../User/i2c/bsp_i2c_ee.c(249): warning: illegal character encoding in string literal [-Winvalid-source-encoding]
  249 |                 printf("û<D3>м<EC><B2><U+2D7D><B4><AE><D0><D0>EEPROM!\r\n");
      |                          ^~~~ ~~~~~~~~        ~~~~~~~~~~~~~~~~
../../User/i2c/bsp_i2c_ee.c(262): warning: illegal character encoding in string literal [-Winvalid-source-encoding]
  262 |                 printf("дeeprom<B3><F6><B4><ED><A3><A1>\r\n");
      |                                ^~~~~~~~~~~~~~~~~~~~~~~~
../../User/i2c/bsp_i2c_ee.c(267): warning: illegal character encoding in string literal [-Winvalid-source-encoding]
  267 |                 printf("дeeprom<B3>ɹ<A6><A3><A1>\r\n");
      |                                ^~~~ ~~~~~~~~~~~~
../../User/i2c/bsp_i2c_ee.c(275): warning: illegal character encoding in string literal [-Winvalid-source-encoding]
  275 |                 printf("<B6><C1>eeprom<B3><F6><B4><ED><A3><A1>\r\n");
      |                         ^~~~~~~~      ~~~~~~~~~~~~~~~~~~~~~~~~
../../User/i2c/bsp_i2c_ee.c(280): warning: illegal character encoding in string literal [-Winvalid-source-encoding]
  280 |                 printf("<B6><C1>eeprom<B3>ɹ<A6><A3><AC><CA><FD><BE><DD><C8><E7><CF>£<BA>\r\n");
      |                         ^~~~~~~~      ~~~~ ~~~~~~~~~~~~~~~~~~~~~~~~~~~~~~~~~~~~~~~~ ~~~~
../../User/i2c/bsp_i2c_ee.c(288): warning: illegal character encoding in string literal [-Winvalid-source-encoding]
  288 |                         printf("<B4><ED><CE><F3>:EEPROM<B6><C1><B3><F6><D3><EB>д<C8><EB><B5><C4><CA><FD><BE>ݲ<BB>һ<D6><C2>");
      |                                 ^~~~~~~~~~~~~~~~       ~~~~~~~~~~~~~~~~~~~~~~~~ ~~~~~~~~~~~~~~~~~~~~~~~~~~~~ ~~~~ ~~~~~~~~
../../User/i2c/bsp_i2c_ee.c(298): warning: illegal character encoding in string literal [-Winvalid-source-encoding]
  298 |   printf("eeprom<B6><C1>д<B2><E2><CA>Գɹ<A6>\r\n");
      |                 ^~~~~~~~ ~~~~~~~~~~~~  ~~~~
9 warnings generated.
compiling bsp_i2c_ee.c...
compiling bsp_i2c_gpio.c...
linking...
Program Size: Code=7882 RO-data=770 RW-data=4 ZI-data=1028  
FromELF: creating hex file...
"..\..\Output\EEPROM.axf" - 0 Error(s), 11 Warning(s).

<h2>Software Packages used:</h2>

Package Vendor: Keil
                https://www.keil.com/pack/Keil.STM32F4xx_DFP.3.0.0.pack
                Keil::STM32F4xx_DFP@3.0.0
                STMicroelectronics STM32F4 Series Device Support

<h2>Collection of Component include folders:</h2>

<h2>Collection of Component Files used:</h2>
Build Time Elapsed:  00:00:04
</pre>
</body>
</html>
