<html>
<body>
<pre>
<h1>�Vision Build Log</h1>
<h2>Tool Versions:</h2>
IDE-Version: ��Vision V5.41.0.0
Copyright (C) 2024 ARM Ltd and ARM Germany GmbH. All rights reserved.
License Information:  ,  , LIC=9WSKC-71JM2-01EP1-CU23E-K7DGB-R1REM
 
Tool Versions:
Toolchain:       MDK-ARM Plus  Version: 5.41.0.0
Toolchain Path:  D:\software\Keil_v5\ARM\ARMCLANG\Bin
C Compiler:      ArmClang.exe V6.22
Assembler:       Armasm.exe V6.22
Linker/Locator:  ArmLink.exe V6.22
Library Manager: ArmAr.exe V6.22
Hex Converter:   FromElf.exe V6.22
CPU DLL:         SARMCM3.DLL V5.41.0.0
Dialog DLL:      DCM.DLL V1.17.5.0
Target DLL:      CMSIS_AGDI.dll V1.33.21.0
Dialog DLL:      TCM.DLL V1.56.4.0
 
<h2>Project:</h2>
f:\Generated_Files\section_2\MyProject45_PWR_LowPowerPowerManagement\3_PWR_SleepMode\Project\RVMDK��uv5��\BH-F429.uvprojx
Project File Date:  04/14/2025

<h2>Output:</h2>
*** Using Compiler 'V6.22', folder: 'D:\software\Keil_v5\ARM\ARMCLANG\Bin'
Build target 'PWR_SleepMode'
compiling bsp_exti.c...
../../User/main.c(41): warning: illegal character encoding in string literal [-Winvalid-source-encoding]
   41 |         printf("\r\n <BB><B6>ӭʹ<D3><C3>Ұ<BB><F0>  STM32 F429 <BF><AA><B7><A2><B0>塣\r\n");
      |                      ^~~~~~~~  ~~~~~~~~ ~~~~~~~~             ~~~~~~~~~~~~~~~~~~~~
../../User/main.c(42): warning: illegal character encoding in string literal [-Winvalid-source-encoding]
   42 |         printf("\r\n Ұ<BB><F0>F429 ˯<C3><DF>ģʽ<C0><FD><B3><CC>\r\n");
      |                       ^~~~~~~~      ~~~~~~~~  ~~~~~~~~~~~~~~~~
../../User/main.c(44): warning: illegal character encoding in string literal [-Winvalid-source-encoding]
   44 |         printf("\r\n ʵ<D1><E9>˵<C3><F7><A3><BA>\r\n");
      |                       ^~~~~~~~ ~~~~~~~~~~~~~~~~
../../User/main.c(46): warning: illegal character encoding in string literal [-Winvalid-source-encoding]
   46 |         printf("\r\n 1.<B1><BE><B3><CC><D0><F2><D6>У<AC><C2>̵Ʊ<ED>ʾSTM32<D5><FD><B3><A3><D4><CB><D0>У<AC><BA><EC><B5>Ʊ<ED>ʾ˯<C3><DF>״̬<A3><AC><C0><B6><B5>Ʊ<ED>ʾ<B8>մ<D3>˯<C3><DF>״̬<B1><BB><BB><BD><D0><D1>\r\n");
      |                        ^~~~~~~~~~~~~~~~~~~~~~~~~~~~ ~~~~~~~~ ~~~~      ~~~~~~~~~~~~~~~~~~~~~~~~~~~~ ~~~~~~~~~~~~~~~~ ~~~~  ~~~~~~~~ ~~~~~~~~~~~~~~~~~~~~ ~~~~ ~~~~ ~~~~ ~~~~~~~~ ~~~~~~~~~~~~~~~~~~~~~~~~
../../User/main.c(47): warning: illegal character encoding in string literal [-Winvalid-source-encoding]
   47 |         printf("\r\n 2.<B3><CC><D0><F2><D4><CB><D0><D0>һ<B6><CE>ʱ<BC><E4><BA><F3><D7>Զ<AF><BD><F8><C8><EB>˯<C3><DF>״̬<A3><AC><D4><DA>˯<C3><DF>״̬<CF>£<AC><BF><C9>ʹ<D3><C3>KEY1<BB><F2>KEY2<BB><BD><D0><D1>\r\n");
      |                        ^~~~~~~~~~~~~~~~~~~~~~~~~~~~~~~~ ~~~~~~~~ ~~~~~~~~~~~~~~~~~~~~ ~~~~~~~~~~~~~~~~~~~~ ~~~~~~~~ ~~~~~~~~~~~~~~~~ ~~~~~~~~ ~~~~ ~~~~~~~~~~~~ ~~~~~~~~    ~~~~~~~~    ~~~~~~~~~~~~~~~~
../../User/main.c(48): warning: illegal character encoding in string literal [-Winvalid-source-encoding]
   48 |         printf("\r\n 3.<B1><BE>ʵ<D1><E9>ִ<D0><D0><D5><E2><D1><F9>һ<B8><F6>ѭ<BB><B7><A3><BA>\r\n ------<A1><B7><C1><C1><C2>̵<C6>(<D5><FD><B3><A3><D4><CB><D0><D0>)-><C1><C1><BA><EC><B5><C6>(˯<C3><DF>ģʽ)-><B0><B4>KEY1<BB><F2>KEY2<BB><BD><D0><D1>-><C1><C1><C0><B6><B5><C6>(<B8>ձ<BB><BB><BD><D0><D1>)-----<A1><B7>\r\n");
      |                        ^~~~~~~~ ~~~~~~~~~~~~~~~~~~~~~~~~~~~~~~~~ ~~~~~~~~ ~~~~~~~~~~~~~~~~
../../User/main.c(48): warning: illegal character encoding in string literal [-Winvalid-source-encoding]
   48 |         printf("\r\n 3.<B1><BE>ʵ<D1><E9>ִ<D0><D0><D5><E2><D1><F9>һ<B8><F6>ѭ<BB><B7><A3><BA>\r\n ------<A1><B7><C1><C1><C2>̵<C6>(<D5><FD><B3><A3><D4><CB><D0><D0>)-><C1><C1><BA><EC><B5><C6>(˯<C3><DF>ģʽ)-><B0><B4>KEY1<BB><F2>KEY2<BB><BD><D0><D1>-><C1><C1><C0><B6><B5><C6>(<B8>ձ<BB><BB><BD><D0><D1>)-----<A1><B7>\r\n");
      |                                                                                                      ^~~~~~~~~~~~~~~~~~~~~~~~ ~~~~~~~~~~~~~~~~~~~~~~~~~~~~~~~~   ~~~~~~~~~~~~~~~~~~~~~~~~  ~~~~~~~~     ~~~~~~~~    ~~~~~~~~    ~~~~~~~~~~~~~~~~  ~~~~~~~~~~~~~~~~~~~~~~~~ ~~~~ ~~~~~~~~~~~~~~~~~~~~      ~~~~~~~~
../../User/main.c(49): warning: illegal character encoding in string literal [-Winvalid-source-encoding]
   49 |         printf("\r\n 4.<D4><DA>˯<C3><DF>״̬<CF>£<AC>DAP<CF><C2><D4><D8><C6><F7><CE><U+07B7><A8><B8><F8>STM32<CF><C2><D4>س<CC><D0><F2><A3><AC>\r\n <BF>ɰ<B4>KEY1<A1><A2>KEY2<BB><BD><D0>Ѻ<F3><CF><C2><D4>أ<AC>\r\n <BB><U+B0D38><B4>λ<BC><FC>ʹоƬ<B4><A6><D3>ڸ<B4>λ״̬<A3><AC>Ȼ<BA><F3><D4>ڵ<E7><C4><D4><C9>ϵ<E3><BB><F7><CF><C2><D4>ذ<B4>ť<A3><AC><D4><D9><CA>ͷŸ<B4>λ<B0><B4><BC><FC><A3><AC><BC><B4><BF><C9><CF><C2><D4><D8>\r\n");
      |                        ^~~~~~~~ ~~~~~~~~ ~~~~ ~~~~   ~~~~~~~~~~~~~~~~~~~~~~~~~~~~        ~~~~~~~~~~~~     ~~~~~~~~~~~~ ~~~~~~~~~~~~~~~~~~~~
../../User/main.c(49): warning: illegal character encoding in string literal [-Winvalid-source-encoding]
   49 |         printf("\r\n 4.<D4><DA>˯<C3><DF>״̬<CF>£<AC>DAP<CF><C2><D4><D8><C6><F7><CE><U+07B7><A8><B8><F8>STM32<CF><C2><D4>س<CC><D0><F2><A3><AC>\r\n <BF>ɰ<B4>KEY1<A1><A2>KEY2<BB><BD><D0>Ѻ<F3><CF><C2><D4>أ<AC>\r\n <BB><U+B0D38><B4>λ<BC><FC>ʹоƬ<B4><A6><D3>ڸ<B4>λ״̬<A3><AC>Ȼ<BA><F3><D4>ڵ<E7><C4><D4><C9>ϵ<E3><BB><F7><CF><C2><D4>ذ<B4>ť<A3><AC><D4><D9><CA>ͷŸ<B4>λ<B0><B4><BC><FC><A3><AC><BC><B4><BF><C9><CF><C2><D4><D8>\r\n");
      |                                                                                                                                                 ^~~~ ~~~~    ~~~~~~~~    ~~~~~~~~~~~~ ~~~~~~~~~~~~~~~~ ~~~~
../../User/main.c(49): warning: illegal character encoding in string literal [-Winvalid-source-encoding]
   49 |         printf("\r\n 4.<D4><DA>˯<C3><DF>״̬<CF>£<AC>DAP<CF><C2><D4><D8><C6><F7><CE><U+07B7><A8><B8><F8>STM32<CF><C2><D4>س<CC><D0><F2><A3><AC>\r\n <BF>ɰ<B4>KEY1<A1><A2>KEY2<BB><BD><D0>Ѻ<F3><CF><C2><D4>أ<AC>\r\n <BB><U+B0D38><B4>λ<BC><FC>ʹоƬ<B4><A6><D3>ڸ<B4>λ״̬<A3><AC>Ȼ<BA><F3><D4>ڵ<E7><C4><D4><C9>ϵ<E3><BB><F7><CF><C2><D4>ذ<B4>ť<A3><AC><D4><D9><CA>ͷŸ<B4>λ<B0><B4><BC><FC><A3><AC><BC><B4><BF><C9><CF><C2><D4><D8>\r\n");
      |                                                                                                                                                                                                                 ^~~~         ~~~~ ~~~~~~~~   ~~~~~~~~~~~~ ~~~~  ~~~~~~~~ ~~~~~~~~~~~~ ~~~~~~~~~~~~~~~~ ~~~~~~~~~~~~~~~~~~~~~~~~ ~~~~ ~~~~~~~~~~~~~~~~~~~~  ~~~~ ~~~~~~~~~~~~~~~~~~~~~~~~~~~~~~~~~~~~~~~~~~~~~~~~~~~~~~~~
../../User/main.c(54): warning: illegal character encoding in string literal [-Winvalid-source-encoding]
   54 |                 printf("\r\n STM32<D5><FD><B3><A3><D4><CB><D0>У<AC><C1><C1><C2>̵<C6>\r\n");
      |                                   ^~~~~~~~~~~~~~~~~~~~~~~~~~~~ ~~~~~~~~~~~~~~~~~~~~
../../User/main.c(61): warning: illegal character encoding in string literal [-Winvalid-source-encoding]
   61 |                 printf("\r\n <BD><F8><C8><EB>˯<C3><DF>ģʽ<A3><AC><B0><B4>KEY1<BB><F2>KEY2<B0><B4><BC><FC><BF>ɻ<BD><D0><D1>\r\n");
      |                              ^~~~~~~~~~~~~~~~ ~~~~~~~~  ~~~~~~~~~~~~~~~~    ~~~~~~~~    ~~~~~~~~~~~~~~~~~~~~ ~~~~~~~~~~~~
../../User/main.c(74): warning: illegal character encoding in string literal [-Winvalid-source-encoding]
   74 |                 printf("\r\n <D2><D1><CD>˳<F6>˯<C3><DF>ģʽ\r\n");
      |                              ^~~~~~~~~~~~ ~~~~ ~~~~~~~~
13 warnings generated.
compiling main.c...
linking...
Program Size: Code=2404 RO-data=960 RW-data=4 ZI-data=1028  
FromELF: creating hex file...
"..\..\Output\PWR_SleepMode.axf" - 0 Error(s), 13 Warning(s).

<h2>Software Packages used:</h2>

Package Vendor: Keil
                https://www.keil.com/pack/Keil.STM32F4xx_DFP.3.0.0.pack
                Keil::STM32F4xx_DFP@3.0.0
                STMicroelectronics STM32F4 Series Device Support

<h2>Collection of Component include folders:</h2>

<h2>Collection of Component Files used:</h2>
Build Time Elapsed:  00:00:01
</pre>
</body>
</html>
