<html>
<body>
<pre>
<h1>µVision Build Log</h1>
<h2>Tool Versions:</h2>
IDE-Version: ¦ÌVision V5.41.0.0
Copyright (C) 2024 ARM Ltd and ARM Germany GmbH. All rights reserved.
License Information:  ,  , LIC=----
 
Tool Versions:
Toolchain:       MDK-Lite  Version: 5.41.0.0
Toolchain Path:  D:\software\Keil_v5\ARM\ARMCLANG\Bin
C Compiler:      ArmClang.exe V6.22
Assembler:       Armasm.exe V6.22
Linker/Locator:  ArmLink.exe V6.22
Library Manager: ArmAr.exe V6.22
Hex Converter:   FromElf.exe V6.22
CPU DLL:         SARMCM3.DLL V5.41.0.0
Dialog DLL:      DCM.DLL V1.17.5.0
Target DLL:      CMSIS_AGDI.dll V1.33.21.0
Dialog DLL:      TCM.DLL V1.56.4.0
 
<h2>Project:</h2>
F:\Generated_Files\section_2\MyProject32-TIM-Advance Timer Timing\1_AdvancedTimer_ComplementaryOutput\Project\RVMDK£¨uv5£©\BH-F429.uvprojx
Project File Date:  03/31/2025

<h2>Output:</h2>
*** Using Compiler 'V6.22', folder: 'D:\software\Keil_v5\ARM\ARMCLANG\Bin'
Build target 'ADVANCE_TIM'
assembling startup_stm32f429_439xx.s...
compiling misc.c...
compiling stm32f4xx_cec.c...
compiling stm32f4xx_crc.c...
../../Libraries/CMSIS/Device/ST/STM32F4xx/Source/Templates/system_stm32f4xx.c(747): warning: while loop has empty body [-Wempty-body]
  747 |     while ((RCC->CFGR & (uint32_t)RCC_CFGR_SWS ) != RCC_CFGR_SWS_PLL);
      |                                                                      ^
../../Libraries/CMSIS/Device/ST/STM32F4xx/Source/Templates/system_stm32f4xx.c(747): note: put the semicolon on a separate line to silence this warning
1 warning generated.
compiling system_stm32f4xx.c...
compiling stm32f4xx_adc.c...
compiling stm32f4xx_can.c...
compiling stm32f4xx_cryp.c...
compiling stm32f4xx_cryp_des.c...
compiling stm32f4xx_cryp_tdes.c...
compiling stm32f4xx_dbgmcu.c...
compiling stm32f4xx_dac.c...
compiling stm32f4xx_dcmi.c...
compiling stm32f4xx_cryp_aes.c...
compiling stm32f4xx_exti.c...
compiling stm32f4xx_flash_ramfunc.c...
compiling stm32f4xx_dma2d.c...
compiling stm32f4xx_dma.c...
compiling stm32f4xx_flash.c...
compiling stm32f4xx_fmc.c...
compiling stm32f4xx_fmpi2c.c...
compiling stm32f4xx_hash.c...
compiling stm32f4xx_gpio.c...
compiling stm32f4xx_hash_sha1.c...
compiling stm32f4xx_hash_md5.c...
compiling stm32f4xx_i2c.c...
compiling stm32f4xx_iwdg.c...
compiling stm32f4xx_ltdc.c...
compiling stm32f4xx_qspi.c...
compiling stm32f4xx_pwr.c...
compiling stm32f4xx_rng.c...
compiling stm32f4xx_rcc.c...
compiling stm32f4xx_sai.c...
compiling stm32f4xx_spdifrx.c...
compiling stm32f4xx_sdio.c...
compiling stm32f4xx_syscfg.c...
compiling stm32f4xx_rtc.c...
compiling stm32f4xx_spi.c...
compiling stm32f4xx_usart.c...
compiling main.c...
compiling stm32f4xx_wwdg.c...
compiling stm32f4xx_it.c...
compiling bsp_beep.c...
compiling bsp_key.c...
compiling stm32f4xx_tim.c...
compiling bsp_led.c...
compiling bsp_advance_tim.c...
linking...
Program Size: Code=440 RO-data=444 RW-data=0 ZI-data=1024  
FromELF: creating hex file...
"..\..\Output\ADVANCE_TIM.axf" - 0 Error(s), 1 Warning(s).

<h2>Software Packages used:</h2>

Package Vendor: Keil
                https://www.keil.com/pack/Keil.STM32F4xx_DFP.3.0.0.pack
                Keil::STM32F4xx_DFP@3.0.0
                STMicroelectronics STM32F4 Series Device Support

<h2>Collection of Component include folders:</h2>

<h2>Collection of Component Files used:</h2>
Build Time Elapsed:  00:00:05
</pre>
</body>
</html>
