Component: Arm Compiler for Embedded 6.22 Tool: armlink [5ee90200]

==============================================================================

Section Cross References

    startup_stm32f429_439xx.o(RESET) refers to startup_stm32f429_439xx.o(STACK) for __initial_sp
    startup_stm32f429_439xx.o(RESET) refers to startup_stm32f429_439xx.o(.text) for Reset_Handler
    startup_stm32f429_439xx.o(RESET) refers to stm32f4xx_it.o(.text.NMI_Handler) for NMI_Handler
    startup_stm32f429_439xx.o(RESET) refers to stm32f4xx_it.o(.text.HardFault_Handler) for HardFault_Handler
    startup_stm32f429_439xx.o(RESET) refers to stm32f4xx_it.o(.text.MemManage_Handler) for MemManage_Handler
    startup_stm32f429_439xx.o(RESET) refers to stm32f4xx_it.o(.text.BusFault_Handler) for BusFault_Handler
    startup_stm32f429_439xx.o(RESET) refers to stm32f4xx_it.o(.text.UsageFault_Handler) for UsageFault_Handler
    startup_stm32f429_439xx.o(RESET) refers to stm32f4xx_it.o(.text.SVC_Handler) for SVC_Handler
    startup_stm32f429_439xx.o(RESET) refers to stm32f4xx_it.o(.text.DebugMon_Handler) for DebugMon_Handler
    startup_stm32f429_439xx.o(RESET) refers to stm32f4xx_it.o(.text.PendSV_Handler) for PendSV_Handler
    startup_stm32f429_439xx.o(RESET) refers to stm32f4xx_it.o(.text.SysTick_Handler) for SysTick_Handler
    startup_stm32f429_439xx.o(.text) refers to system_stm32f4xx.o(.text.SystemInit) for SystemInit
    startup_stm32f429_439xx.o(.text) refers to entry.o(.ARM.Collect$$$$00000000) for __main
    system_stm32f4xx.o(.text.SystemInit) refers to system_stm32f4xx.o(.text.SetSysClock) for SetSysClock
    system_stm32f4xx.o(.ARM.exidx.text.SystemInit) refers to system_stm32f4xx.o(.text.SystemInit) for [Anonymous Symbol]
    system_stm32f4xx.o(.ARM.exidx.text.SetSysClock) refers to system_stm32f4xx.o(.text.SetSysClock) for [Anonymous Symbol]
    system_stm32f4xx.o(.text.SystemCoreClockUpdate) refers to system_stm32f4xx.o(.data.SystemCoreClock) for SystemCoreClock
    system_stm32f4xx.o(.text.SystemCoreClockUpdate) refers to system_stm32f4xx.o(.rodata.AHBPrescTable) for AHBPrescTable
    system_stm32f4xx.o(.ARM.exidx.text.SystemCoreClockUpdate) refers to system_stm32f4xx.o(.text.SystemCoreClockUpdate) for [Anonymous Symbol]
    misc.o(.ARM.exidx.text.NVIC_PriorityGroupConfig) refers to misc.o(.text.NVIC_PriorityGroupConfig) for [Anonymous Symbol]
    misc.o(.ARM.exidx.text.NVIC_Init) refers to misc.o(.text.NVIC_Init) for [Anonymous Symbol]
    misc.o(.ARM.exidx.text.NVIC_SetVectorTable) refers to misc.o(.text.NVIC_SetVectorTable) for [Anonymous Symbol]
    misc.o(.ARM.exidx.text.NVIC_SystemLPConfig) refers to misc.o(.text.NVIC_SystemLPConfig) for [Anonymous Symbol]
    misc.o(.ARM.exidx.text.SysTick_CLKSourceConfig) refers to misc.o(.text.SysTick_CLKSourceConfig) for [Anonymous Symbol]
    stm32f4xx_adc.o(.text.ADC_DeInit) refers to stm32f4xx_rcc.o(.text.RCC_APB2PeriphResetCmd) for RCC_APB2PeriphResetCmd
    stm32f4xx_adc.o(.ARM.exidx.text.ADC_DeInit) refers to stm32f4xx_adc.o(.text.ADC_DeInit) for [Anonymous Symbol]
    stm32f4xx_adc.o(.ARM.exidx.text.ADC_Init) refers to stm32f4xx_adc.o(.text.ADC_Init) for [Anonymous Symbol]
    stm32f4xx_adc.o(.ARM.exidx.text.ADC_StructInit) refers to stm32f4xx_adc.o(.text.ADC_StructInit) for [Anonymous Symbol]
    stm32f4xx_adc.o(.ARM.exidx.text.ADC_CommonInit) refers to stm32f4xx_adc.o(.text.ADC_CommonInit) for [Anonymous Symbol]
    stm32f4xx_adc.o(.ARM.exidx.text.ADC_CommonStructInit) refers to stm32f4xx_adc.o(.text.ADC_CommonStructInit) for [Anonymous Symbol]
    stm32f4xx_adc.o(.ARM.exidx.text.ADC_Cmd) refers to stm32f4xx_adc.o(.text.ADC_Cmd) for [Anonymous Symbol]
    stm32f4xx_adc.o(.ARM.exidx.text.ADC_AnalogWatchdogCmd) refers to stm32f4xx_adc.o(.text.ADC_AnalogWatchdogCmd) for [Anonymous Symbol]
    stm32f4xx_adc.o(.ARM.exidx.text.ADC_AnalogWatchdogThresholdsConfig) refers to stm32f4xx_adc.o(.text.ADC_AnalogWatchdogThresholdsConfig) for [Anonymous Symbol]
    stm32f4xx_adc.o(.ARM.exidx.text.ADC_AnalogWatchdogSingleChannelConfig) refers to stm32f4xx_adc.o(.text.ADC_AnalogWatchdogSingleChannelConfig) for [Anonymous Symbol]
    stm32f4xx_adc.o(.ARM.exidx.text.ADC_TempSensorVrefintCmd) refers to stm32f4xx_adc.o(.text.ADC_TempSensorVrefintCmd) for [Anonymous Symbol]
    stm32f4xx_adc.o(.ARM.exidx.text.ADC_VBATCmd) refers to stm32f4xx_adc.o(.text.ADC_VBATCmd) for [Anonymous Symbol]
    stm32f4xx_adc.o(.ARM.exidx.text.ADC_RegularChannelConfig) refers to stm32f4xx_adc.o(.text.ADC_RegularChannelConfig) for [Anonymous Symbol]
    stm32f4xx_adc.o(.ARM.exidx.text.ADC_SoftwareStartConv) refers to stm32f4xx_adc.o(.text.ADC_SoftwareStartConv) for [Anonymous Symbol]
    stm32f4xx_adc.o(.ARM.exidx.text.ADC_GetSoftwareStartConvStatus) refers to stm32f4xx_adc.o(.text.ADC_GetSoftwareStartConvStatus) for [Anonymous Symbol]
    stm32f4xx_adc.o(.ARM.exidx.text.ADC_EOCOnEachRegularChannelCmd) refers to stm32f4xx_adc.o(.text.ADC_EOCOnEachRegularChannelCmd) for [Anonymous Symbol]
[...]
    Removing stm32f4xx_rtc.o(.text.RTC_SetTime), (312 bytes).
    Removing stm32f4xx_rtc.o(.ARM.exidx.text.RTC_SetTime), (8 bytes).
    Removing stm32f4xx_rtc.o(.text.RTC_Bcd2ToByte), (48 bytes).
    Removing stm32f4xx_rtc.o(.ARM.exidx.text.RTC_Bcd2ToByte), (8 bytes).
    Removing stm32f4xx_rtc.o(.text.RTC_ByteToBcd2), (66 bytes).
    Removing stm32f4xx_rtc.o(.ARM.exidx.text.RTC_ByteToBcd2), (8 bytes).
    Removing stm32f4xx_rtc.o(.text.RTC_TimeStructInit), (26 bytes).
    Removing stm32f4xx_rtc.o(.ARM.exidx.text.RTC_TimeStructInit), (8 bytes).
    Removing stm32f4xx_rtc.o(.text.RTC_GetTime), (124 bytes).
    Removing stm32f4xx_rtc.o(.ARM.exidx.text.RTC_GetTime), (8 bytes).
    Removing stm32f4xx_rtc.o(.text.RTC_GetSubSecond), (34 bytes).
    Removing stm32f4xx_rtc.o(.ARM.exidx.text.RTC_GetSubSecond), (8 bytes).
    Removing stm32f4xx_rtc.o(.text.RTC_SetDate), (298 bytes).
    Removing stm32f4xx_rtc.o(.ARM.exidx.text.RTC_SetDate), (8 bytes).
    Removing stm32f4xx_rtc.o(.text.RTC_DateStructInit), (28 bytes).
    Removing stm32f4xx_rtc.o(.ARM.exidx.text.RTC_DateStructInit), (8 bytes).
    Removing stm32f4xx_rtc.o(.text.RTC_GetDate), (120 bytes).
    Removing stm32f4xx_rtc.o(.ARM.exidx.text.RTC_GetDate), (8 bytes).
    Removing stm32f4xx_rtc.o(.text.RTC_SetAlarm), (334 bytes).
    Removing stm32f4xx_rtc.o(.ARM.exidx.text.RTC_SetAlarm), (8 bytes).
    Removing stm32f4xx_rtc.o(.text.RTC_AlarmStructInit), (40 bytes).
    Removing stm32f4xx_rtc.o(.ARM.exidx.text.RTC_AlarmStructInit), (8 bytes).
    Removing stm32f4xx_rtc.o(.text.RTC_GetAlarm), (184 bytes).
    Removing stm32f4xx_rtc.o(.ARM.exidx.text.RTC_GetAlarm), (8 bytes).
    Removing stm32f4xx_rtc.o(.text.RTC_AlarmCmd), (204 bytes).
    Removing stm32f4xx_rtc.o(.ARM.exidx.text.RTC_AlarmCmd), (8 bytes).
    Removing stm32f4xx_rtc.o(.text.RTC_AlarmSubSecondConfig), (90 bytes).
    Removing stm32f4xx_rtc.o(.ARM.exidx.text.RTC_AlarmSubSecondConfig), (8 bytes).
    Removing stm32f4xx_rtc.o(.text.RTC_GetAlarmSubSecond), (60 bytes).
    Removing stm32f4xx_rtc.o(.ARM.exidx.text.RTC_GetAlarmSubSecond), (8 bytes).
    Removing stm32f4xx_rtc.o(.text.RTC_WakeUpClockConfig), (52 bytes).
    Removing stm32f4xx_rtc.o(.ARM.exidx.text.RTC_WakeUpClockConfig), (8 bytes).
    Removing stm32f4xx_rtc.o(.text.RTC_SetWakeUpCounter), (40 bytes).
    Removing stm32f4xx_rtc.o(.ARM.exidx.text.RTC_SetWakeUpCounter), (8 bytes).
    Removing stm32f4xx_rtc.o(.text.RTC_GetWakeUpCounter), (14 bytes).
    Removing stm32f4xx_rtc.o(.ARM.exidx.text.RTC_GetWakeUpCounter), (8 bytes).
    Removing stm32f4xx_rtc.o(.text.RTC_WakeUpCmd), (198 bytes).
    Removing stm32f4xx_rtc.o(.ARM.exidx.text.RTC_WakeUpCmd), (8 bytes).
    Removing stm32f4xx_rtc.o(.text.RTC_DayLightSavingConfig), (58 bytes).
    Removing stm32f4xx_rtc.o(.ARM.exidx.text.RTC_DayLightSavingConfig), (8 bytes).
    Removing stm32f4xx_rtc.o(.text.RTC_GetStoreOperation), (16 bytes).
    Removing stm32f4xx_rtc.o(.ARM.exidx.text.RTC_GetStoreOperation), (8 bytes).
    Removing stm32f4xx_rtc.o(.text.RTC_OutputConfig), (58 bytes).
    Removing stm32f4xx_rtc.o(.ARM.exidx.text.RTC_OutputConfig), (8 bytes).
    Removing stm32f4xx_rtc.o(.text.RTC_CoarseCalibConfig), (94 bytes).
    Removing stm32f4xx_rtc.o(.ARM.exidx.text.RTC_CoarseCalibConfig), (8 bytes).
    Removing stm32f4xx_rtc.o(.text.RTC_CoarseCalibCmd), (122 bytes).
    Removing stm32f4xx_rtc.o(.ARM.exidx.text.RTC_CoarseCalibCmd), (8 bytes).
    Removing stm32f4xx_rtc.o(.text.RTC_CalibOutputCmd), (82 bytes).
    Removing stm32f4xx_rtc.o(.ARM.exidx.text.RTC_CalibOutputCmd), (8 bytes).
    Removing stm32f4xx_rtc.o(.text.RTC_CalibOutputConfig), (52 bytes).
    Removing stm32f4xx_rtc.o(.ARM.exidx.text.RTC_CalibOutputConfig), (8 bytes).
    Removing stm32f4xx_rtc.o(.text.RTC_SmoothCalibConfig), (180 bytes).
    Removing stm32f4xx_rtc.o(.ARM.exidx.text.RTC_SmoothCalibConfig), (8 bytes).
    Removing stm32f4xx_rtc.o(.text.RTC_TimeStampCmd), (98 bytes).
    Removing stm32f4xx_rtc.o(.ARM.exidx.text.RTC_TimeStampCmd), (8 bytes).
    Removing stm32f4xx_rtc.o(.text.RTC_GetTimeStamp), (220 bytes).
    Removing stm32f4xx_rtc.o(.ARM.exidx.text.RTC_GetTimeStamp), (8 bytes).
    Removing stm32f4xx_rtc.o(.text.RTC_GetTimeStampSubSecond), (12 bytes).
    Removing stm32f4xx_rtc.o(.ARM.exidx.text.RTC_GetTimeStampSubSecond), (8 bytes).
    Removing stm32f4xx_rtc.o(.text.RTC_TamperTriggerConfig), (56 bytes).
    Removing stm32f4xx_rtc.o(.ARM.exidx.text.RTC_TamperTriggerConfig), (8 bytes).
    Removing stm32f4xx_rtc.o(.text.RTC_TamperCmd), (56 bytes).
    Removing stm32f4xx_rtc.o(.ARM.exidx.text.RTC_TamperCmd), (8 bytes).
    Removing stm32f4xx_rtc.o(.text.RTC_TamperFilterConfig), (32 bytes).
    Removing stm32f4xx_rtc.o(.ARM.exidx.text.RTC_TamperFilterConfig), (8 bytes).
    Removing stm32f4xx_rtc.o(.text.RTC_TamperSamplingFreqConfig), (32 bytes).
    Removing stm32f4xx_rtc.o(.ARM.exidx.text.RTC_TamperSamplingFreqConfig), (8 bytes).
    Removing stm32f4xx_rtc.o(.text.RTC_TamperPinsPrechargeDuration), (32 bytes).
    Removing stm32f4xx_rtc.o(.ARM.exidx.text.RTC_TamperPinsPrechargeDuration), (8 bytes).
    Removing stm32f4xx_rtc.o(.text.RTC_TimeStampOnTamperDetectionCmd), (54 bytes).
    Removing stm32f4xx_rtc.o(.ARM.exidx.text.RTC_TimeStampOnTamperDetectionCmd), (8 bytes).
    Removing stm32f4xx_rtc.o(.text.RTC_TamperPullUpCmd), (54 bytes).
    Removing stm32f4xx_rtc.o(.ARM.exidx.text.RTC_TamperPullUpCmd), (8 bytes).
    Removing stm32f4xx_rtc.o(.text.RTC_WriteBackupRegister), (40 bytes).
    Removing stm32f4xx_rtc.o(.ARM.exidx.text.RTC_WriteBackupRegister), (8 bytes).
    Removing stm32f4xx_rtc.o(.text.RTC_ReadBackupRegister), (36 bytes).
    Removing stm32f4xx_rtc.o(.ARM.exidx.text.RTC_ReadBackupRegister), (8 bytes).
    Removing stm32f4xx_rtc.o(.text.RTC_TamperPinSelection), (32 bytes).
    Removing stm32f4xx_rtc.o(.ARM.exidx.text.RTC_TamperPinSelection), (8 bytes).
    Removing stm32f4xx_rtc.o(.text.RTC_TimeStampPinSelection), (32 bytes).
    Removing stm32f4xx_rtc.o(.ARM.exidx.text.RTC_TimeStampPinSelection), (8 bytes).
    Removing stm32f4xx_rtc.o(.text.RTC_OutputTypeConfig), (32 bytes).
    Removing stm32f4xx_rtc.o(.ARM.exidx.text.RTC_OutputTypeConfig), (8 bytes).
    Removing stm32f4xx_rtc.o(.text.RTC_SynchroShiftConfig), (222 bytes).
    Removing stm32f4xx_rtc.o(.ARM.exidx.text.RTC_SynchroShiftConfig), (8 bytes).
    Removing stm32f4xx_rtc.o(.text.RTC_ITConfig), (138 bytes).
    Removing stm32f4xx_rtc.o(.ARM.exidx.text.RTC_ITConfig), (8 bytes).
    Removing stm32f4xx_rtc.o(.text.RTC_GetFlagStatus), (68 bytes).
    Removing stm32f4xx_rtc.o(.ARM.exidx.text.RTC_GetFlagStatus), (8 bytes).
    Removing stm32f4xx_rtc.o(.text.RTC_ClearFlag), (34 bytes).
    Removing stm32f4xx_rtc.o(.ARM.exidx.text.RTC_ClearFlag), (8 bytes).
    Removing stm32f4xx_rtc.o(.text.RTC_GetITStatus), (116 bytes).
    Removing stm32f4xx_rtc.o(.ARM.exidx.text.RTC_GetITStatus), (8 bytes).
    Removing stm32f4xx_rtc.o(.text.RTC_ClearITPendingBit), (44 bytes).
    Removing stm32f4xx_rtc.o(.ARM.exidx.text.RTC_ClearITPendingBit), (8 bytes).
    Removing stm32f4xx_sai.o(.text), (0 bytes).
    Removing stm32f4xx_sai.o(.text.SAI_DeInit), (50 bytes).
    Removing stm32f4xx_sai.o(.ARM.exidx.text.SAI_DeInit), (8 bytes).
    Removing stm32f4xx_sai.o(.text.SAI_Init), (122 bytes).
    Removing stm32f4xx_sai.o(.ARM.exidx.text.SAI_Init), (8 bytes).
    Removing stm32f4xx_sai.o(.text.SAI_FrameInit), (90 bytes).
    Removing stm32f4xx_sai.o(.ARM.exidx.text.SAI_FrameInit), (8 bytes).
    Removing stm32f4xx_sai.o(.text.SAI_SlotInit), (66 bytes).
    Removing stm32f4xx_sai.o(.ARM.exidx.text.SAI_SlotInit), (8 bytes).
    Removing stm32f4xx_sai.o(.text.SAI_StructInit), (56 bytes).
    Removing stm32f4xx_sai.o(.ARM.exidx.text.SAI_StructInit), (8 bytes).
    Removing stm32f4xx_sai.o(.text.SAI_FrameStructInit), (34 bytes).
    Removing stm32f4xx_sai.o(.ARM.exidx.text.SAI_FrameStructInit), (8 bytes).
    Removing stm32f4xx_sai.o(.text.SAI_SlotStructInit), (28 bytes).
    Removing stm32f4xx_sai.o(.ARM.exidx.text.SAI_SlotStructInit), (8 bytes).
    Removing stm32f4xx_sai.o(.text.SAI_Cmd), (44 bytes).
    Removing stm32f4xx_sai.o(.ARM.exidx.text.SAI_Cmd), (8 bytes).
    Removing stm32f4xx_sai.o(.text.SAI_MonoModeConfig), (30 bytes).
    Removing stm32f4xx_sai.o(.ARM.exidx.text.SAI_MonoModeConfig), (8 bytes).
    Removing stm32f4xx_sai.o(.text.SAI_TRIStateConfig), (30 bytes).
    Removing stm32f4xx_sai.o(.ARM.exidx.text.SAI_TRIStateConfig), (8 bytes).
    Removing stm32f4xx_sai.o(.text.SAI_CompandingModeConfig), (30 bytes).
    Removing stm32f4xx_sai.o(.ARM.exidx.text.SAI_CompandingModeConfig), (8 bytes).
    Removing stm32f4xx_sai.o(.text.SAI_MuteModeCmd), (44 bytes).
    Removing stm32f4xx_sai.o(.ARM.exidx.text.SAI_MuteModeCmd), (8 bytes).
    Removing stm32f4xx_sai.o(.text.SAI_MuteValueConfig), (30 bytes).
    Removing stm32f4xx_sai.o(.ARM.exidx.text.SAI_MuteValueConfig), (8 bytes).
    Removing stm32f4xx_sai.o(.text.SAI_MuteFrameCounterConfig), (32 bytes).
    Removing stm32f4xx_sai.o(.ARM.exidx.text.SAI_MuteFrameCounterConfig), (8 bytes).
    Removing stm32f4xx_sai.o(.text.SAI_BlockSynchroConfig), (72 bytes).
    Removing stm32f4xx_sai.o(.ARM.exidx.text.SAI_BlockSynchroConfig), (8 bytes).
    Removing stm32f4xx_sai.o(.text.SAI_FlushFIFO), (18 bytes).
    Removing stm32f4xx_sai.o(.ARM.exidx.text.SAI_FlushFIFO), (8 bytes).
    Removing stm32f4xx_sai.o(.text.SAI_ReceiveData), (12 bytes).
    Removing stm32f4xx_sai.o(.ARM.exidx.text.SAI_ReceiveData), (8 bytes).
    Removing stm32f4xx_sai.o(.text.SAI_SendData), (16 bytes).
    Removing stm32f4xx_sai.o(.ARM.exidx.text.SAI_SendData), (8 bytes).
    Removing stm32f4xx_sai.o(.text.SAI_DMACmd), (44 bytes).
    Removing stm32f4xx_sai.o(.ARM.exidx.text.SAI_DMACmd), (8 bytes).
    Removing stm32f4xx_sai.o(.text.SAI_ITConfig), (46 bytes).
    Removing stm32f4xx_sai.o(.ARM.exidx.text.SAI_ITConfig), (8 bytes).
    Removing stm32f4xx_sai.o(.text.SAI_GetFlagStatus), (48 bytes).
    Removing stm32f4xx_sai.o(.ARM.exidx.text.SAI_GetFlagStatus), (8 bytes).
    Removing stm32f4xx_sai.o(.text.SAI_ClearFlag), (20 bytes).
    Removing stm32f4xx_sai.o(.ARM.exidx.text.SAI_ClearFlag), (8 bytes).
    Removing stm32f4xx_sai.o(.text.SAI_GetITStatus), (66 bytes).
    Removing stm32f4xx_sai.o(.ARM.exidx.text.SAI_GetITStatus), (8 bytes).
    Removing stm32f4xx_sai.o(.text.SAI_ClearITPendingBit), (20 bytes).
    Removing stm32f4xx_sai.o(.ARM.exidx.text.SAI_ClearITPendingBit), (8 bytes).
    Removing stm32f4xx_sai.o(.text.SAI_GetCmdStatus), (46 bytes).
    Removing stm32f4xx_sai.o(.ARM.exidx.text.SAI_GetCmdStatus), (8 bytes).
    Removing stm32f4xx_sai.o(.text.SAI_GetFIFOStatus), (24 bytes).
    Removing stm32f4xx_sai.o(.ARM.exidx.text.SAI_GetFIFOStatus), (8 bytes).
    Removing stm32f4xx_sdio.o(.text), (0 bytes).
    Removing stm32f4xx_sdio.o(.text.SDIO_DeInit), (28 bytes).
    Removing stm32f4xx_sdio.o(.ARM.exidx.text.SDIO_DeInit), (8 bytes).
    Removing stm32f4xx_sdio.o(.text.SDIO_Init), (78 bytes).
    Removing stm32f4xx_sdio.o(.ARM.exidx.text.SDIO_Init), (8 bytes).
    Removing stm32f4xx_sdio.o(.text.SDIO_StructInit), (34 bytes).
    Removing stm32f4xx_sdio.o(.ARM.exidx.text.SDIO_StructInit), (8 bytes).
    Removing stm32f4xx_sdio.o(.text.SDIO_ClockCmd), (24 bytes).
    Removing stm32f4xx_sdio.o(.ARM.exidx.text.SDIO_ClockCmd), (8 bytes).
    Removing stm32f4xx_sdio.o(.text.SDIO_SetPowerState), (20 bytes).
    Removing stm32f4xx_sdio.o(.ARM.exidx.text.SDIO_SetPowerState), (8 bytes).
    Removing stm32f4xx_sdio.o(.text.SDIO_GetPowerState), (16 bytes).
    Removing stm32f4xx_sdio.o(.ARM.exidx.text.SDIO_GetPowerState), (8 bytes).
    Removing stm32f4xx_sdio.o(.text.SDIO_SendCommand), (78 bytes).
    Removing stm32f4xx_sdio.o(.ARM.exidx.text.SDIO_SendCommand), (8 bytes).
    Removing stm32f4xx_sdio.o(.text.SDIO_CmdStructInit), (30 bytes).
    Removing stm32f4xx_sdio.o(.ARM.exidx.text.SDIO_CmdStructInit), (8 bytes).
    Removing stm32f4xx_sdio.o(.text.SDIO_GetCommandResponse), (14 bytes).
    Removing stm32f4xx_sdio.o(.ARM.exidx.text.SDIO_GetCommandResponse), (8 bytes).
    Removing stm32f4xx_sdio.o(.text.SDIO_GetResponse), (30 bytes).
    Removing stm32f4xx_sdio.o(.ARM.exidx.text.SDIO_GetResponse), (8 bytes).
    Removing stm32f4xx_sdio.o(.text.SDIO_DataConfig), (90 bytes).
    Removing stm32f4xx_sdio.o(.ARM.exidx.text.SDIO_DataConfig), (8 bytes).
    Removing stm32f4xx_sdio.o(.text.SDIO_DataStructInit), (38 bytes).
    Removing stm32f4xx_sdio.o(.ARM.exidx.text.SDIO_DataStructInit), (8 bytes).
    Removing stm32f4xx_sdio.o(.text.SDIO_GetDataCounter), (12 bytes).
    Removing stm32f4xx_sdio.o(.ARM.exidx.text.SDIO_GetDataCounter), (8 bytes).
    Removing stm32f4xx_sdio.o(.text.SDIO_ReadData), (12 bytes).
    Removing stm32f4xx_sdio.o(.ARM.exidx.text.SDIO_ReadData), (8 bytes).
    Removing stm32f4xx_sdio.o(.text.SDIO_WriteData), (20 bytes).
    Removing stm32f4xx_sdio.o(.ARM.exidx.text.SDIO_WriteData), (8 bytes).
    Removing stm32f4xx_sdio.o(.text.SDIO_GetFIFOCount), (12 bytes).
    Removing stm32f4xx_sdio.o(.ARM.exidx.text.SDIO_GetFIFOCount), (8 bytes).
    Removing stm32f4xx_sdio.o(.text.SDIO_StartSDIOReadWait), (24 bytes).
    Removing stm32f4xx_sdio.o(.ARM.exidx.text.SDIO_StartSDIOReadWait), (8 bytes).
    Removing stm32f4xx_sdio.o(.text.SDIO_StopSDIOReadWait), (24 bytes).
    Removing stm32f4xx_sdio.o(.ARM.exidx.text.SDIO_StopSDIOReadWait), (8 bytes).
    Removing stm32f4xx_sdio.o(.text.SDIO_SetSDIOReadWaitMode), (20 bytes).
    Removing stm32f4xx_sdio.o(.ARM.exidx.text.SDIO_SetSDIOReadWaitMode), (8 bytes).
    Removing stm32f4xx_sdio.o(.text.SDIO_SetSDIOOperation), (24 bytes).
    Removing stm32f4xx_sdio.o(.ARM.exidx.text.SDIO_SetSDIOOperation), (8 bytes).
    Removing stm32f4xx_sdio.o(.text.SDIO_SendSDIOSuspendCmd), (24 bytes).
    Removing stm32f4xx_sdio.o(.ARM.exidx.text.SDIO_SendSDIOSuspendCmd), (8 bytes).
    Removing stm32f4xx_sdio.o(.text.SDIO_CommandCompletionCmd), (24 bytes).
    Removing stm32f4xx_sdio.o(.ARM.exidx.text.SDIO_CommandCompletionCmd), (8 bytes).
    Removing stm32f4xx_sdio.o(.text.SDIO_CEATAITCmd), (28 bytes).
    Removing stm32f4xx_sdio.o(.ARM.exidx.text.SDIO_CEATAITCmd), (8 bytes).
    Removing stm32f4xx_sdio.o(.text.SDIO_SendCEATACmd), (24 bytes).
    Removing stm32f4xx_sdio.o(.ARM.exidx.text.SDIO_SendCEATACmd), (8 bytes).
    Removing stm32f4xx_sdio.o(.text.SDIO_DMACmd), (24 bytes).
    Removing stm32f4xx_sdio.o(.ARM.exidx.text.SDIO_DMACmd), (8 bytes).
    Removing stm32f4xx_sdio.o(.text.SDIO_ITConfig), (56 bytes).
    Removing stm32f4xx_sdio.o(.ARM.exidx.text.SDIO_ITConfig), (8 bytes).
    Removing stm32f4xx_sdio.o(.text.SDIO_GetFlagStatus), (52 bytes).
    Removing stm32f4xx_sdio.o(.ARM.exidx.text.SDIO_GetFlagStatus), (8 bytes).
    Removing stm32f4xx_sdio.o(.text.SDIO_ClearFlag), (20 bytes).
    Removing stm32f4xx_sdio.o(.ARM.exidx.text.SDIO_ClearFlag), (8 bytes).
    Removing stm32f4xx_sdio.o(.text.SDIO_GetITStatus), (52 bytes).
    Removing stm32f4xx_sdio.o(.ARM.exidx.text.SDIO_GetITStatus), (8 bytes).
    Removing stm32f4xx_sdio.o(.text.SDIO_ClearITPendingBit), (20 bytes).
    Removing stm32f4xx_sdio.o(.ARM.exidx.text.SDIO_ClearITPendingBit), (8 bytes).
    Removing stm32f4xx_spdifrx.o(.text), (0 bytes).
    Removing stm32f4xx_spi.o(.text), (0 bytes).
    Removing stm32f4xx_spi.o(.text.SPI_I2S_DeInit), (248 bytes).
    Removing stm32f4xx_spi.o(.ARM.exidx.text.SPI_I2S_DeInit), (8 bytes).
    Removing stm32f4xx_spi.o(.text.SPI_Init), (104 bytes).
    Removing stm32f4xx_spi.o(.ARM.exidx.text.SPI_Init), (8 bytes).
    Removing stm32f4xx_spi.o(.text.I2S_Init), (498 bytes).
    Removing stm32f4xx_spi.o(.ARM.exidx.text.I2S_Init), (8 bytes).
    Removing stm32f4xx_spi.o(.text.SPI_StructInit), (48 bytes).
    Removing stm32f4xx_spi.o(.ARM.exidx.text.SPI_StructInit), (8 bytes).
    Removing stm32f4xx_spi.o(.text.I2S_StructInit), (36 bytes).
    Removing stm32f4xx_spi.o(.ARM.exidx.text.I2S_StructInit), (8 bytes).
    Removing stm32f4xx_spi.o(.text.SPI_Cmd), (44 bytes).
    Removing stm32f4xx_spi.o(.ARM.exidx.text.SPI_Cmd), (8 bytes).
    Removing stm32f4xx_spi.o(.text.I2S_Cmd), (44 bytes).
    Removing stm32f4xx_spi.o(.ARM.exidx.text.I2S_Cmd), (8 bytes).
    Removing stm32f4xx_spi.o(.text.SPI_DataSizeConfig), (34 bytes).
    Removing stm32f4xx_spi.o(.ARM.exidx.text.SPI_DataSizeConfig), (8 bytes).
    Removing stm32f4xx_spi.o(.text.SPI_BiDirectionalLineConfig), (48 bytes).
    Removing stm32f4xx_spi.o(.ARM.exidx.text.SPI_BiDirectionalLineConfig), (8 bytes).
    Removing stm32f4xx_spi.o(.text.SPI_NSSInternalSoftwareConfig), (50 bytes).
    Removing stm32f4xx_spi.o(.ARM.exidx.text.SPI_NSSInternalSoftwareConfig), (8 bytes).
    Removing stm32f4xx_spi.o(.text.SPI_SSOutputCmd), (44 bytes).
    Removing stm32f4xx_spi.o(.ARM.exidx.text.SPI_SSOutputCmd), (8 bytes).
    Removing stm32f4xx_spi.o(.text.SPI_TIModeCmd), (44 bytes).
    Removing stm32f4xx_spi.o(.ARM.exidx.text.SPI_TIModeCmd), (8 bytes).
    Removing stm32f4xx_spi.o(.text.I2S_FullDuplexConfig), (150 bytes).
    Removing stm32f4xx_spi.o(.ARM.exidx.text.I2S_FullDuplexConfig), (8 bytes).
    Removing stm32f4xx_spi.o(.text.SPI_I2S_ReceiveData), (12 bytes).
    Removing stm32f4xx_spi.o(.ARM.exidx.text.SPI_I2S_ReceiveData), (8 bytes).
    Removing stm32f4xx_spi.o(.text.SPI_I2S_SendData), (20 bytes).
    Removing stm32f4xx_spi.o(.ARM.exidx.text.SPI_I2S_SendData), (8 bytes).
    Removing stm32f4xx_spi.o(.text.SPI_CalculateCRC), (44 bytes).
    Removing stm32f4xx_spi.o(.ARM.exidx.text.SPI_CalculateCRC), (8 bytes).
    Removing stm32f4xx_spi.o(.text.SPI_TransmitCRC), (18 bytes).
    Removing stm32f4xx_spi.o(.ARM.exidx.text.SPI_TransmitCRC), (8 bytes).
    Removing stm32f4xx_spi.o(.text.SPI_GetCRC), (52 bytes).
    Removing stm32f4xx_spi.o(.ARM.exidx.text.SPI_GetCRC), (8 bytes).
    Removing stm32f4xx_spi.o(.text.SPI_GetCRCPolynomial), (12 bytes).
    Removing stm32f4xx_spi.o(.ARM.exidx.text.SPI_GetCRCPolynomial), (8 bytes).
    Removing stm32f4xx_spi.o(.text.SPI_I2S_DMACmd), (52 bytes).
    Removing stm32f4xx_spi.o(.ARM.exidx.text.SPI_I2S_DMACmd), (8 bytes).
    Removing stm32f4xx_spi.o(.text.SPI_I2S_ITConfig), (84 bytes).
    Removing stm32f4xx_spi.o(.ARM.exidx.text.SPI_I2S_ITConfig), (8 bytes).
    Removing stm32f4xx_spi.o(.text.SPI_I2S_GetFlagStatus), (54 bytes).
    Removing stm32f4xx_spi.o(.ARM.exidx.text.SPI_I2S_GetFlagStatus), (8 bytes).
    Removing stm32f4xx_spi.o(.text.SPI_I2S_ClearFlag), (22 bytes).
    Removing stm32f4xx_spi.o(.ARM.exidx.text.SPI_I2S_ClearFlag), (8 bytes).
    Removing stm32f4xx_spi.o(.text.SPI_I2S_GetITStatus), (126 bytes).
    Removing stm32f4xx_spi.o(.ARM.exidx.text.SPI_I2S_GetITStatus), (8 bytes).
    Removing stm32f4xx_spi.o(.text.SPI_I2S_ClearITPendingBit), (44 bytes).
    Removing stm32f4xx_spi.o(.ARM.exidx.text.SPI_I2S_ClearITPendingBit), (8 bytes).
    Removing stm32f4xx_syscfg.o(.text), (0 bytes).
    Removing stm32f4xx_syscfg.o(.text.SYSCFG_DeInit), (28 bytes).
    Removing stm32f4xx_syscfg.o(.ARM.exidx.text.SYSCFG_DeInit), (8 bytes).
    Removing stm32f4xx_syscfg.o(.text.SYSCFG_MemoryRemapConfig), (24 bytes).
    Removing stm32f4xx_syscfg.o(.ARM.exidx.text.SYSCFG_MemoryRemapConfig), (8 bytes).
    Removing stm32f4xx_syscfg.o(.text.SYSCFG_MemorySwappingBank), (22 bytes).
    Removing stm32f4xx_syscfg.o(.ARM.exidx.text.SYSCFG_MemorySwappingBank), (8 bytes).
    Removing stm32f4xx_syscfg.o(.text.SYSCFG_EXTILineConfig), (86 bytes).
    Removing stm32f4xx_syscfg.o(.ARM.exidx.text.SYSCFG_EXTILineConfig), (8 bytes).
    Removing stm32f4xx_syscfg.o(.text.SYSCFG_ETH_MediaInterfaceConfig), (18 bytes).
    Removing stm32f4xx_syscfg.o(.ARM.exidx.text.SYSCFG_ETH_MediaInterfaceConfig), (8 bytes).
    Removing stm32f4xx_syscfg.o(.text.SYSCFG_CompensationCellCmd), (24 bytes).
    Removing stm32f4xx_syscfg.o(.ARM.exidx.text.SYSCFG_CompensationCellCmd), (8 bytes).
    Removing stm32f4xx_syscfg.o(.text.SYSCFG_GetCompensationCellStatus), (50 bytes).
    Removing stm32f4xx_syscfg.o(.ARM.exidx.text.SYSCFG_GetCompensationCellStatus), (8 bytes).
    Removing stm32f4xx_tim.o(.text), (0 bytes).
    Removing stm32f4xx_tim.o(.text.TIM_DeInit), (540 bytes).
    Removing stm32f4xx_tim.o(.ARM.exidx.text.TIM_DeInit), (8 bytes).
    Removing stm32f4xx_tim.o(.text.TIM_TimeBaseInit), (270 bytes).
    Removing stm32f4xx_tim.o(.ARM.exidx.text.TIM_TimeBaseInit), (8 bytes).
    Removing stm32f4xx_tim.o(.text.TIM_TimeBaseStructInit), (34 bytes).
    Removing stm32f4xx_tim.o(.ARM.exidx.text.TIM_TimeBaseStructInit), (8 bytes).
    Removing stm32f4xx_tim.o(.text.TIM_PrescalerConfig), (32 bytes).
    Removing stm32f4xx_tim.o(.ARM.exidx.text.TIM_PrescalerConfig), (8 bytes).
    Removing stm32f4xx_tim.o(.text.TIM_CounterModeConfig), (60 bytes).
    Removing stm32f4xx_tim.o(.ARM.exidx.text.TIM_CounterModeConfig), (8 bytes).
    Removing stm32f4xx_tim.o(.text.TIM_SetCounter), (16 bytes).
    Removing stm32f4xx_tim.o(.ARM.exidx.text.TIM_SetCounter), (8 bytes).
    Removing stm32f4xx_tim.o(.text.TIM_SetAutoreload), (16 bytes).
    Removing stm32f4xx_tim.o(.ARM.exidx.text.TIM_SetAutoreload), (8 bytes).
    Removing stm32f4xx_tim.o(.text.TIM_GetCounter), (12 bytes).
    Removing stm32f4xx_tim.o(.ARM.exidx.text.TIM_GetCounter), (8 bytes).
    Removing stm32f4xx_tim.o(.text.TIM_GetPrescaler), (12 bytes).
    Removing stm32f4xx_tim.o(.ARM.exidx.text.TIM_GetPrescaler), (8 bytes).
    Removing stm32f4xx_tim.o(.text.TIM_UpdateDisableConfig), (44 bytes).
    Removing stm32f4xx_tim.o(.ARM.exidx.text.TIM_UpdateDisableConfig), (8 bytes).
    Removing stm32f4xx_tim.o(.text.TIM_UpdateRequestConfig), (44 bytes).
    Removing stm32f4xx_tim.o(.ARM.exidx.text.TIM_UpdateRequestConfig), (8 bytes).
    Removing stm32f4xx_tim.o(.text.TIM_ARRPreloadConfig), (44 bytes).
    Removing stm32f4xx_tim.o(.ARM.exidx.text.TIM_ARRPreloadConfig), (8 bytes).
    Removing stm32f4xx_tim.o(.text.TIM_SelectOnePulseMode), (34 bytes).
    Removing stm32f4xx_tim.o(.ARM.exidx.text.TIM_SelectOnePulseMode), (8 bytes).
    Removing stm32f4xx_tim.o(.text.TIM_SetClockDivision), (34 bytes).
    Removing stm32f4xx_tim.o(.ARM.exidx.text.TIM_SetClockDivision), (8 bytes).
    Removing stm32f4xx_tim.o(.text.TIM_Cmd), (44 bytes).
    Removing stm32f4xx_tim.o(.ARM.exidx.text.TIM_Cmd), (8 bytes).
    Removing stm32f4xx_tim.o(.text.TIM_OC1Init), (304 bytes).
    Removing stm32f4xx_tim.o(.ARM.exidx.text.TIM_OC1Init), (8 bytes).
    Removing stm32f4xx_tim.o(.text.TIM_OC2Init), (318 bytes).
    Removing stm32f4xx_tim.o(.ARM.exidx.text.TIM_OC2Init), (8 bytes).
    Removing stm32f4xx_tim.o(.text.TIM_OC3Init), (316 bytes).
    Removing stm32f4xx_tim.o(.ARM.exidx.text.TIM_OC3Init), (8 bytes).
    Removing stm32f4xx_tim.o(.text.TIM_OC4Init), (234 bytes).
    Removing stm32f4xx_tim.o(.ARM.exidx.text.TIM_OC4Init), (8 bytes).
    Removing stm32f4xx_tim.o(.text.TIM_OCStructInit), (42 bytes).
    Removing stm32f4xx_tim.o(.ARM.exidx.text.TIM_OCStructInit), (8 bytes).
    Removing stm32f4xx_tim.o(.text.TIM_SelectOCxM), (160 bytes).
    Removing stm32f4xx_tim.o(.ARM.exidx.text.TIM_SelectOCxM), (8 bytes).
    Removing stm32f4xx_tim.o(.text.TIM_SetCompare1), (16 bytes).
    Removing stm32f4xx_tim.o(.ARM.exidx.text.TIM_SetCompare1), (8 bytes).
    Removing stm32f4xx_tim.o(.text.TIM_SetCompare2), (16 bytes).
    Removing stm32f4xx_tim.o(.ARM.exidx.text.TIM_SetCompare2), (8 bytes).
    Removing stm32f4xx_tim.o(.text.TIM_SetCompare3), (16 bytes).
    Removing stm32f4xx_tim.o(.ARM.exidx.text.TIM_SetCompare3), (8 bytes).
    Removing stm32f4xx_tim.o(.text.TIM_SetCompare4), (16 bytes).
    Removing stm32f4xx_tim.o(.ARM.exidx.text.TIM_SetCompare4), (8 bytes).
    Removing stm32f4xx_tim.o(.text.TIM_ForcedOC1Config), (60 bytes).
    Removing stm32f4xx_tim.o(.ARM.exidx.text.TIM_ForcedOC1Config), (8 bytes).
    Removing stm32f4xx_tim.o(.text.TIM_ForcedOC2Config), (62 bytes).
    Removing stm32f4xx_tim.o(.ARM.exidx.text.TIM_ForcedOC2Config), (8 bytes).
    Removing stm32f4xx_tim.o(.text.TIM_ForcedOC3Config), (60 bytes).
    Removing stm32f4xx_tim.o(.ARM.exidx.text.TIM_ForcedOC3Config), (8 bytes).
    Removing stm32f4xx_tim.o(.text.TIM_ForcedOC4Config), (62 bytes).
    Removing stm32f4xx_tim.o(.ARM.exidx.text.TIM_ForcedOC4Config), (8 bytes).
    Removing stm32f4xx_tim.o(.text.TIM_OC1PreloadConfig), (60 bytes).
    Removing stm32f4xx_tim.o(.ARM.exidx.text.TIM_OC1PreloadConfig), (8 bytes).
    Removing stm32f4xx_tim.o(.text.TIM_OC2PreloadConfig), (62 bytes).
    Removing stm32f4xx_tim.o(.ARM.exidx.text.TIM_OC2PreloadConfig), (8 bytes).
    Removing stm32f4xx_tim.o(.text.TIM_OC3PreloadConfig), (60 bytes).
    Removing stm32f4xx_tim.o(.ARM.exidx.text.TIM_OC3PreloadConfig), (8 bytes).
    Removing stm32f4xx_tim.o(.text.TIM_OC4PreloadConfig), (62 bytes).
    Removing stm32f4xx_tim.o(.ARM.exidx.text.TIM_OC4PreloadConfig), (8 bytes).
    Removing stm32f4xx_tim.o(.text.TIM_OC1FastConfig), (60 bytes).
    Removing stm32f4xx_tim.o(.ARM.exidx.text.TIM_OC1FastConfig), (8 bytes).
    Removing stm32f4xx_tim.o(.text.TIM_OC2FastConfig), (62 bytes).
    Removing stm32f4xx_tim.o(.ARM.exidx.text.TIM_OC2FastConfig), (8 bytes).
    Removing stm32f4xx_tim.o(.text.TIM_OC3FastConfig), (60 bytes).
    Removing stm32f4xx_tim.o(.ARM.exidx.text.TIM_OC3FastConfig), (8 bytes).
    Removing stm32f4xx_tim.o(.text.TIM_OC4FastConfig), (62 bytes).
    Removing stm32f4xx_tim.o(.ARM.exidx.text.TIM_OC4FastConfig), (8 bytes).
    Removing stm32f4xx_tim.o(.text.TIM_ClearOC1Ref), (60 bytes).
    Removing stm32f4xx_tim.o(.ARM.exidx.text.TIM_ClearOC1Ref), (8 bytes).
    Removing stm32f4xx_tim.o(.text.TIM_ClearOC2Ref), (62 bytes).
    Removing stm32f4xx_tim.o(.ARM.exidx.text.TIM_ClearOC2Ref), (8 bytes).
    Removing stm32f4xx_tim.o(.text.TIM_ClearOC3Ref), (60 bytes).
    Removing stm32f4xx_tim.o(.ARM.exidx.text.TIM_ClearOC3Ref), (8 bytes).
    Removing stm32f4xx_tim.o(.text.TIM_ClearOC4Ref), (62 bytes).
    Removing stm32f4xx_tim.o(.ARM.exidx.text.TIM_ClearOC4Ref), (8 bytes).
    Removing stm32f4xx_tim.o(.text.TIM_OC1PolarityConfig), (60 bytes).
    Removing stm32f4xx_tim.o(.ARM.exidx.text.TIM_OC1PolarityConfig), (8 bytes).
    Removing stm32f4xx_tim.o(.text.TIM_OC1NPolarityConfig), (60 bytes).
    Removing stm32f4xx_tim.o(.ARM.exidx.text.TIM_OC1NPolarityConfig), (8 bytes).
    Removing stm32f4xx_tim.o(.text.TIM_OC2PolarityConfig), (62 bytes).
    Removing stm32f4xx_tim.o(.ARM.exidx.text.TIM_OC2PolarityConfig), (8 bytes).
    Removing stm32f4xx_tim.o(.text.TIM_OC2NPolarityConfig), (62 bytes).
    Removing stm32f4xx_tim.o(.ARM.exidx.text.TIM_OC2NPolarityConfig), (8 bytes).
    Removing stm32f4xx_tim.o(.text.TIM_OC3PolarityConfig), (62 bytes).
    Removing stm32f4xx_tim.o(.ARM.exidx.text.TIM_OC3PolarityConfig), (8 bytes).
    Removing stm32f4xx_tim.o(.text.TIM_OC3NPolarityConfig), (62 bytes).
    Removing stm32f4xx_tim.o(.ARM.exidx.text.TIM_OC3NPolarityConfig), (8 bytes).
    Removing stm32f4xx_tim.o(.text.TIM_OC4PolarityConfig), (62 bytes).
    Removing stm32f4xx_tim.o(.ARM.exidx.text.TIM_OC4PolarityConfig), (8 bytes).
    Removing stm32f4xx_tim.o(.text.TIM_CCxCmd), (66 bytes).
    Removing stm32f4xx_tim.o(.ARM.exidx.text.TIM_CCxCmd), (8 bytes).
    Removing stm32f4xx_tim.o(.text.TIM_CCxNCmd), (66 bytes).
    Removing stm32f4xx_tim.o(.ARM.exidx.text.TIM_CCxNCmd), (8 bytes).
    Removing stm32f4xx_tim.o(.text.TIM_ICInit), (148 bytes).
    Removing stm32f4xx_tim.o(.ARM.exidx.text.TIM_ICInit), (8 bytes).
    Removing stm32f4xx_tim.o(.text.TI1_Config), (136 bytes).
    Removing stm32f4xx_tim.o(.ARM.exidx.text.TI1_Config), (8 bytes).
    Removing stm32f4xx_tim.o(.text.TIM_SetIC1Prescaler), (34 bytes).
    Removing stm32f4xx_tim.o(.ARM.exidx.text.TIM_SetIC1Prescaler), (8 bytes).
    Removing stm32f4xx_tim.o(.text.TI2_Config), (162 bytes).
    Removing stm32f4xx_tim.o(.ARM.exidx.text.TI2_Config), (8 bytes).
    Removing stm32f4xx_tim.o(.text.TIM_SetIC2Prescaler), (36 bytes).
    Removing stm32f4xx_tim.o(.ARM.exidx.text.TIM_SetIC2Prescaler), (8 bytes).
    Removing stm32f4xx_tim.o(.text.TI3_Config), (150 bytes).
    Removing stm32f4xx_tim.o(.ARM.exidx.text.TI3_Config), (8 bytes).
    Removing stm32f4xx_tim.o(.text.TIM_SetIC3Prescaler), (34 bytes).
    Removing stm32f4xx_tim.o(.ARM.exidx.text.TIM_SetIC3Prescaler), (8 bytes).
    Removing stm32f4xx_tim.o(.text.TI4_Config), (164 bytes).
    Removing stm32f4xx_tim.o(.ARM.exidx.text.TI4_Config), (8 bytes).
    Removing stm32f4xx_tim.o(.text.TIM_SetIC4Prescaler), (36 bytes).
    Removing stm32f4xx_tim.o(.ARM.exidx.text.TIM_SetIC4Prescaler), (8 bytes).
    Removing stm32f4xx_tim.o(.text.TIM_ICStructInit), (32 bytes).
    Removing stm32f4xx_tim.o(.ARM.exidx.text.TIM_ICStructInit), (8 bytes).
    Removing stm32f4xx_tim.o(.text.TIM_PWMIConfig), (190 bytes).
    Removing stm32f4xx_tim.o(.ARM.exidx.text.TIM_PWMIConfig), (8 bytes).
    Removing stm32f4xx_tim.o(.text.TIM_GetCapture1), (12 bytes).
    Removing stm32f4xx_tim.o(.ARM.exidx.text.TIM_GetCapture1), (8 bytes).
    Removing stm32f4xx_tim.o(.text.TIM_GetCapture2), (12 bytes).
    Removing stm32f4xx_tim.o(.ARM.exidx.text.TIM_GetCapture2), (8 bytes).
    Removing stm32f4xx_tim.o(.text.TIM_GetCapture3), (12 bytes).
    Removing stm32f4xx_tim.o(.ARM.exidx.text.TIM_GetCapture3), (8 bytes).
    Removing stm32f4xx_tim.o(.text.TIM_GetCapture4), (12 bytes).
    Removing stm32f4xx_tim.o(.ARM.exidx.text.TIM_GetCapture4), (8 bytes).
    Removing stm32f4xx_tim.o(.text.TIM_BDTRConfig), (44 bytes).
    Removing stm32f4xx_tim.o(.ARM.exidx.text.TIM_BDTRConfig), (8 bytes).
    Removing stm32f4xx_tim.o(.text.TIM_BDTRStructInit), (38 bytes).
    Removing stm32f4xx_tim.o(.ARM.exidx.text.TIM_BDTRStructInit), (8 bytes).
    Removing stm32f4xx_tim.o(.text.TIM_CtrlPWMOutputs), (52 bytes).
    Removing stm32f4xx_tim.o(.ARM.exidx.text.TIM_CtrlPWMOutputs), (8 bytes).
    Removing stm32f4xx_tim.o(.text.TIM_SelectCOM), (44 bytes).
    Removing stm32f4xx_tim.o(.ARM.exidx.text.TIM_SelectCOM), (8 bytes).
    Removing stm32f4xx_tim.o(.text.TIM_CCPreloadControl), (44 bytes).
    Removing stm32f4xx_tim.o(.ARM.exidx.text.TIM_CCPreloadControl), (8 bytes).
    Removing stm32f4xx_tim.o(.text.TIM_ITConfig), (52 bytes).
    Removing stm32f4xx_tim.o(.ARM.exidx.text.TIM_ITConfig), (8 bytes).
    Removing stm32f4xx_tim.o(.text.TIM_GenerateEvent), (20 bytes).
    Removing stm32f4xx_tim.o(.ARM.exidx.text.TIM_GenerateEvent), (8 bytes).
    Removing stm32f4xx_tim.o(.text.TIM_GetFlagStatus), (54 bytes).
    Removing stm32f4xx_tim.o(.ARM.exidx.text.TIM_GetFlagStatus), (8 bytes).
    Removing stm32f4xx_tim.o(.text.TIM_ClearFlag), (22 bytes).
    Removing stm32f4xx_tim.o(.ARM.exidx.text.TIM_ClearFlag), (8 bytes).
    Removing stm32f4xx_tim.o(.text.TIM_GetITStatus), (90 bytes).
    Removing stm32f4xx_tim.o(.ARM.exidx.text.TIM_GetITStatus), (8 bytes).
    Removing stm32f4xx_tim.o(.text.TIM_ClearITPendingBit), (22 bytes).
    Removing stm32f4xx_tim.o(.ARM.exidx.text.TIM_ClearITPendingBit), (8 bytes).
    Removing stm32f4xx_tim.o(.text.TIM_DMAConfig), (32 bytes).
    Removing stm32f4xx_tim.o(.ARM.exidx.text.TIM_DMAConfig), (8 bytes).
    Removing stm32f4xx_tim.o(.text.TIM_DMACmd), (52 bytes).
    Removing stm32f4xx_tim.o(.ARM.exidx.text.TIM_DMACmd), (8 bytes).
    Removing stm32f4xx_tim.o(.text.TIM_SelectCCDMA), (44 bytes).
    Removing stm32f4xx_tim.o(.ARM.exidx.text.TIM_SelectCCDMA), (8 bytes).
    Removing stm32f4xx_tim.o(.text.TIM_InternalClockConfig), (18 bytes).
    Removing stm32f4xx_tim.o(.ARM.exidx.text.TIM_InternalClockConfig), (8 bytes).
    Removing stm32f4xx_tim.o(.text.TIM_ITRxExternalClockConfig), (34 bytes).
    Removing stm32f4xx_tim.o(.ARM.exidx.text.TIM_ITRxExternalClockConfig), (8 bytes).
    Removing stm32f4xx_tim.o(.text.TIM_SelectInputTrigger), (60 bytes).
    Removing stm32f4xx_tim.o(.ARM.exidx.text.TIM_SelectInputTrigger), (8 bytes).
    Removing stm32f4xx_tim.o(.text.TIM_TIxExternalClockConfig), (88 bytes).
    Removing stm32f4xx_tim.o(.ARM.exidx.text.TIM_TIxExternalClockConfig), (8 bytes).
    Removing stm32f4xx_tim.o(.text.TIM_ETRClockMode1Config), (110 bytes).
    Removing stm32f4xx_tim.o(.ARM.exidx.text.TIM_ETRClockMode1Config), (8 bytes).
    Removing stm32f4xx_tim.o(.text.TIM_ETRConfig), (78 bytes).
    Removing stm32f4xx_tim.o(.ARM.exidx.text.TIM_ETRConfig), (8 bytes).
    Removing stm32f4xx_tim.o(.text.TIM_ETRClockMode2Config), (50 bytes).
    Removing stm32f4xx_tim.o(.ARM.exidx.text.TIM_ETRClockMode2Config), (8 bytes).
    Removing stm32f4xx_tim.o(.text.TIM_SelectOutputTrigger), (34 bytes).
    Removing stm32f4xx_tim.o(.ARM.exidx.text.TIM_SelectOutputTrigger), (8 bytes).
    Removing stm32f4xx_tim.o(.text.TIM_SelectSlaveMode), (34 bytes).
    Removing stm32f4xx_tim.o(.ARM.exidx.text.TIM_SelectSlaveMode), (8 bytes).
    Removing stm32f4xx_tim.o(.text.TIM_SelectMasterSlaveMode), (34 bytes).
    Removing stm32f4xx_tim.o(.ARM.exidx.text.TIM_SelectMasterSlaveMode), (8 bytes).
    Removing stm32f4xx_tim.o(.text.TIM_EncoderInterfaceConfig), (170 bytes).
    Removing stm32f4xx_tim.o(.ARM.exidx.text.TIM_EncoderInterfaceConfig), (8 bytes).
    Removing stm32f4xx_tim.o(.text.TIM_SelectHallSensor), (44 bytes).
    Removing stm32f4xx_tim.o(.ARM.exidx.text.TIM_SelectHallSensor), (8 bytes).
    Removing stm32f4xx_tim.o(.text.TIM_RemapConfig), (22 bytes).
    Removing stm32f4xx_tim.o(.ARM.exidx.text.TIM_RemapConfig), (8 bytes).
    Removing stm32f4xx_usart.o(.text), (0 bytes).
    Removing stm32f4xx_usart.o(.text.USART_DeInit), (324 bytes).
    Removing stm32f4xx_usart.o(.ARM.exidx.text.USART_DeInit), (8 bytes).
    Removing stm32f4xx_usart.o(.ARM.exidx.text.USART_Init), (8 bytes).
    Removing stm32f4xx_usart.o(.text.USART_StructInit), (40 bytes).
    Removing stm32f4xx_usart.o(.ARM.exidx.text.USART_StructInit), (8 bytes).
    Removing stm32f4xx_usart.o(.text.USART_ClockInit), (56 bytes).
    Removing stm32f4xx_usart.o(.ARM.exidx.text.USART_ClockInit), (8 bytes).
    Removing stm32f4xx_usart.o(.text.USART_ClockStructInit), (26 bytes).
    Removing stm32f4xx_usart.o(.ARM.exidx.text.USART_ClockStructInit), (8 bytes).
    Removing stm32f4xx_usart.o(.ARM.exidx.text.USART_Cmd), (8 bytes).
    Removing stm32f4xx_usart.o(.text.USART_SetPrescaler), (34 bytes).
    Removing stm32f4xx_usart.o(.ARM.exidx.text.USART_SetPrescaler), (8 bytes).
    Removing stm32f4xx_usart.o(.text.USART_OverSampling8Cmd), (44 bytes).
    Removing stm32f4xx_usart.o(.ARM.exidx.text.USART_OverSampling8Cmd), (8 bytes).
    Removing stm32f4xx_usart.o(.text.USART_OneBitMethodCmd), (44 bytes).
    Removing stm32f4xx_usart.o(.ARM.exidx.text.USART_OneBitMethodCmd), (8 bytes).
    Removing stm32f4xx_usart.o(.ARM.exidx.text.USART_SendData), (8 bytes).
    Removing stm32f4xx_usart.o(.text.USART_ReceiveData), (16 bytes).
    Removing stm32f4xx_usart.o(.ARM.exidx.text.USART_ReceiveData), (8 bytes).
    Removing stm32f4xx_usart.o(.text.USART_SetAddress), (34 bytes).
    Removing stm32f4xx_usart.o(.ARM.exidx.text.USART_SetAddress), (8 bytes).
    Removing stm32f4xx_usart.o(.text.USART_ReceiverWakeUpCmd), (44 bytes).
    Removing stm32f4xx_usart.o(.ARM.exidx.text.USART_ReceiverWakeUpCmd), (8 bytes).
    Removing stm32f4xx_usart.o(.text.USART_WakeUpConfig), (34 bytes).
    Removing stm32f4xx_usart.o(.ARM.exidx.text.USART_WakeUpConfig), (8 bytes).
    Removing stm32f4xx_usart.o(.text.USART_LINBreakDetectLengthConfig), (34 bytes).
    Removing stm32f4xx_usart.o(.ARM.exidx.text.USART_LINBreakDetectLengthConfig), (8 bytes).
    Removing stm32f4xx_usart.o(.text.USART_LINCmd), (44 bytes).
    Removing stm32f4xx_usart.o(.ARM.exidx.text.USART_LINCmd), (8 bytes).
    Removing stm32f4xx_usart.o(.text.USART_SendBreak), (18 bytes).
    Removing stm32f4xx_usart.o(.ARM.exidx.text.USART_SendBreak), (8 bytes).
    Removing stm32f4xx_usart.o(.text.USART_HalfDuplexCmd), (44 bytes).
    Removing stm32f4xx_usart.o(.ARM.exidx.text.USART_HalfDuplexCmd), (8 bytes).
    Removing stm32f4xx_usart.o(.text.USART_SetGuardTime), (34 bytes).
    Removing stm32f4xx_usart.o(.ARM.exidx.text.USART_SetGuardTime), (8 bytes).
    Removing stm32f4xx_usart.o(.text.USART_SmartCardCmd), (44 bytes).
    Removing stm32f4xx_usart.o(.ARM.exidx.text.USART_SmartCardCmd), (8 bytes).
    Removing stm32f4xx_usart.o(.text.USART_SmartCardNACKCmd), (44 bytes).
    Removing stm32f4xx_usart.o(.ARM.exidx.text.USART_SmartCardNACKCmd), (8 bytes).
    Removing stm32f4xx_usart.o(.text.USART_IrDAConfig), (34 bytes).
    Removing stm32f4xx_usart.o(.ARM.exidx.text.USART_IrDAConfig), (8 bytes).
    Removing stm32f4xx_usart.o(.text.USART_IrDACmd), (44 bytes).
    Removing stm32f4xx_usart.o(.ARM.exidx.text.USART_IrDACmd), (8 bytes).
    Removing stm32f4xx_usart.o(.text.USART_DMACmd), (52 bytes).
    Removing stm32f4xx_usart.o(.ARM.exidx.text.USART_DMACmd), (8 bytes).
    Removing stm32f4xx_usart.o(.text.USART_ITConfig), (146 bytes).
    Removing stm32f4xx_usart.o(.ARM.exidx.text.USART_ITConfig), (8 bytes).
    Removing stm32f4xx_usart.o(.ARM.exidx.text.USART_GetFlagStatus), (8 bytes).
    Removing stm32f4xx_usart.o(.text.USART_ClearFlag), (36 bytes).
    Removing stm32f4xx_usart.o(.ARM.exidx.text.USART_ClearFlag), (8 bytes).
    Removing stm32f4xx_usart.o(.text.USART_GetITStatus), (176 bytes).
    Removing stm32f4xx_usart.o(.ARM.exidx.text.USART_GetITStatus), (8 bytes).
    Removing stm32f4xx_usart.o(.text.USART_ClearITPendingBit), (68 bytes).
    Removing stm32f4xx_usart.o(.ARM.exidx.text.USART_ClearITPendingBit), (8 bytes).
    Removing stm32f4xx_wwdg.o(.text), (0 bytes).
    Removing stm32f4xx_wwdg.o(.text.WWDG_DeInit), (28 bytes).
    Removing stm32f4xx_wwdg.o(.ARM.exidx.text.WWDG_DeInit), (8 bytes).
    Removing stm32f4xx_wwdg.o(.text.WWDG_SetPrescaler), (40 bytes).
    Removing stm32f4xx_wwdg.o(.ARM.exidx.text.WWDG_SetPrescaler), (8 bytes).
    Removing stm32f4xx_wwdg.o(.text.WWDG_SetWindowValue), (48 bytes).
    Removing stm32f4xx_wwdg.o(.ARM.exidx.text.WWDG_SetWindowValue), (8 bytes).
    Removing stm32f4xx_wwdg.o(.text.WWDG_EnableIT), (14 bytes).
    Removing stm32f4xx_wwdg.o(.ARM.exidx.text.WWDG_EnableIT), (8 bytes).
    Removing stm32f4xx_wwdg.o(.text.WWDG_SetCounter), (28 bytes).
    Removing stm32f4xx_wwdg.o(.ARM.exidx.text.WWDG_SetCounter), (8 bytes).
    Removing stm32f4xx_wwdg.o(.text.WWDG_Enable), (28 bytes).
    Removing stm32f4xx_wwdg.o(.ARM.exidx.text.WWDG_Enable), (8 bytes).
    Removing stm32f4xx_wwdg.o(.text.WWDG_GetFlagStatus), (46 bytes).
    Removing stm32f4xx_wwdg.o(.ARM.exidx.text.WWDG_GetFlagStatus), (8 bytes).
    Removing stm32f4xx_wwdg.o(.text.WWDG_ClearFlag), (14 bytes).
    Removing stm32f4xx_wwdg.o(.ARM.exidx.text.WWDG_ClearFlag), (8 bytes).
    Removing main.o(.text), (0 bytes).
    Removing main.o(.ARM.exidx.text.main), (8 bytes).
    Removing main.o(.bss.I2c_Buf_Write), (256 bytes).
    Removing main.o(.bss.I2c_Buf_Read), (256 bytes).
    Removing main.o(.ARM.use_no_argv), (4 bytes).
    Removing stm32f4xx_it.o(.text), (0 bytes).
    Removing stm32f4xx_it.o(.ARM.exidx.text.NMI_Handler), (8 bytes).
    Removing stm32f4xx_it.o(.ARM.exidx.text.HardFault_Handler), (8 bytes).
    Removing stm32f4xx_it.o(.ARM.exidx.text.MemManage_Handler), (8 bytes).
    Removing stm32f4xx_it.o(.ARM.exidx.text.BusFault_Handler), (8 bytes).
    Removing stm32f4xx_it.o(.ARM.exidx.text.UsageFault_Handler), (8 bytes).
    Removing stm32f4xx_it.o(.ARM.exidx.text.DebugMon_Handler), (8 bytes).
    Removing stm32f4xx_it.o(.ARM.exidx.text.SVC_Handler), (8 bytes).
    Removing stm32f4xx_it.o(.ARM.exidx.text.PendSV_Handler), (8 bytes).
    Removing stm32f4xx_it.o(.ARM.exidx.text.SysTick_Handler), (8 bytes).
    Removing bsp_led.o(.text), (0 bytes).
    Removing bsp_led.o(.ARM.exidx.text.LED_GPIO_Config), (8 bytes).
    Removing bsp_debug_usart.o(.text), (0 bytes).
    Removing bsp_debug_usart.o(.ARM.exidx.text.Debug_USART_Config), (8 bytes).
    Removing bsp_debug_usart.o(.ARM.exidx.text.fputc), (8 bytes).
    Removing bsp_debug_usart.o(.text.fgetc), (44 bytes).
    Removing bsp_debug_usart.o(.ARM.exidx.text.fgetc), (8 bytes).
    Removing bsp_i2c_ee.o(.text), (0 bytes).
    Removing bsp_i2c_ee.o(.ARM.exidx.text.ee_CheckOk), (8 bytes).
    Removing bsp_i2c_ee.o(.ARM.exidx.text.ee_ReadBytes), (8 bytes).
    Removing bsp_i2c_ee.o(.ARM.exidx.text.ee_WriteBytes), (8 bytes).
    Removing bsp_i2c_ee.o(.text.ee_Erase), (98 bytes).
    Removing bsp_i2c_ee.o(.ARM.exidx.text.ee_Erase), (8 bytes).
    Removing bsp_i2c_ee.o(.ARM.exidx.text.ee_Test), (8 bytes).
    Removing bsp_i2c_ee.o(.ARM.exidx.text.ee_Delay), (8 bytes).
    Removing bsp_i2c_gpio.o(.text), (0 bytes).
    Removing bsp_i2c_gpio.o(.ARM.exidx.text.i2c_Start), (8 bytes).
    Removing bsp_i2c_gpio.o(.ARM.exidx.text.i2c_Delay), (8 bytes).
    Removing bsp_i2c_gpio.o(.ARM.exidx.text.i2c_Stop), (8 bytes).
    Removing bsp_i2c_gpio.o(.ARM.exidx.text.i2c_SendByte), (8 bytes).
    Removing bsp_i2c_gpio.o(.ARM.exidx.text.i2c_ReadByte), (8 bytes).
    Removing bsp_i2c_gpio.o(.ARM.exidx.text.i2c_WaitAck), (8 bytes).
    Removing bsp_i2c_gpio.o(.ARM.exidx.text.i2c_Ack), (8 bytes).
    Removing bsp_i2c_gpio.o(.ARM.exidx.text.i2c_NAck), (8 bytes).
    Removing bsp_i2c_gpio.o(.ARM.exidx.text.i2c_CheckDevice), (8 bytes).
    Removing bsp_i2c_gpio.o(.ARM.exidx.text.i2c_CfgGpio), (8 bytes).

1503 unused section(s) (total 67064 bytes) removed from the image.

==============================================================================

Image Symbol Table

    Local Symbols

    Symbol Name                              Value     Ov Type        Size  Object(Section)

    ../clib/division.s                       0x00000000   Number         0  aeabi_sdiv.o ABSOLUTE
    ../clib/microlib/division.c              0x00000000   Number         0  uidiv.o ABSOLUTE
    ../clib/microlib/division.c              0x00000000   Number         0  uldiv.o ABSOLUTE
    ../clib/microlib/init/entry.s            0x00000000   Number         0  entry.o ABSOLUTE
    ../clib/microlib/init/entry.s            0x00000000   Number         0  entry2.o ABSOLUTE
    ../clib/microlib/init/entry.s            0x00000000   Number         0  entry5.o ABSOLUTE
    ../clib/microlib/init/entry.s            0x00000000   Number         0  entry7a.o ABSOLUTE
    ../clib/microlib/init/entry.s            0x00000000   Number         0  entry7b.o ABSOLUTE
    ../clib/microlib/init/entry.s            0x00000000   Number         0  entry8a.o ABSOLUTE
    ../clib/microlib/init/entry.s            0x00000000   Number         0  entry8b.o ABSOLUTE
    ../clib/microlib/init/entry.s            0x00000000   Number         0  entry9a.o ABSOLUTE
    ../clib/microlib/init/entry.s            0x00000000   Number         0  entry9b.o ABSOLUTE
    ../clib/microlib/init/entry.s            0x00000000   Number         0  entry10a.o ABSOLUTE
    ../clib/microlib/init/entry.s            0x00000000   Number         0  entry10b.o ABSOLUTE
    ../clib/microlib/init/entry.s            0x00000000   Number         0  entry11a.o ABSOLUTE
    ../clib/microlib/init/entry.s            0x00000000   Number         0  entry11b.o ABSOLUTE
    ../clib/microlib/longlong.c              0x00000000   Number         0  llshl.o ABSOLUTE
    ../clib/microlib/longlong.c              0x00000000   Number         0  llushr.o ABSOLUTE
    ../clib/microlib/longlong.c              0x00000000   Number         0  llsshr.o ABSOLUTE
    ../clib/microlib/printf/printf.c         0x00000000   Number         0  printfa.o ABSOLUTE
    ../clib/microlib/stdio/streams.c         0x00000000   Number         0  stdout.o ABSOLUTE
    ../clib/microlib/stubs.s                 0x00000000   Number         0  iusefp.o ABSOLUTE
    ../fplib/microlib/fpadd.c                0x00000000   Number         0  dadd.o ABSOLUTE
    ../fplib/microlib/fpdiv.c                0x00000000   Number         0  ddiv.o ABSOLUTE
    ../fplib/microlib/fpepilogue.c           0x00000000   Number         0  depilogue.o ABSOLUTE
    ../fplib/microlib/fpfix.c                0x00000000   Number         0  dfixul.o ABSOLUTE
    ../fplib/microlib/fpmul.c                0x00000000   Number         0  dmul.o ABSOLUTE
    ..\..\Libraries\CMSIS\Device\ST\STM32F4xx\Source\Templates\arm\startup_stm32f429_439xx.s 0x00000000   Number         0  startup_stm32f429_439xx.o ABSOLUTE
    bsp_debug_usart.c                        0x00000000   Number         0  bsp_debug_usart.o ABSOLUTE
    bsp_i2c_ee.c                             0x00000000   Number         0  bsp_i2c_ee.o ABSOLUTE
    bsp_i2c_gpio.c                           0x00000000   Number         0  bsp_i2c_gpio.o ABSOLUTE
    bsp_led.c                                0x00000000   Number         0  bsp_led.o ABSOLUTE
    cdrcmple.s                               0x00000000   Number         0  cdrcmple.o ABSOLUTE
    dc.s                                     0x00000000   Number         0  dc.o ABSOLUTE
    handlers.s                               0x00000000   Number         0  handlers.o ABSOLUTE
    init.s                                   0x00000000   Number         0  init.o ABSOLUTE
    main.c                                   0x00000000   Number         0  main.o ABSOLUTE
    misc.c                                   0x00000000   Number         0  misc.o ABSOLUTE
    stm32f4xx_adc.c                          0x00000000   Number         0  stm32f4xx_adc.o ABSOLUTE
    stm32f4xx_can.c                          0x00000000   Number         0  stm32f4xx_can.o ABSOLUTE
    stm32f4xx_cec.c                          0x00000000   Number         0  stm32f4xx_cec.o ABSOLUTE
    stm32f4xx_crc.c                          0x00000000   Number         0  stm32f4xx_crc.o ABSOLUTE
    stm32f4xx_cryp.c                         0x00000000   Number         0  stm32f4xx_cryp.o ABSOLUTE
    stm32f4xx_cryp_aes.c                     0x00000000   Number         0  stm32f4xx_cryp_aes.o ABSOLUTE
    stm32f4xx_cryp_des.c                     0x00000000   Number         0  stm32f4xx_cryp_des.o ABSOLUTE
    stm32f4xx_cryp_tdes.c                    0x00000000   Number         0  stm32f4xx_cryp_tdes.o ABSOLUTE
    stm32f4xx_dac.c                          0x00000000   Number         0  stm32f4xx_dac.o ABSOLUTE
    stm32f4xx_dbgmcu.c                       0x00000000   Number         0  stm32f4xx_dbgmcu.o ABSOLUTE
    stm32f4xx_dcmi.c                         0x00000000   Number         0  stm32f4xx_dcmi.o ABSOLUTE
    stm32f4xx_dma.c                          0x00000000   Number         0  stm32f4xx_dma.o ABSOLUTE
    stm32f4xx_dma2d.c                        0x00000000   Number         0  stm32f4xx_dma2d.o ABSOLUTE
    stm32f4xx_exti.c                         0x00000000   Number         0  stm32f4xx_exti.o ABSOLUTE
    stm32f4xx_flash.c                        0x00000000   Number         0  stm32f4xx_flash.o ABSOLUTE
    stm32f4xx_flash_ramfunc.c                0x00000000   Number         0  stm32f4xx_flash_ramfunc.o ABSOLUTE
    stm32f4xx_fmc.c                          0x00000000   Number         0  stm32f4xx_fmc.o ABSOLUTE
    stm32f4xx_fmpi2c.c                       0x00000000   Number         0  stm32f4xx_fmpi2c.o ABSOLUTE
    stm32f4xx_gpio.c                         0x00000000   Number         0  stm32f4xx_gpio.o ABSOLUTE
    stm32f4xx_hash.c                         0x00000000   Number         0  stm32f4xx_hash.o ABSOLUTE
    stm32f4xx_hash_md5.c                     0x00000000   Number         0  stm32f4xx_hash_md5.o ABSOLUTE
    stm32f4xx_hash_sha1.c                    0x00000000   Number         0  stm32f4xx_hash_sha1.o ABSOLUTE
    stm32f4xx_i2c.c                          0x00000000   Number         0  stm32f4xx_i2c.o ABSOLUTE
    stm32f4xx_it.c                           0x00000000   Number         0  stm32f4xx_it.o ABSOLUTE
    stm32f4xx_iwdg.c                         0x00000000   Number         0  stm32f4xx_iwdg.o ABSOLUTE
    stm32f4xx_ltdc.c                         0x00000000   Number         0  stm32f4xx_ltdc.o ABSOLUTE
    stm32f4xx_pwr.c                          0x00000000   Number         0  stm32f4xx_pwr.o ABSOLUTE
    stm32f4xx_qspi.c                         0x00000000   Number         0  stm32f4xx_qspi.o ABSOLUTE
    stm32f4xx_rcc.c                          0x00000000   Number         0  stm32f4xx_rcc.o ABSOLUTE
    stm32f4xx_rng.c                          0x00000000   Number         0  stm32f4xx_rng.o ABSOLUTE
    stm32f4xx_rtc.c                          0x00000000   Number         0  stm32f4xx_rtc.o ABSOLUTE
    stm32f4xx_sai.c                          0x00000000   Number         0  stm32f4xx_sai.o ABSOLUTE
    stm32f4xx_sdio.c                         0x00000000   Number         0  stm32f4xx_sdio.o ABSOLUTE
    stm32f4xx_spdifrx.c                      0x00000000   Number         0  stm32f4xx_spdifrx.o ABSOLUTE
    stm32f4xx_spi.c                          0x00000000   Number         0  stm32f4xx_spi.o ABSOLUTE
    stm32f4xx_syscfg.c                       0x00000000   Number         0  stm32f4xx_syscfg.o ABSOLUTE
    stm32f4xx_tim.c                          0x00000000   Number         0  stm32f4xx_tim.o ABSOLUTE
    stm32f4xx_usart.c                        0x00000000   Number         0  stm32f4xx_usart.o ABSOLUTE
    stm32f4xx_wwdg.c                         0x00000000   Number         0  stm32f4xx_wwdg.o ABSOLUTE
    system_stm32f4xx.c                       0x00000000   Number         0  system_stm32f4xx.o ABSOLUTE
    RESET                                    0x08000000   Section      428  startup_stm32f429_439xx.o(RESET)
    .ARM.Collect$$$$00000000                 0x080001ac   Section        0  entry.o(.ARM.Collect$$$$00000000)
    .ARM.Collect$$$$00000001                 0x080001ac   Section        4  entry2.o(.ARM.Collect$$$$00000001)
    .ARM.Collect$$$$00000004                 0x080001b0   Section        4  entry5.o(.ARM.Collect$$$$00000004)
    .ARM.Collect$$$$00000008                 0x080001b4   Section        0  entry7b.o(.ARM.Collect$$$$00000008)
    .ARM.Collect$$$$0000000A                 0x080001b4   Section        0  entry8b.o(.ARM.Collect$$$$0000000A)
    .ARM.Collect$$$$0000000B                 0x080001b4   Section        8  entry9a.o(.ARM.Collect$$$$0000000B)
    __lit__00000000                          0x080001bc   Data           4  entry2.o(.ARM.Collect$$$$00002712)
    .ARM.Collect$$$$0000000D                 0x080001bc   Section        0  entry10a.o(.ARM.Collect$$$$0000000D)
    .ARM.Collect$$$$0000000F                 0x080001bc   Section        0  entry11a.o(.ARM.Collect$$$$0000000F)
    .ARM.Collect$$$$00002712                 0x080001bc   Section        4  entry2.o(.ARM.Collect$$$$00002712)
    .text                                    0x080001c0   Section       36  startup_stm32f429_439xx.o(.text)
    .text                                    0x080001e4   Section        0  uidiv.o(.text)
    .text                                    0x08000210   Section        0  uldiv.o(.text)
    .text                                    0x08000272   Section        0  iusefp.o(.text)
    .text                                    0x08000272   Section        0  dadd.o(.text)
    .text                                    0x080003c0   Section        0  dmul.o(.text)
    .text                                    0x080004a4   Section        0  ddiv.o(.text)
    .text                                    0x08000582   Section        0  dfixul.o(.text)
    .text                                    0x080005b4   Section       48  cdrcmple.o(.text)
    .text                                    0x080005e4   Section       48  init.o(.text)
    .text                                    0x08000614   Section        0  llshl.o(.text)
    .text                                    0x08000632   Section        0  llushr.o(.text)
    .text                                    0x08000652   Section        0  llsshr.o(.text)
    .text                                    0x08000676   Section        0  depilogue.o(.text)
    [Anonymous Symbol]                       0x08000730   Section        0  stm32f4xx_it.o(.text.BusFault_Handler)
    [Anonymous Symbol]                       0x08000734   Section        0  stm32f4xx_it.o(.text.DebugMon_Handler)
    [Anonymous Symbol]                       0x08000738   Section        0  bsp_debug_usart.o(.text.Debug_USART_Config)
    [Anonymous Symbol]                       0x080007e4   Section        0  stm32f4xx_gpio.o(.text.GPIO_Init)
    [Anonymous Symbol]                       0x080008dc   Section        0  stm32f4xx_gpio.o(.text.GPIO_PinAFConfig)
    [Anonymous Symbol]                       0x08000950   Section        0  stm32f4xx_gpio.o(.text.GPIO_ReadInputDataBit)
    [Anonymous Symbol]                       0x08000984   Section        0  stm32f4xx_gpio.o(.text.GPIO_ResetBits)
    [Anonymous Symbol]                       0x0800099c   Section        0  stm32f4xx_gpio.o(.text.GPIO_SetBits)
    [Anonymous Symbol]                       0x080009b0   Section        0  stm32f4xx_it.o(.text.HardFault_Handler)
    [Anonymous Symbol]                       0x080009b4   Section        0  bsp_led.o(.text.LED_GPIO_Config)
    [Anonymous Symbol]                       0x08000a70   Section        0  stm32f4xx_it.o(.text.MemManage_Handler)
    [Anonymous Symbol]                       0x08000a74   Section        0  stm32f4xx_it.o(.text.NMI_Handler)
    [Anonymous Symbol]                       0x08000a78   Section        0  stm32f4xx_it.o(.text.PendSV_Handler)
    [Anonymous Symbol]                       0x08000a7c   Section        0  stm32f4xx_rcc.o(.text.RCC_AHB1PeriphClockCmd)
    [Anonymous Symbol]                       0x08000ab4   Section        0  stm32f4xx_rcc.o(.text.RCC_APB2PeriphClockCmd)
    [Anonymous Symbol]                       0x08000aec   Section        0  stm32f4xx_rcc.o(.text.RCC_GetClocksFreq)
    [Anonymous Symbol]                       0x08000c50   Section        0  stm32f4xx_it.o(.text.SVC_Handler)
    SetSysClock                              0x08000c55   Thumb Code   386  system_stm32f4xx.o(.text.SetSysClock)
    [Anonymous Symbol]                       0x08000c54   Section        0  system_stm32f4xx.o(.text.SetSysClock)
    [Anonymous Symbol]                       0x08000dd8   Section        0  stm32f4xx_it.o(.text.SysTick_Handler)
    [Anonymous Symbol]                       0x08000ddc   Section        0  system_stm32f4xx.o(.text.SystemInit)
    [Anonymous Symbol]                       0x08000e40   Section        0  stm32f4xx_usart.o(.text.USART_Cmd)
    [Anonymous Symbol]                       0x08000e6c   Section        0  stm32f4xx_usart.o(.text.USART_GetFlagStatus)
    [Anonymous Symbol]                       0x08000eb0   Section        0  stm32f4xx_usart.o(.text.USART_Init)
    [Anonymous Symbol]                       0x08001014   Section        0  stm32f4xx_usart.o(.text.USART_SendData)
    [Anonymous Symbol]                       0x0800102c   Section        0  stm32f4xx_it.o(.text.UsageFault_Handler)
    [Anonymous Symbol]                       0x08001030   Section        0  bsp_i2c_ee.o(.text.ee_CheckOk)
    ee_Delay                                 0x0800105d   Thumb Code    24  bsp_i2c_ee.o(.text.ee_Delay)
    [Anonymous Symbol]                       0x0800105c   Section        0  bsp_i2c_ee.o(.text.ee_Delay)
    [Anonymous Symbol]                       0x08001074   Section        0  bsp_i2c_ee.o(.text.ee_ReadBytes)
    [Anonymous Symbol]                       0x08001128   Section        0  bsp_i2c_ee.o(.text.ee_Test)
    [Anonymous Symbol]                       0x0800128c   Section        0  bsp_i2c_ee.o(.text.ee_WriteBytes)
    [Anonymous Symbol]                       0x08001374   Section        0  bsp_debug_usart.o(.text.fputc)
    [Anonymous Symbol]                       0x080013a8   Section        0  bsp_i2c_gpio.o(.text.i2c_Ack)
    i2c_CfgGpio                              0x080013e9   Thumb Code    64  bsp_i2c_gpio.o(.text.i2c_CfgGpio)
    [Anonymous Symbol]                       0x080013e8   Section        0  bsp_i2c_gpio.o(.text.i2c_CfgGpio)
    [Anonymous Symbol]                       0x08001428   Section        0  bsp_i2c_gpio.o(.text.i2c_CheckDevice)
    i2c_Delay                                0x08001455   Thumb Code    38  bsp_i2c_gpio.o(.text.i2c_Delay)
    [Anonymous Symbol]                       0x08001454   Section        0  bsp_i2c_gpio.o(.text.i2c_Delay)
    [Anonymous Symbol]                       0x0800147c   Section        0  bsp_i2c_gpio.o(.text.i2c_NAck)
    [Anonymous Symbol]                       0x080014b4   Section        0  bsp_i2c_gpio.o(.text.i2c_ReadByte)
    [Anonymous Symbol]                       0x0800152c   Section        0  bsp_i2c_gpio.o(.text.i2c_SendByte)
    [Anonymous Symbol]                       0x080015d0   Section        0  bsp_i2c_gpio.o(.text.i2c_Start)
    [Anonymous Symbol]                       0x08001610   Section        0  bsp_i2c_gpio.o(.text.i2c_Stop)
    [Anonymous Symbol]                       0x08001640   Section        0  bsp_i2c_gpio.o(.text.i2c_WaitAck)
    [Anonymous Symbol]                       0x0800169c   Section        0  main.o(.text.main)
    i.__0printf                              0x08001784   Section        0  printfa.o(i.__0printf)
    i.__scatterload_copy                     0x080017a4   Section       14  handlers.o(i.__scatterload_copy)
    i.__scatterload_null                     0x080017b2   Section        2  handlers.o(i.__scatterload_null)
    i.__scatterload_zeroinit                 0x080017b4   Section       14  handlers.o(i.__scatterload_zeroinit)
    _fp_digits                               0x080017c5   Thumb Code   366  printfa.o(i._fp_digits)
    i._fp_digits                             0x080017c4   Section        0  printfa.o(i._fp_digits)
    _printf_core                             0x08001949   Thumb Code  1744  printfa.o(i._printf_core)
    i._printf_core                           0x08001948   Section        0  printfa.o(i._printf_core)
    _printf_post_padding                     0x08002025   Thumb Code    36  printfa.o(i._printf_post_padding)
    i._printf_post_padding                   0x08002024   Section        0  printfa.o(i._printf_post_padding)
    _printf_pre_padding                      0x08002049   Thumb Code    46  printfa.o(i._printf_pre_padding)
    i._printf_pre_padding                    0x08002048   Section        0  printfa.o(i._printf_pre_padding)
    APBAHBPrescTable                         0x08002076   Data          16  stm32f4xx_rcc.o(.rodata.APBAHBPrescTable)
    [Anonymous Symbol]                       0x08002076   Section        0  stm32f4xx_rcc.o(.rodata.APBAHBPrescTable)
    .L.str.1                                 0x08002086   Data          43  main.o(.rodata.str1.1)
    [Anonymous Symbol]                       0x08002086   Section        0  main.o(.rodata.str1.1)
    .L.str                                   0x080020b1   Data          39  main.o(.rodata.str1.1)
    .L.str                                   0x080020d8   Data          19  bsp_i2c_ee.o(.rodata.str1.1)
    .L.str.2                                 0x080020d8   Data          24  bsp_i2c_ee.o(.rodata.str1.1)
    [Anonymous Symbol]                       0x080020d8   Section        0  bsp_i2c_ee.o(.rodata.str1.1)
    .L.str.1                                 0x080020eb   Data          19  bsp_i2c_ee.o(.rodata.str1.1)
    .L.str.4                                 0x080020f0   Data          17  bsp_i2c_ee.o(.rodata.str1.1)
    .L.str.3                                 0x08002114   Data          17  bsp_i2c_ee.o(.rodata.str1.1)
    .L.str.5                                 0x08002125   Data          17  bsp_i2c_ee.o(.rodata.str1.1)
    .L.str.11                                0x08002149   Data          21  bsp_i2c_ee.o(.rodata.str1.1)
    .L.str.6                                 0x0800215e   Data          27  bsp_i2c_ee.o(.rodata.str1.1)
    .L.str.10                                0x08002176   Data           3  bsp_i2c_ee.o(.rodata.str1.1)
    .L.str.7                                 0x08002179   Data           8  bsp_i2c_ee.o(.rodata.str1.1)
    .L.str.9                                 0x08002181   Data           6  bsp_i2c_ee.o(.rodata.str1.1)
    .L.str.8                                 0x08002187   Data          34  bsp_i2c_ee.o(.rodata.str1.1)
    .data                                    0x20000000   Section        4  stdout.o(.data)
    STACK                                    0x20000008   Section     1024  startup_stm32f429_439xx.o(STACK)

    Global Symbols

    Symbol Name                              Value     Ov Type        Size  Object(Section)

    BuildAttributes$$THM_ISAv4$E$P$D$K$B$S$7EM$PE$A:L22UL41UL21$X:L11$S22US41US21$IEEE1$IW$~IW$USESV6$~STKCKD$USESV7$~SHL$OSPACE$ROPI$EBA8$MICROLIB$REQ8$PRES8$EABIv2 0x00000000   Number         0  anon$$obj.o ABSOLUTE
    __cpp_initialize__aeabi_                  - Undefined Weak Reference
    __cxa_finalize                            - Undefined Weak Reference
    __decompress                              - Undefined Weak Reference
    _clock_init                               - Undefined Weak Reference
    _microlib_exit                            - Undefined Weak Reference
    __Vectors_Size                           0x000001ac   Number         0  startup_stm32f429_439xx.o ABSOLUTE
    __Vectors                                0x08000000   Data           4  startup_stm32f429_439xx.o(RESET)
    __Vectors_End                            0x080001ac   Data           0  startup_stm32f429_439xx.o(RESET)
    __main                                   0x080001ad   Thumb Code     0  entry.o(.ARM.Collect$$$$00000000)
    _main_stk                                0x080001ad   Thumb Code     0  entry2.o(.ARM.Collect$$$$00000001)
    _main_scatterload                        0x080001b1   Thumb Code     0  entry5.o(.ARM.Collect$$$$00000004)
    __main_after_scatterload                 0x080001b5   Thumb Code     0  entry5.o(.ARM.Collect$$$$00000004)
    _main_clock                              0x080001b5   Thumb Code     0  entry7b.o(.ARM.Collect$$$$00000008)
    _main_cpp_init                           0x080001b5   Thumb Code     0  entry8b.o(.ARM.Collect$$$$0000000A)
    _main_init                               0x080001b5   Thumb Code     0  entry9a.o(.ARM.Collect$$$$0000000B)
    __rt_final_cpp                           0x080001bd   Thumb Code     0  entry10a.o(.ARM.Collect$$$$0000000D)
    __rt_final_exit                          0x080001bd   Thumb Code     0  entry11a.o(.ARM.Collect$$$$0000000F)
    Reset_Handler                            0x080001c1   Thumb Code     8  startup_stm32f429_439xx.o(.text)
    ADC_IRQHandler                           0x080001db   Thumb Code     0  startup_stm32f429_439xx.o(.text)
    CAN1_RX0_IRQHandler                      0x080001db   Thumb Code     0  startup_stm32f429_439xx.o(.text)
    CAN1_RX1_IRQHandler                      0x080001db   Thumb Code     0  startup_stm32f429_439xx.o(.text)
    CAN1_SCE_IRQHandler                      0x080001db   Thumb Code     0  startup_stm32f429_439xx.o(.text)
    CAN1_TX_IRQHandler                       0x080001db   Thumb Code     0  startup_stm32f429_439xx.o(.text)
    CAN2_RX0_IRQHandler                      0x080001db   Thumb Code     0  startup_stm32f429_439xx.o(.text)
    CAN2_RX1_IRQHandler                      0x080001db   Thumb Code     0  startup_stm32f429_439xx.o(.text)
    CAN2_SCE_IRQHandler                      0x080001db   Thumb Code     0  startup_stm32f429_439xx.o(.text)
    CAN2_TX_IRQHandler                       0x080001db   Thumb Code     0  startup_stm32f429_439xx.o(.text)
    CRYP_IRQHandler                          0x080001db   Thumb Code     0  startup_stm32f429_439xx.o(.text)
    DCMI_IRQHandler                          0x080001db   Thumb Code     0  startup_stm32f429_439xx.o(.text)
    DMA1_Stream0_IRQHandler                  0x080001db   Thumb Code     0  startup_stm32f429_439xx.o(.text)
    DMA1_Stream1_IRQHandler                  0x080001db   Thumb Code     0  startup_stm32f429_439xx.o(.text)
    DMA1_Stream2_IRQHandler                  0x080001db   Thumb Code     0  startup_stm32f429_439xx.o(.text)
    DMA1_Stream3_IRQHandler                  0x080001db   Thumb Code     0  startup_stm32f429_439xx.o(.text)
    DMA1_Stream4_IRQHandler                  0x080001db   Thumb Code     0  startup_stm32f429_439xx.o(.text)
    DMA1_Stream5_IRQHandler                  0x080001db   Thumb Code     0  startup_stm32f429_439xx.o(.text)
    DMA1_Stream6_IRQHandler                  0x080001db   Thumb Code     0  startup_stm32f429_439xx.o(.text)
    DMA1_Stream7_IRQHandler                  0x080001db   Thumb Code     0  startup_stm32f429_439xx.o(.text)
    DMA2D_IRQHandler                         0x080001db   Thumb Code     0  startup_stm32f429_439xx.o(.text)
    DMA2_Stream0_IRQHandler                  0x080001db   Thumb Code     0  startup_stm32f429_439xx.o(.text)
    DMA2_Stream1_IRQHandler                  0x080001db   Thumb Code     0  startup_stm32f429_439xx.o(.text)
    DMA2_Stream2_IRQHandler                  0x080001db   Thumb Code     0  startup_stm32f429_439xx.o(.text)
    DMA2_Stream3_IRQHandler                  0x080001db   Thumb Code     0  startup_stm32f429_439xx.o(.text)
    DMA2_Stream4_IRQHandler                  0x080001db   Thumb Code     0  startup_stm32f429_439xx.o(.text)
    DMA2_Stream5_IRQHandler                  0x080001db   Thumb Code     0  startup_stm32f429_439xx.o(.text)
    DMA2_Stream6_IRQHandler                  0x080001db   Thumb Code     0  startup_stm32f429_439xx.o(.text)
    DMA2_Stream7_IRQHandler                  0x080001db   Thumb Code     0  startup_stm32f429_439xx.o(.text)
    ETH_IRQHandler                           0x080001db   Thumb Code     0  startup_stm32f429_439xx.o(.text)
    ETH_WKUP_IRQHandler                      0x080001db   Thumb Code     0  startup_stm32f429_439xx.o(.text)
    EXTI0_IRQHandler                         0x080001db   Thumb Code     0  startup_stm32f429_439xx.o(.text)
    EXTI15_10_IRQHandler                     0x080001db   Thumb Code     0  startup_stm32f429_439xx.o(.text)
    EXTI1_IRQHandler                         0x080001db   Thumb Code     0  startup_stm32f429_439xx.o(.text)
    EXTI2_IRQHandler                         0x080001db   Thumb Code     0  startup_stm32f429_439xx.o(.text)
    EXTI3_IRQHandler                         0x080001db   Thumb Code     0  startup_stm32f429_439xx.o(.text)
    EXTI4_IRQHandler                         0x080001db   Thumb Code     0  startup_stm32f429_439xx.o(.text)
    EXTI9_5_IRQHandler                       0x080001db   Thumb Code     0  startup_stm32f429_439xx.o(.text)
    FLASH_IRQHandler                         0x080001db   Thumb Code     0  startup_stm32f429_439xx.o(.text)
    FMC_IRQHandler                           0x080001db   Thumb Code     0  startup_stm32f429_439xx.o(.text)
    FPU_IRQHandler                           0x080001db   Thumb Code     0  startup_stm32f429_439xx.o(.text)
    HASH_RNG_IRQHandler                      0x080001db   Thumb Code     0  startup_stm32f429_439xx.o(.text)
    I2C1_ER_IRQHandler                       0x080001db   Thumb Code     0  startup_stm32f429_439xx.o(.text)
    I2C1_EV_IRQHandler                       0x080001db   Thumb Code     0  startup_stm32f429_439xx.o(.text)
    I2C2_ER_IRQHandler                       0x080001db   Thumb Code     0  startup_stm32f429_439xx.o(.text)
    I2C2_EV_IRQHandler                       0x080001db   Thumb Code     0  startup_stm32f429_439xx.o(.text)
    I2C3_ER_IRQHandler                       0x080001db   Thumb Code     0  startup_stm32f429_439xx.o(.text)
    I2C3_EV_IRQHandler                       0x080001db   Thumb Code     0  startup_stm32f429_439xx.o(.text)
    LTDC_ER_IRQHandler                       0x080001db   Thumb Code     0  startup_stm32f429_439xx.o(.text)
    LTDC_IRQHandler                          0x080001db   Thumb Code     0  startup_stm32f429_439xx.o(.text)
    OTG_FS_IRQHandler                        0x080001db   Thumb Code     0  startup_stm32f429_439xx.o(.text)
    OTG_FS_WKUP_IRQHandler                   0x080001db   Thumb Code     0  startup_stm32f429_439xx.o(.text)
    OTG_HS_EP1_IN_IRQHandler                 0x080001db   Thumb Code     0  startup_stm32f429_439xx.o(.text)
    OTG_HS_EP1_OUT_IRQHandler                0x080001db   Thumb Code     0  startup_stm32f429_439xx.o(.text)
    OTG_HS_IRQHandler                        0x080001db   Thumb Code     0  startup_stm32f429_439xx.o(.text)
    OTG_HS_WKUP_IRQHandler                   0x080001db   Thumb Code     0  startup_stm32f429_439xx.o(.text)
    PVD_IRQHandler                           0x080001db   Thumb Code     0  startup_stm32f429_439xx.o(.text)
    RCC_IRQHandler                           0x080001db   Thumb Code     0  startup_stm32f429_439xx.o(.text)
    RTC_Alarm_IRQHandler                     0x080001db   Thumb Code     0  startup_stm32f429_439xx.o(.text)
    RTC_WKUP_IRQHandler                      0x080001db   Thumb Code     0  startup_stm32f429_439xx.o(.text)
    SAI1_IRQHandler                          0x080001db   Thumb Code     0  startup_stm32f429_439xx.o(.text)
    SDIO_IRQHandler                          0x080001db   Thumb Code     0  startup_stm32f429_439xx.o(.text)
    SPI1_IRQHandler                          0x080001db   Thumb Code     0  startup_stm32f429_439xx.o(.text)
    SPI2_IRQHandler                          0x080001db   Thumb Code     0  startup_stm32f429_439xx.o(.text)
    SPI3_IRQHandler                          0x080001db   Thumb Code     0  startup_stm32f429_439xx.o(.text)
    SPI4_IRQHandler                          0x080001db   Thumb Code     0  startup_stm32f429_439xx.o(.text)
    SPI5_IRQHandler                          0x080001db   Thumb Code     0  startup_stm32f429_439xx.o(.text)
    SPI6_IRQHandler                          0x080001db   Thumb Code     0  startup_stm32f429_439xx.o(.text)
    TAMP_STAMP_IRQHandler                    0x080001db   Thumb Code     0  startup_stm32f429_439xx.o(.text)
    TIM1_BRK_TIM9_IRQHandler                 0x080001db   Thumb Code     0  startup_stm32f429_439xx.o(.text)
    TIM1_CC_IRQHandler                       0x080001db   Thumb Code     0  startup_stm32f429_439xx.o(.text)
    TIM1_TRG_COM_TIM11_IRQHandler            0x080001db   Thumb Code     0  startup_stm32f429_439xx.o(.text)
    TIM1_UP_TIM10_IRQHandler                 0x080001db   Thumb Code     0  startup_stm32f429_439xx.o(.text)
    TIM2_IRQHandler                          0x080001db   Thumb Code     0  startup_stm32f429_439xx.o(.text)
    TIM3_IRQHandler                          0x080001db   Thumb Code     0  startup_stm32f429_439xx.o(.text)
    TIM4_IRQHandler                          0x080001db   Thumb Code     0  startup_stm32f429_439xx.o(.text)
    TIM5_IRQHandler                          0x080001db   Thumb Code     0  startup_stm32f429_439xx.o(.text)
    TIM6_DAC_IRQHandler                      0x080001db   Thumb Code     0  startup_stm32f429_439xx.o(.text)
    TIM7_IRQHandler                          0x080001db   Thumb Code     0  startup_stm32f429_439xx.o(.text)
    TIM8_BRK_TIM12_IRQHandler                0x080001db   Thumb Code     0  startup_stm32f429_439xx.o(.text)
    TIM8_CC_IRQHandler                       0x080001db   Thumb Code     0  startup_stm32f429_439xx.o(.text)
    TIM8_TRG_COM_TIM14_IRQHandler            0x080001db   Thumb Code     0  startup_stm32f429_439xx.o(.text)
    TIM8_UP_TIM13_IRQHandler                 0x080001db   Thumb Code     0  startup_stm32f429_439xx.o(.text)
    UART4_IRQHandler                         0x080001db   Thumb Code     0  startup_stm32f429_439xx.o(.text)
    UART5_IRQHandler                         0x080001db   Thumb Code     0  startup_stm32f429_439xx.o(.text)
    UART7_IRQHandler                         0x080001db   Thumb Code     0  startup_stm32f429_439xx.o(.text)
    UART8_IRQHandler                         0x080001db   Thumb Code     0  startup_stm32f429_439xx.o(.text)
    USART1_IRQHandler                        0x080001db   Thumb Code     0  startup_stm32f429_439xx.o(.text)
    USART2_IRQHandler                        0x080001db   Thumb Code     0  startup_stm32f429_439xx.o(.text)
    USART3_IRQHandler                        0x080001db   Thumb Code     0  startup_stm32f429_439xx.o(.text)
    USART6_IRQHandler                        0x080001db   Thumb Code     0  startup_stm32f429_439xx.o(.text)
    WWDG_IRQHandler                          0x080001db   Thumb Code     0  startup_stm32f429_439xx.o(.text)
    __aeabi_uidiv                            0x080001e5   Thumb Code     0  uidiv.o(.text)
    __aeabi_uidivmod                         0x080001e5   Thumb Code    44  uidiv.o(.text)
    __aeabi_uldivmod                         0x08000211   Thumb Code    98  uldiv.o(.text)
    __I$use$fp                               0x08000273   Thumb Code     0  iusefp.o(.text)
    __aeabi_dadd                             0x08000273   Thumb Code   322  dadd.o(.text)
    __aeabi_dsub                             0x080003b5   Thumb Code     6  dadd.o(.text)
    __aeabi_drsub                            0x080003bb   Thumb Code     6  dadd.o(.text)
    __aeabi_dmul                             0x080003c1   Thumb Code   228  dmul.o(.text)
    __aeabi_ddiv                             0x080004a5   Thumb Code   222  ddiv.o(.text)
    __aeabi_d2ulz                            0x08000583   Thumb Code    48  dfixul.o(.text)
    __aeabi_cdrcmple                         0x080005b5   Thumb Code    48  cdrcmple.o(.text)
    __scatterload                            0x080005e5   Thumb Code    38  init.o(.text)
    __scatterload_rt2                        0x080005e5   Thumb Code     0  init.o(.text)
    __aeabi_llsl                             0x08000615   Thumb Code    30  llshl.o(.text)
    _ll_shift_l                              0x08000615   Thumb Code     0  llshl.o(.text)
    __aeabi_llsr                             0x08000633   Thumb Code    32  llushr.o(.text)
    _ll_ushift_r                             0x08000633   Thumb Code     0  llushr.o(.text)
    __aeabi_lasr                             0x08000653   Thumb Code    36  llsshr.o(.text)
    _ll_sshift_r                             0x08000653   Thumb Code     0  llsshr.o(.text)
    _double_round                            0x08000677   Thumb Code    30  depilogue.o(.text)
    _double_epilogue                         0x08000695   Thumb Code   156  depilogue.o(.text)
    BusFault_Handler                         0x08000731   Thumb Code     4  stm32f4xx_it.o(.text.BusFault_Handler)
    DebugMon_Handler                         0x08000735   Thumb Code     2  stm32f4xx_it.o(.text.DebugMon_Handler)
    Debug_USART_Config                       0x08000739   Thumb Code   170  bsp_debug_usart.o(.text.Debug_USART_Config)
    GPIO_Init                                0x080007e5   Thumb Code   246  stm32f4xx_gpio.o(.text.GPIO_Init)
    GPIO_PinAFConfig                         0x080008dd   Thumb Code   114  stm32f4xx_gpio.o(.text.GPIO_PinAFConfig)
    GPIO_ReadInputDataBit                    0x08000951   Thumb Code    52  stm32f4xx_gpio.o(.text.GPIO_ReadInputDataBit)
    GPIO_ResetBits                           0x08000985   Thumb Code    22  stm32f4xx_gpio.o(.text.GPIO_ResetBits)
    GPIO_SetBits                             0x0800099d   Thumb Code    20  stm32f4xx_gpio.o(.text.GPIO_SetBits)
    HardFault_Handler                        0x080009b1   Thumb Code     4  stm32f4xx_it.o(.text.HardFault_Handler)
    LED_GPIO_Config                          0x080009b5   Thumb Code   188  bsp_led.o(.text.LED_GPIO_Config)
    MemManage_Handler                        0x08000a71   Thumb Code     4  stm32f4xx_it.o(.text.MemManage_Handler)
    NMI_Handler                              0x08000a75   Thumb Code     2  stm32f4xx_it.o(.text.NMI_Handler)
    PendSV_Handler                           0x08000a79   Thumb Code     2  stm32f4xx_it.o(.text.PendSV_Handler)
    RCC_AHB1PeriphClockCmd                   0x08000a7d   Thumb Code    56  stm32f4xx_rcc.o(.text.RCC_AHB1PeriphClockCmd)
    RCC_APB2PeriphClockCmd                   0x08000ab5   Thumb Code    56  stm32f4xx_rcc.o(.text.RCC_APB2PeriphClockCmd)
    RCC_GetClocksFreq                        0x08000aed   Thumb Code   354  stm32f4xx_rcc.o(.text.RCC_GetClocksFreq)
    SVC_Handler                              0x08000c51   Thumb Code     2  stm32f4xx_it.o(.text.SVC_Handler)
    SysTick_Handler                          0x08000dd9   Thumb Code     2  stm32f4xx_it.o(.text.SysTick_Handler)
    SystemInit                               0x08000ddd   Thumb Code   100  system_stm32f4xx.o(.text.SystemInit)
    USART_Cmd                                0x08000e41   Thumb Code    44  stm32f4xx_usart.o(.text.USART_Cmd)
    USART_GetFlagStatus                      0x08000e6d   Thumb Code    68  stm32f4xx_usart.o(.text.USART_GetFlagStatus)
    USART_Init                               0x08000eb1   Thumb Code   354  stm32f4xx_usart.o(.text.USART_Init)
    USART_SendData                           0x08001015   Thumb Code    24  stm32f4xx_usart.o(.text.USART_SendData)
    UsageFault_Handler                       0x0800102d   Thumb Code     4  stm32f4xx_it.o(.text.UsageFault_Handler)
    ee_CheckOk                               0x08001031   Thumb Code    42  bsp_i2c_ee.o(.text.ee_CheckOk)
    ee_ReadBytes                             0x08001075   Thumb Code   180  bsp_i2c_ee.o(.text.ee_ReadBytes)
    ee_Test                                  0x08001129   Thumb Code   354  bsp_i2c_ee.o(.text.ee_Test)
    ee_WriteBytes                            0x0800128d   Thumb Code   232  bsp_i2c_ee.o(.text.ee_WriteBytes)
    fputc                                    0x08001375   Thumb Code    52  bsp_debug_usart.o(.text.fputc)
    i2c_Ack                                  0x080013a9   Thumb Code    64  bsp_i2c_gpio.o(.text.i2c_Ack)
    i2c_CheckDevice                          0x08001429   Thumb Code    44  bsp_i2c_gpio.o(.text.i2c_CheckDevice)
    i2c_NAck                                 0x0800147d   Thumb Code    54  bsp_i2c_gpio.o(.text.i2c_NAck)
    i2c_ReadByte                             0x080014b5   Thumb Code   120  bsp_i2c_gpio.o(.text.i2c_ReadByte)
    i2c_SendByte                             0x0800152d   Thumb Code   162  bsp_i2c_gpio.o(.text.i2c_SendByte)
    i2c_Start                                0x080015d1   Thumb Code    64  bsp_i2c_gpio.o(.text.i2c_Start)
    i2c_Stop                                 0x08001611   Thumb Code    46  bsp_i2c_gpio.o(.text.i2c_Stop)
    i2c_WaitAck                              0x08001641   Thumb Code    92  bsp_i2c_gpio.o(.text.i2c_WaitAck)
    main                                     0x0800169d   Thumb Code   232  main.o(.text.main)
    __0printf                                0x08001785   Thumb Code    22  printfa.o(i.__0printf)
    __1printf                                0x08001785   Thumb Code     0  printfa.o(i.__0printf)
    __2printf                                0x08001785   Thumb Code     0  printfa.o(i.__0printf)
    __c89printf                              0x08001785   Thumb Code     0  printfa.o(i.__0printf)
    printf                                   0x08001785   Thumb Code     0  printfa.o(i.__0printf)
    __scatterload_copy                       0x080017a5   Thumb Code    14  handlers.o(i.__scatterload_copy)
    __scatterload_null                       0x080017b3   Thumb Code     2  handlers.o(i.__scatterload_null)
    __scatterload_zeroinit                   0x080017b5   Thumb Code    14  handlers.o(i.__scatterload_zeroinit)
    Region$$Table$$Base                      0x080021ac   Number         0  anon$$obj.o(Region$$Table)
    Region$$Table$$Limit                     0x080021cc   Number         0  anon$$obj.o(Region$$Table)
    __stdout                                 0x20000000   Data           4  stdout.o(.data)
    __initial_sp                             0x20000408   Data           0  startup_stm32f429_439xx.o(STACK)



==============================================================================

Memory Map of the image

  Image Entry point : 0x080001ad

  Load Region LR_IROM1 (Base: 0x08000000, Size: 0x000021d8, Max: 0x00100000, ABSOLUTE)

    Execution Region ER_IROM1 (Exec base: 0x08000000, Load base: 0x08000000, Size: 0x000021cc, Max: 0x00100000, ABSOLUTE)

    Exec Addr    Load Addr    Size         Type   Attr      Idx    E Section Name        Object

    0x08000000   0x08000000   0x000001ac   Data   RO            3    RESET               startup_stm32f429_439xx.o
    0x080001ac   0x080001ac   0x00000000   Code   RO         1807  * .ARM.Collect$$$$00000000  mc_w.l(entry.o)
    0x080001ac   0x080001ac   0x00000004   Code   RO         1838    .ARM.Collect$$$$00000001  mc_w.l(entry2.o)
    0x080001b0   0x080001b0   0x00000004   Code   RO         1841    .ARM.Collect$$$$00000004  mc_w.l(entry5.o)
    0x080001b4   0x080001b4   0x00000000   Code   RO         1843    .ARM.Collect$$$$00000008  mc_w.l(entry7b.o)
    0x080001b4   0x080001b4   0x00000000   Code   RO         1845    .ARM.Collect$$$$0000000A  mc_w.l(entry8b.o)
    0x080001b4   0x080001b4   0x00000008   Code   RO         1846    .ARM.Collect$$$$0000000B  mc_w.l(entry9a.o)
    0x080001bc   0x080001bc   0x00000000   Code   RO         1848    .ARM.Collect$$$$0000000D  mc_w.l(entry10a.o)
    0x080001bc   0x080001bc   0x00000000   Code   RO         1850    .ARM.Collect$$$$0000000F  mc_w.l(entry11a.o)
    0x080001bc   0x080001bc   0x00000004   Code   RO         1839    .ARM.Collect$$$$00002712  mc_w.l(entry2.o)
    0x080001c0   0x080001c0   0x00000024   Code   RO            4    .text               startup_stm32f429_439xx.o
    0x080001e4   0x080001e4   0x0000002c   Code   RO         1862    .text               mc_w.l(uidiv.o)
    0x08000210   0x08000210   0x00000062   Code   RO         1864    .text               mc_w.l(uldiv.o)
    0x08000272   0x08000272   0x00000000   Code   RO         1866    .text               mc_w.l(iusefp.o)
    0x08000272   0x08000272   0x0000014e   Code   RO         1867    .text               mf_w.l(dadd.o)
    0x080003c0   0x080003c0   0x000000e4   Code   RO         1869    .text               mf_w.l(dmul.o)
    0x080004a4   0x080004a4   0x000000de   Code   RO         1871    .text               mf_w.l(ddiv.o)
    0x08000582   0x08000582   0x00000030   Code   RO         1873    .text               mf_w.l(dfixul.o)
    0x080005b2   0x080005b2   0x00000002   PAD
    0x080005b4   0x080005b4   0x00000030   Code   RO         1875    .text               mf_w.l(cdrcmple.o)
    0x080005e4   0x080005e4   0x00000030   Code   RO         1877    .text               mc_w.l(init.o)
    0x08000614   0x08000614   0x0000001e   Code   RO         1879    .text               mc_w.l(llshl.o)
    0x08000632   0x08000632   0x00000020   Code   RO         1881    .text               mc_w.l(llushr.o)
    0x08000652   0x08000652   0x00000024   Code   RO         1883    .text               mc_w.l(llsshr.o)
    0x08000676   0x08000676   0x000000ba   Code   RO         1885    .text               mf_w.l(depilogue.o)
    0x08000730   0x08000730   0x00000004   Code   RO         1721    .text.BusFault_Handler  stm32f4xx_it.o
    0x08000734   0x08000734   0x00000002   Code   RO         1725    .text.DebugMon_Handler  stm32f4xx_it.o
    0x08000736   0x08000736   0x00000002   PAD
    0x08000738   0x08000738   0x000000aa   Code   RO         1748    .text.Debug_USART_Config  bsp_debug_usart.o
    0x080007e2   0x080007e2   0x00000002   PAD
    0x080007e4   0x080007e4   0x000000f6   Code   RO          655    .text.GPIO_Init     stm32f4xx_gpio.o
    0x080008da   0x080008da   0x00000002   PAD
    0x080008dc   0x080008dc   0x00000072   Code   RO          679    .text.GPIO_PinAFConfig  stm32f4xx_gpio.o
    0x0800094e   0x0800094e   0x00000002   PAD
    0x08000950   0x08000950   0x00000034   Code   RO          661    .text.GPIO_ReadInputDataBit  stm32f4xx_gpio.o
    0x08000984   0x08000984   0x00000016   Code   RO          671    .text.GPIO_ResetBits  stm32f4xx_gpio.o
    0x0800099a   0x0800099a   0x00000002   PAD
    0x0800099c   0x0800099c   0x00000014   Code   RO          669    .text.GPIO_SetBits  stm32f4xx_gpio.o
    0x080009b0   0x080009b0   0x00000004   Code   RO         1717    .text.HardFault_Handler  stm32f4xx_it.o
    0x080009b4   0x080009b4   0x000000bc   Code   RO         1740    .text.LED_GPIO_Config  bsp_led.o
    0x08000a70   0x08000a70   0x00000004   Code   RO         1719    .text.MemManage_Handler  stm32f4xx_it.o
    0x08000a74   0x08000a74   0x00000002   Code   RO         1715    .text.NMI_Handler   stm32f4xx_it.o
    0x08000a76   0x08000a76   0x00000002   PAD
    0x08000a78   0x08000a78   0x00000002   Code   RO         1729    .text.PendSV_Handler  stm32f4xx_it.o
    0x08000a7a   0x08000a7a   0x00000002   PAD
    0x08000a7c   0x08000a7c   0x00000038   Code   RO         1027    .text.RCC_AHB1PeriphClockCmd  stm32f4xx_rcc.o
    0x08000ab4   0x08000ab4   0x00000038   Code   RO         1035    .text.RCC_APB2PeriphClockCmd  stm32f4xx_rcc.o
    0x08000aec   0x08000aec   0x00000162   Code   RO         1005    .text.RCC_GetClocksFreq  stm32f4xx_rcc.o
    0x08000c4e   0x08000c4e   0x00000002   PAD
    0x08000c50   0x08000c50   0x00000002   Code   RO         1727    .text.SVC_Handler   stm32f4xx_it.o
    0x08000c52   0x08000c52   0x00000002   PAD
    0x08000c54   0x08000c54   0x00000182   Code   RO           13    .text.SetSysClock   system_stm32f4xx.o
    0x08000dd6   0x08000dd6   0x00000002   PAD
    0x08000dd8   0x08000dd8   0x00000002   Code   RO         1731    .text.SysTick_Handler  stm32f4xx_it.o
    0x08000dda   0x08000dda   0x00000002   PAD
    0x08000ddc   0x08000ddc   0x00000064   Code   RO           11    .text.SystemInit    system_stm32f4xx.o
    0x08000e40   0x08000e40   0x0000002c   Code   RO         1625    .text.USART_Cmd     stm32f4xx_usart.o
    0x08000e6c   0x08000e6c   0x00000044   Code   RO         1665    .text.USART_GetFlagStatus  stm32f4xx_usart.o
    0x08000eb0   0x08000eb0   0x00000162   Code   RO         1617    .text.USART_Init    stm32f4xx_usart.o
    0x08001012   0x08001012   0x00000002   PAD
    0x08001014   0x08001014   0x00000018   Code   RO         1633    .text.USART_SendData  stm32f4xx_usart.o
    0x0800102c   0x0800102c   0x00000004   Code   RO         1723    .text.UsageFault_Handler  stm32f4xx_it.o
    0x08001030   0x08001030   0x0000002a   Code   RO         1761    .text.ee_CheckOk    bsp_i2c_ee.o
    0x0800105a   0x0800105a   0x00000002   PAD
    0x0800105c   0x0800105c   0x00000018   Code   RO         1771    .text.ee_Delay      bsp_i2c_ee.o
    0x08001074   0x08001074   0x000000b4   Code   RO         1763    .text.ee_ReadBytes  bsp_i2c_ee.o
    0x08001128   0x08001128   0x00000162   Code   RO         1769    .text.ee_Test       bsp_i2c_ee.o
    0x0800128a   0x0800128a   0x00000002   PAD
    0x0800128c   0x0800128c   0x000000e8   Code   RO         1765    .text.ee_WriteBytes  bsp_i2c_ee.o
    0x08001374   0x08001374   0x00000034   Code   RO         1750    .text.fputc         bsp_debug_usart.o
    0x080013a8   0x080013a8   0x00000040   Code   RO         1793    .text.i2c_Ack       bsp_i2c_gpio.o
    0x080013e8   0x080013e8   0x00000040   Code   RO         1799    .text.i2c_CfgGpio   bsp_i2c_gpio.o
    0x08001428   0x08001428   0x0000002c   Code   RO         1797    .text.i2c_CheckDevice  bsp_i2c_gpio.o
    0x08001454   0x08001454   0x00000026   Code   RO         1783    .text.i2c_Delay     bsp_i2c_gpio.o
    0x0800147a   0x0800147a   0x00000002   PAD
    0x0800147c   0x0800147c   0x00000036   Code   RO         1795    .text.i2c_NAck      bsp_i2c_gpio.o
    0x080014b2   0x080014b2   0x00000002   PAD
    0x080014b4   0x080014b4   0x00000078   Code   RO         1789    .text.i2c_ReadByte  bsp_i2c_gpio.o
    0x0800152c   0x0800152c   0x000000a2   Code   RO         1787    .text.i2c_SendByte  bsp_i2c_gpio.o
    0x080015ce   0x080015ce   0x00000002   PAD
    0x080015d0   0x080015d0   0x00000040   Code   RO         1781    .text.i2c_Start     bsp_i2c_gpio.o
    0x08001610   0x08001610   0x0000002e   Code   RO         1785    .text.i2c_Stop      bsp_i2c_gpio.o
    0x0800163e   0x0800163e   0x00000002   PAD
    0x08001640   0x08001640   0x0000005c   Code   RO         1791    .text.i2c_WaitAck   bsp_i2c_gpio.o
    0x0800169c   0x0800169c   0x000000e8   Code   RO         1703    .text.main          main.o
    0x08001784   0x08001784   0x00000020   Code   RO         1811    i.__0printf         mc_w.l(printfa.o)
    0x080017a4   0x080017a4   0x0000000e   Code   RO         1889    i.__scatterload_copy  mc_w.l(handlers.o)
    0x080017b2   0x080017b2   0x00000002   Code   RO         1890    i.__scatterload_null  mc_w.l(handlers.o)
    0x080017b4   0x080017b4   0x0000000e   Code   RO         1891    i.__scatterload_zeroinit  mc_w.l(handlers.o)
    0x080017c2   0x080017c2   0x00000002   PAD
    0x080017c4   0x080017c4   0x00000184   Code   RO         1818    i._fp_digits        mc_w.l(printfa.o)
    0x08001948   0x08001948   0x000006dc   Code   RO         1819    i._printf_core      mc_w.l(printfa.o)
    0x08002024   0x08002024   0x00000024   Code   RO         1820    i._printf_post_padding  mc_w.l(printfa.o)
    0x08002048   0x08002048   0x0000002e   Code   RO         1821    i._printf_pre_padding  mc_w.l(printfa.o)
    0x08002076   0x08002076   0x00000010   Data   RO         1067    .rodata.APBAHBPrescTable  stm32f4xx_rcc.o
    0x08002086   0x08002086   0x00000052   Data   RO         1705    .rodata.str1.1      main.o
    0x080020d8   0x080020d8   0x000000d1   Data   RO         1773    .rodata.str1.1      bsp_i2c_ee.o
    0x080021a9   0x080021a9   0x00000003   PAD
    0x080021ac   0x080021ac   0x00000020   Data   RO         1888    Region$$Table       anon$$obj.o


    Execution Region RW_IRAM1 (Exec base: 0x20000000, Load base: 0x080021d0, Size: 0x00000408, Max: 0x00030000, ABSOLUTE)

    Exec Addr    Load Addr    Size         Type   Attr      Idx    E Section Name        Object

    0x20000000   0x080021d0   0x00000004   Data   RW         1852    .data               mc_w.l(stdout.o)
    0x20000004   0x080021d4   0x00000004   PAD
    0x20000008        -       0x00000400   Zero   RW            1    STACK               startup_stm32f429_439xx.o


==============================================================================

Image component sizes


      Code (inc. data)   RO Data    RW Data    ZI Data      Debug   Object Name

       222          0          0          0          0       3037   bsp_debug_usart.o
       832          0        209          0          0       2516   bsp_i2c_ee.o
       748          0          0          0          0       3166   bsp_i2c_gpio.o
       188          0          0          0          0       1876   bsp_led.o
       232          0         82          0          0       1305   main.o
        36          8        428          0       1024        976   startup_stm32f429_439xx.o
       454          0          0          0          0       4659   stm32f4xx_gpio.o
        26          0          0          0          0       1051   stm32f4xx_it.o
       466          0         16          0          0      10866   stm32f4xx_rcc.o
       490          0          0          0          0       7415   stm32f4xx_usart.o
       486          0          0          0          0       3509   system_stm32f4xx.o

    ----------------------------------------------------------------------
      4216          8        770          0       1024      40376   Object Totals
         0          0         32          0          0          0   (incl. Generated)
        36          0          3          0          0          0   (incl. Padding)

    ----------------------------------------------------------------------

      Code (inc. data)   RO Data    RW Data    ZI Data      Debug   Library Member Name

         0          0          0          0          0          0   entry.o
         0          0          0          0          0          0   entry10a.o
         0          0          0          0          0          0   entry11a.o
         8          4          0          0          0          0   entry2.o
         4          0          0          0          0          0   entry5.o
         0          0          0          0          0          0   entry7b.o
         0          0          0          0          0          0   entry8b.o
         8          4          0          0          0          0   entry9a.o
        30          0          0          0          0          0   handlers.o
        48         10          0          0          0         68   init.o
         0          0          0          0          0          0   iusefp.o
        30          0          0          0          0         68   llshl.o
        36          0          0          0          0         68   llsshr.o
        32          0          0          0          0         68   llushr.o
      2258         90          0          0          0        452   printfa.o
         0          0          0          4          0          0   stdout.o
        44          0          0          0          0         80   uidiv.o
        98          0          0          0          0         92   uldiv.o
        48          0          0          0          0         68   cdrcmple.o
       334          0          0          0          0        148   dadd.o
       222          0          0          0          0        100   ddiv.o
       186          0          0          0          0        176   depilogue.o
        48          0          0          0          0         68   dfixul.o
       228          0          0          0          0         96   dmul.o

    ----------------------------------------------------------------------
      3666        108          0          4          4       1552   Library Totals
         4          0          0          0          4          0   (incl. Padding)

    ----------------------------------------------------------------------

      Code (inc. data)   RO Data    RW Data    ZI Data      Debug   Library Name

      2596        108          0          4          0        896   mc_w.l
      1066          0          0          0          0        656   mf_w.l

    ----------------------------------------------------------------------
      3666        108          0          4          4       1552   Library Totals

    ----------------------------------------------------------------------

==============================================================================


      Code (inc. data)   RO Data    RW Data    ZI Data      Debug   

      7882        116        770          4       1028      41120   Grand Totals
      7882        116        770          4       1028      41120   ELF Image Totals
      7882        116        770          4          0          0   ROM Totals

==============================================================================

    Total RO  Size (Code + RO Data)                 8652 (   8.45kB)
    Total RW  Size (RW Data + ZI Data)              1032 (   1.01kB)
    Total ROM Size (Code + RO Data + RW Data)       8656 (   8.45kB)

==============================================================================

