<html>
<body>
<pre>
<h1>�Vision Build Log</h1>
<h2>Tool Versions:</h2>
IDE-Version: ��Vision V5.41.0.0
Copyright (C) 2024 ARM Ltd and ARM Germany GmbH. All rights reserved.
License Information:  ,  , LIC=9WSKC-71JM2-01EP1-CU23E-K7DGB-R1REM
 
Tool Versions:
Toolchain:       MDK-ARM Plus  Version: 5.41.0.0
Toolchain Path:  D:\software\Keil_v5\ARM\ARMCLANG\Bin
C Compiler:      ArmClang.exe V6.22
Assembler:       Armasm.exe V6.22
Linker/Locator:  ArmLink.exe V6.22
Library Manager: ArmAr.exe V6.22
Hex Converter:   FromElf.exe V6.22
CPU DLL:         SARMCM3.DLL V5.41.0.0
Dialog DLL:      DCM.DLL V1.17.5.0
Target DLL:      CMSIS_AGDI.dll V1.33.21.0
Dialog DLL:      TCM.DLL V1.56.4.0
 
<h2>Project:</h2>
F:\Generated_Files\section_2\MyProject45_PWR_LowPowerPowerManagement\4_PWR_StopMode\Project\RVMDK��uv5��\BH-F429.uvprojx
Project File Date:  04/14/2025

<h2>Output:</h2>
*** Using Compiler 'V6.22', folder: 'D:\software\Keil_v5\ARM\ARMCLANG\Bin'
Build target 'ֹͣģʽ'
assembling startup_stm32f429_439xx.s...
compiling stm32f4xx_cec.c...
compiling stm32f4xx_crc.c...
compiling misc.c...
compiling system_stm32f4xx.c...
compiling stm32f4xx_cryp.c...
compiling stm32f4xx_adc.c...
compiling stm32f4xx_can.c...
compiling stm32f4xx_cryp_des.c...
compiling stm32f4xx_dbgmcu.c...
compiling stm32f4xx_cryp_tdes.c...
compiling stm32f4xx_dcmi.c...
compiling stm32f4xx_dac.c...
compiling stm32f4xx_dma2d.c...
compiling stm32f4xx_dma.c...
compiling stm32f4xx_cryp_aes.c...
compiling stm32f4xx_exti.c...
compiling stm32f4xx_flash_ramfunc.c...
compiling stm32f4xx_fmpi2c.c...
compiling stm32f4xx_flash.c...
compiling stm32f4xx_gpio.c...
compiling stm32f4xx_hash.c...
compiling stm32f4xx_hash_md5.c...
compiling stm32f4xx_fmc.c...
compiling stm32f4xx_hash_sha1.c...
compiling stm32f4xx_iwdg.c...
compiling stm32f4xx_i2c.c...
compiling stm32f4xx_pwr.c...
compiling stm32f4xx_qspi.c...
compiling stm32f4xx_ltdc.c...
compiling stm32f4xx_rng.c...
compiling stm32f4xx_rcc.c...
compiling stm32f4xx_sai.c...
compiling stm32f4xx_spdifrx.c...
compiling stm32f4xx_sdio.c...
compiling stm32f4xx_syscfg.c...
compiling stm32f4xx_spi.c...
compiling stm32f4xx_rtc.c...
compiling stm32f4xx_wwdg.c...
compiling stm32f4xx_usart.c...
../../User/main.c(46): warning: illegal character encoding in string literal [-Winvalid-source-encoding]
   46 |         printf("\r\n <BB><B6>ӭʹ<D3><C3>Ұ<BB><F0>  STM32 F429 <BF><AA><B7><A2><B0>塣\r\n");
      |                      ^~~~~~~~  ~~~~~~~~ ~~~~~~~~             ~~~~~~~~~~~~~~~~~~~~
../../User/main.c(47): warning: illegal character encoding in string literal [-Winvalid-source-encoding]
   47 |   printf("\r\n Ұ<BB><F0>F429 ֹͣģʽ<C0><FD><B3><CC>\r\n");
      |                 ^~~~~~~~       ~~~~~~~~~~~~~~~~
../../User/main.c(49): warning: illegal character encoding in string literal [-Winvalid-source-encoding]
   49 |         printf("\r\n ʵ<D1><E9>˵<C3><F7><A3><BA>\r\n");
      |                       ^~~~~~~~ ~~~~~~~~~~~~~~~~
../../User/main.c(51): warning: illegal character encoding in string literal [-Winvalid-source-encoding]
   51 |         printf("\r\n 1.<B1><BE><B3><CC><D0><F2><D6>У<AC><C2>̵Ʊ<ED>ʾSTM32<D5><FD><B3><A3><D4><CB><D0>У<AC><BA><EC><B5>Ʊ<ED>ʾֹͣ״̬<A3><AC><C0><B6><B5>Ʊ<ED>ʾ<B8>մ<D3>ֹͣ״̬<B1><BB><BB><BD><D0><D1>\r\n");
      |                        ^~~~~~~~~~~~~~~~~~~~~~~~~~~~ ~~~~~~~~ ~~~~      ~~~~~~~~~~~~~~~~~~~~~~~~~~~~ ~~~~~~~~~~~~~~~~ ~~~~  ~~~~~~~~~~~~~~~~~~~~ ~~~~ ~~~~ ~~~~ ~~~~~~~~~~~~~~~~~~~~~~~~
../../User/main.c(52): warning: illegal character encoding in string literal [-Winvalid-source-encoding]
   52 |         printf("\r\n 2.<D4><DA>ֹͣ״̬<CF>£<AC><BF><C9>ʹ<D3><C3>KEY1<BB><F2>KEY2<BB><BD><D0><D1>\r\n");
      |                        ^~~~~~~~ ~~~~ ~~~~~~~~~~~~ ~~~~~~~~    ~~~~~~~~    ~~~~~~~~~~~~~~~~
../../User/main.c(53): warning: illegal character encoding in string literal [-Winvalid-source-encoding]
   53 |         printf("\r\n 3.<B1><BE>ʵ<D1><E9>ִ<D0><D0><D5><E2><D1><F9>һ<B8><F6>ѭ<BB><B7><A3><BA>\r\n ------<A1><B7><C1><C1><C2>̵<C6>(<D5><FD><B3><A3><D4><CB><D0><D0>)-><C1><C1><BA><EC><B5><C6>(ֹͣģʽ)-><B0><B4>KEY1<BB><F2>KEY2<BB><BD><D0><D1>-><C1><C1><C0><B6><B5><C6>(<B8>ձ<BB><BB><BD><D0><D1>)-----<A1><B7>\r\n");
      |                        ^~~~~~~~ ~~~~~~~~~~~~~~~~~~~~~~~~~~~~~~~~ ~~~~~~~~ ~~~~~~~~~~~~~~~~
../../User/main.c(53): warning: illegal character encoding in string literal [-Winvalid-source-encoding]
   53 |         printf("\r\n 3.<B1><BE>ʵ<D1><E9>ִ<D0><D0><D5><E2><D1><F9>һ<B8><F6>ѭ<BB><B7><A3><BA>\r\n ------<A1><B7><C1><C1><C2>̵<C6>(<D5><FD><B3><A3><D4><CB><D0><D0>)-><C1><C1><BA><EC><B5><C6>(ֹͣģʽ)-><B0><B4>KEY1<BB><F2>KEY2<BB><BD><D0><D1>-><C1><C1><C0><B6><B5><C6>(<B8>ձ<BB><BB><BD><D0><D1>)-----<A1><B7>\r\n");
      |                                                                                                      ^~~~~~~~~~~~~~~~~~~~~~~~ ~~~~~~~~~~~~~~~~~~~~~~~~~~~~~~~~   ~~~~~~~~~~~~~~~~~~~~~~~~      ~~~~~~~~    ~~~~~~~~    ~~~~~~~~~~~~~~~~  ~~~~~~~~~~~~~~~~~~~~~~~~ ~~~~ ~~~~~~~~~~~~~~~~~~~~      ~~~~~~~~
../../User/main.c(54): warning: illegal character encoding in string literal [-Winvalid-source-encoding]
   54 |         printf("\r\n 4.<D4><DA>ֹͣ״̬<CF>£<AC>DAP<CF><C2><D4><D8><C6><F7><CE><U+07B7><A8><B8><F8>STM32<CF><C2><D4>س<CC><D0><F2><A3><AC>\r\n <BF>ɰ<B4>KEY1<A1><A2>KEY2<BB><BD><D0>Ѻ<F3><CF><C2><D4>أ<AC>\r\n <BB><U+B0D38><B4>λ<BC><FC>ʹоƬ<B4><A6><D3>ڸ<B4>λ״̬<A3><AC>Ȼ<BA><F3><D4>ڵ<E7><C4><D4><C9>ϵ<E3><BB><F7><CF><C2><D4>ذ<B4>ť<A3><AC><D4><D9><CA>ͷŸ<B4>λ<B0><B4><BC><FC><A3><AC><BC><B4><BF><C9><CF><C2><D4><D8>\r\n");
      |                        ^~~~~~~~ ~~~~ ~~~~   ~~~~~~~~~~~~~~~~~~~~~~~~~~~~        ~~~~~~~~~~~~     ~~~~~~~~~~~~ ~~~~~~~~~~~~~~~~~~~~
../../User/main.c(54): warning: illegal character encoding in string literal [-Winvalid-source-encoding]
   54 |         printf("\r\n 4.<D4><DA>ֹͣ״̬<CF>£<AC>DAP<CF><C2><D4><D8><C6><F7><CE><U+07B7><A8><B8><F8>STM32<CF><C2><D4>س<CC><D0><F2><A3><AC>\r\n <BF>ɰ<B4>KEY1<A1><A2>KEY2<BB><BD><D0>Ѻ<F3><CF><C2><D4>أ<AC>\r\n <BB><U+B0D38><B4>λ<BC><FC>ʹоƬ<B4><A6><D3>ڸ<B4>λ״̬<A3><AC>Ȼ<BA><F3><D4>ڵ<E7><C4><D4><C9>ϵ<E3><BB><F7><CF><C2><D4>ذ<B4>ť<A3><AC><D4><D9><CA>ͷŸ<B4>λ<B0><B4><BC><FC><A3><AC><BC><B4><BF><C9><CF><C2><D4><D8>\r\n");
      |                                                                                                                                        ^~~~ ~~~~    ~~~~~~~~    ~~~~~~~~~~~~ ~~~~~~~~~~~~~~~~ ~~~~
../../User/main.c(54): warning: illegal character encoding in string literal [-Winvalid-source-encoding]
   54 |         printf("\r\n 4.<D4><DA>ֹͣ״̬<CF>£<AC>DAP<CF><C2><D4><D8><C6><F7><CE><U+07B7><A8><B8><F8>STM32<CF><C2><D4>س<CC><D0><F2><A3><AC>\r\n <BF>ɰ<B4>KEY1<A1><A2>KEY2<BB><BD><D0>Ѻ<F3><CF><C2><D4>أ<AC>\r\n <BB><U+B0D38><B4>λ<BC><FC>ʹоƬ<B4><A6><D3>ڸ<B4>λ״̬<A3><AC>Ȼ<BA><F3><D4>ڵ<E7><C4><D4><C9>ϵ<E3><BB><F7><CF><C2><D4>ذ<B4>ť<A3><AC><D4><D9><CA>ͷŸ<B4>λ<B0><B4><BC><FC><A3><AC><BC><B4><BF><C9><CF><C2><D4><D8>\r\n");
      |                                                                                                                                                                                                        ^~~~         ~~~~ ~~~~~~~~   ~~~~~~~~~~~~ ~~~~  ~~~~~~~~ ~~~~~~~~~~~~ ~~~~~~~~~~~~~~~~ ~~~~~~~~~~~~~~~~~~~~~~~~ ~~~~ ~~~~~~~~~~~~~~~~~~~~  ~~~~ ~~~~~~~~~~~~~~~~~~~~~~~~~~~~~~~~~~~~~~~~~~~~~~~~~~~~~~~~
../../User/main.c(59): warning: illegal character encoding in string literal [-Winvalid-source-encoding]
   59 |                 printf("\r\n STM32<D5><FD><B3><A3><D4><CB><D0>У<AC><C1><C1><C2>̵<C6>\r\n");
      |                                   ^~~~~~~~~~~~~~~~~~~~~~~~~~~~ ~~~~~~~~~~~~~~~~~~~~
../../User/main.c(66): warning: illegal character encoding in string literal [-Winvalid-source-encoding]
   66 |                 printf("\r\n <BD><F8><C8><EB>ֹͣģʽ<A3><AC><B0><B4>KEY1<BB><F2>KEY2<B0><B4><BC><FC><BF>ɻ<BD><D0><D1>\r\n");
      |                              ^~~~~~~~~~~~~~~~  ~~~~~~~~~~~~~~~~    ~~~~~~~~    ~~~~~~~~~~~~~~~~~~~~ ~~~~~~~~~~~~
../../User/main.c(97): warning: illegal character encoding in string literal [-Winvalid-source-encoding]
   97 |                 printf("\r\n<D6><D8><D0><C2><C5><E4><D6>ú<F3><B5><C4>ʱ<D6><D3>״̬<A3><BA>\r\n");
      |                             ^~~~~~~~~~~~~~~~~~~~~~~~~~~~ ~~~~~~~~~~~~ ~~~~~~~~ ~~~~~~~~
../../User/main.c(98): warning: illegal character encoding in string literal [-Winvalid-source-encoding]
   98 |                 printf(" SYSCLKƵ<C2><CA>:%d,\r\n HCLKƵ<C2><CA>:%d,\r\n PCLK1Ƶ<C2><CA>:%d,\r\n PCLK2Ƶ<C2><CA>:%d,\r\n ʱ<D6><D3>Դ:%d (0<B1><ED>ʾHSI<A3><AC>8<B1><ED>ʾPLLCLK)\n", 
      |                                 ^~~~~~~~
../../User/main.c(98): warning: illegal character encoding in string literal [-Winvalid-source-encoding]
   98 |                 printf(" SYSCLKƵ<C2><CA>:%d,\r\n HCLKƵ<C2><CA>:%d,\r\n PCLK1Ƶ<C2><CA>:%d,\r\n PCLK2Ƶ<C2><CA>:%d,\r\n ʱ<D6><D3>Դ:%d (0<B1><ED>ʾHSI<A3><AC>8<B1><ED>ʾPLLCLK)\n", 
      |                                                       ^~~~~~~~
../../User/main.c(98): warning: illegal character encoding in string literal [-Winvalid-source-encoding]
   98 |                 printf(" SYSCLKƵ<C2><CA>:%d,\r\n HCLKƵ<C2><CA>:%d,\r\n PCLK1Ƶ<C2><CA>:%d,\r\n PCLK2Ƶ<C2><CA>:%d,\r\n ʱ<D6><D3>Դ:%d (0<B1><ED>ʾHSI<A3><AC>8<B1><ED>ʾPLLCLK)\n", 
      |                                                                              ^~~~~~~~
../../User/main.c(98): warning: illegal character encoding in string literal [-Winvalid-source-encoding]
   98 |                 printf(" SYSCLKƵ<C2><CA>:%d,\r\n HCLKƵ<C2><CA>:%d,\r\n PCLK1Ƶ<C2><CA>:%d,\r\n PCLK2Ƶ<C2><CA>:%d,\r\n ʱ<D6><D3>Դ:%d (0<B1><ED>ʾHSI<A3><AC>8<B1><ED>ʾPLLCLK)\n", 
      |                                                                                                     ^~~~~~~~
../../User/main.c(98): warning: illegal character encoding in string literal [-Winvalid-source-encoding]
   98 |                 printf(" SYSCLKƵ<C2><CA>:%d,\r\n HCLKƵ<C2><CA>:%d,\r\n PCLK1Ƶ<C2><CA>:%d,\r\n PCLK2Ƶ<C2><CA>:%d,\r\n ʱ<D6><D3>Դ:%d (0<B1><ED>ʾHSI<A3><AC>8<B1><ED>ʾPLLCLK)\n", 
      |                                                                                                                       ^~~~~~~~       ~~~~~~~~    ~~~~~~~~ ~~~~~~~~
../../User/main.c(105): warning: illegal character encoding in string literal [-Winvalid-source-encoding]
  105 |                 printf("\r\n<B8>ջ<BD><D0>ѵ<C4>ʱ<D6><D3>״̬<A3><BA>\r\n");   
      |                             ^~~~ ~~~~~~~~ ~~~~ ~~~~~~~~ ~~~~~~~~
../../User/main.c(106): warning: illegal character encoding in string literal [-Winvalid-source-encoding]
  106 |                 printf(" SYSCLKƵ<C2><CA>:%d,\r\n HCLKƵ<C2><CA>:%d,\r\n PCLK1Ƶ<C2><CA>:%d,\r\n PCLK2Ƶ<C2><CA>:%d,\r\n ʱ<D6><D3>Դ:%d (0<B1><ED>ʾHSI<A3><AC>8<B1><ED>ʾPLLCLK)\n", 
      |                                 ^~~~~~~~
../../User/main.c(106): warning: illegal character encoding in string literal [-Winvalid-source-encoding]
  106 |                 printf(" SYSCLKƵ<C2><CA>:%d,\r\n HCLKƵ<C2><CA>:%d,\r\n PCLK1Ƶ<C2><CA>:%d,\r\n PCLK2Ƶ<C2><CA>:%d,\r\n ʱ<D6><D3>Դ:%d (0<B1><ED>ʾHSI<A3><AC>8<B1><ED>ʾPLLCLK)\n", 
      |                                                       ^~~~~~~~
../../User/main.c(106): warning: illegal character encoding in string literal [-Winvalid-source-encoding]
  106 |                 printf(" SYSCLKƵ<C2><CA>:%d,\r\n HCLKƵ<C2><CA>:%d,\r\n PCLK1Ƶ<C2><CA>:%d,\r\n PCLK2Ƶ<C2><CA>:%d,\r\n ʱ<D6><D3>Դ:%d (0<B1><ED>ʾHSI<A3><AC>8<B1><ED>ʾPLLCLK)\n", 
      |                                                                              ^~~~~~~~
../../User/main.c(106): warning: illegal character encoding in string literal [-Winvalid-source-encoding]
  106 |                 printf(" SYSCLKƵ<C2><CA>:%d,\r\n HCLKƵ<C2><CA>:%d,\r\n PCLK1Ƶ<C2><CA>:%d,\r\n PCLK2Ƶ<C2><CA>:%d,\r\n ʱ<D6><D3>Դ:%d (0<B1><ED>ʾHSI<A3><AC>8<B1><ED>ʾPLLCLK)\n", 
      |                                                                                                     ^~~~~~~~
../../User/main.c(106): warning: illegal character encoding in string literal [-Winvalid-source-encoding]
  106 |                 printf(" SYSCLKƵ<C2><CA>:%d,\r\n HCLKƵ<C2><CA>:%d,\r\n PCLK1Ƶ<C2><CA>:%d,\r\n PCLK2Ƶ<C2><CA>:%d,\r\n ʱ<D6><D3>Դ:%d (0<B1><ED>ʾHSI<A3><AC>8<B1><ED>ʾPLLCLK)\n", 
      |                                                                                                                       ^~~~~~~~       ~~~~~~~~    ~~~~~~~~ ~~~~~~~~
../../User/main.c(117): warning: illegal character encoding in string literal [-Winvalid-source-encoding]
  117 |                 printf("\r\n <D2><D1><CD>˳<F6>ֹͣģʽ\r\n");
      |                              ^~~~~~~~~~~~ ~~~~
25 warnings generated.
compiling main.c...
compiling stm32f4xx_tim.c...
compiling stm32f4xx_it.c...
compiling bsp_debug_usart.c...
compiling bsp_led.c...
compiling bsp_exti.c...
linking...
Program Size: Code=3100 RO-data=1076 RW-data=4 ZI-data=1028  
FromELF: creating hex file...
"..\..\Output\ֹͣģʽ.axf" - 0 Error(s), 25 Warning(s).

<h2>Software Packages used:</h2>

Package Vendor: Keil
                https://www.keil.com/pack/Keil.STM32F4xx_DFP.3.0.0.pack
                Keil::STM32F4xx_DFP@3.0.0
                STMicroelectronics STM32F4 Series Device Support

<h2>Collection of Component include folders:</h2>

<h2>Collection of Component Files used:</h2>
Build Time Elapsed:  00:00:04
</pre>
</body>
</html>
