Component: ARM Compiler 5.06 update 7 (build 960) Tool: armlink [4d3601]

==============================================================================

Section Cross References

    startup_stm32f429_439xx.o(RESET) refers to startup_stm32f429_439xx.o(STACK) for __initial_sp
    startup_stm32f429_439xx.o(RESET) refers to startup_stm32f429_439xx.o(.text) for Reset_Handler
    startup_stm32f429_439xx.o(RESET) refers to stm32f4xx_it.o(i.NMI_Handler) for NMI_Handler
    startup_stm32f429_439xx.o(RESET) refers to stm32f4xx_it.o(i.HardFault_Handler) for HardFault_Handler
    startup_stm32f429_439xx.o(RESET) refers to stm32f4xx_it.o(i.MemManage_Handler) for MemManage_Handler
    startup_stm32f429_439xx.o(RESET) refers to stm32f4xx_it.o(i.BusFault_Handler) for BusFault_Handler
    startup_stm32f429_439xx.o(RESET) refers to stm32f4xx_it.o(i.UsageFault_Handler) for UsageFault_Handler
    startup_stm32f429_439xx.o(RESET) refers to stm32f4xx_it.o(i.SVC_Handler) for SVC_Handler
    startup_stm32f429_439xx.o(RESET) refers to stm32f4xx_it.o(i.DebugMon_Handler) for DebugMon_Handler
    startup_stm32f429_439xx.o(RESET) refers to stm32f4xx_it.o(i.PendSV_Handler) for PendSV_Handler
    startup_stm32f429_439xx.o(RESET) refers to stm32f4xx_it.o(i.SysTick_Handler) for SysTick_Handler
    startup_stm32f429_439xx.o(.text) refers to system_stm32f4xx.o(i.SystemInit) for SystemInit
    startup_stm32f429_439xx.o(.text) refers to entry.o(.ARM.Collect$$$$00000000) for __main
    system_stm32f4xx.o(i.SystemCoreClockUpdate) refers to system_stm32f4xx.o(.data) for .data
    system_stm32f4xx.o(i.SystemInit) refers to system_stm32f4xx.o(i.SetSysClock) for SetSysClock
    stm32f4xx_adc.o(i.ADC_DeInit) refers to stm32f4xx_rcc.o(i.RCC_APB2PeriphResetCmd) for RCC_APB2PeriphResetCmd
    stm32f4xx_can.o(i.CAN_DeInit) refers to stm32f4xx_rcc.o(i.RCC_APB1PeriphResetCmd) for RCC_APB1PeriphResetCmd
    stm32f4xx_can.o(i.CAN_GetITStatus) refers to stm32f4xx_can.o(i.CheckITStatus) for CheckITStatus
    stm32f4xx_cryp.o(i.CRYP_DeInit) refers to stm32f4xx_rcc.o(i.RCC_AHB2PeriphResetCmd) for RCC_AHB2PeriphResetCmd
    stm32f4xx_cryp_aes.o(i.CRYP_AES_CBC) refers to stm32f4xx_cryp.o(i.CRYP_KeyStructInit) for CRYP_KeyStructInit
    stm32f4xx_cryp_aes.o(i.CRYP_AES_CBC) refers to stm32f4xx_cryp.o(i.CRYP_KeyInit) for CRYP_KeyInit
    stm32f4xx_cryp_aes.o(i.CRYP_AES_CBC) refers to stm32f4xx_cryp.o(i.CRYP_Init) for CRYP_Init
    stm32f4xx_cryp_aes.o(i.CRYP_AES_CBC) refers to stm32f4xx_cryp.o(i.CRYP_IVInit) for CRYP_IVInit
    stm32f4xx_cryp_aes.o(i.CRYP_AES_CBC) refers to stm32f4xx_cryp.o(i.CRYP_FIFOFlush) for CRYP_FIFOFlush
    stm32f4xx_cryp_aes.o(i.CRYP_AES_CBC) refers to stm32f4xx_cryp.o(i.CRYP_Cmd) for CRYP_Cmd
    stm32f4xx_cryp_aes.o(i.CRYP_AES_CBC) refers to stm32f4xx_cryp.o(i.CRYP_GetCmdStatus) for CRYP_GetCmdStatus
    stm32f4xx_cryp_aes.o(i.CRYP_AES_CBC) refers to stm32f4xx_cryp.o(i.CRYP_GetFlagStatus) for CRYP_GetFlagStatus
    stm32f4xx_cryp_aes.o(i.CRYP_AES_CBC) refers to stm32f4xx_cryp.o(i.CRYP_DataIn) for CRYP_DataIn
    stm32f4xx_cryp_aes.o(i.CRYP_AES_CBC) refers to stm32f4xx_cryp.o(i.CRYP_DataOut) for CRYP_DataOut
    stm32f4xx_cryp_aes.o(i.CRYP_AES_CCM) refers to stm32f4xx_cryp.o(i.CRYP_KeyStructInit) for CRYP_KeyStructInit
    stm32f4xx_cryp_aes.o(i.CRYP_AES_CCM) refers to stm32f4xx_cryp.o(i.CRYP_FIFOFlush) for CRYP_FIFOFlush
    stm32f4xx_cryp_aes.o(i.CRYP_AES_CCM) refers to stm32f4xx_cryp.o(i.CRYP_KeyInit) for CRYP_KeyInit
    stm32f4xx_cryp_aes.o(i.CRYP_AES_CCM) refers to stm32f4xx_cryp.o(i.CRYP_IVInit) for CRYP_IVInit
    stm32f4xx_cryp_aes.o(i.CRYP_AES_CCM) refers to stm32f4xx_cryp.o(i.CRYP_Init) for CRYP_Init
    stm32f4xx_cryp_aes.o(i.CRYP_AES_CCM) refers to stm32f4xx_cryp.o(i.CRYP_PhaseConfig) for CRYP_PhaseConfig
    stm32f4xx_cryp_aes.o(i.CRYP_AES_CCM) refers to stm32f4xx_cryp.o(i.CRYP_DataIn) for CRYP_DataIn
    stm32f4xx_cryp_aes.o(i.CRYP_AES_CCM) refers to stm32f4xx_cryp.o(i.CRYP_Cmd) for CRYP_Cmd
    stm32f4xx_cryp_aes.o(i.CRYP_AES_CCM) refers to stm32f4xx_cryp.o(i.CRYP_GetCmdStatus) for CRYP_GetCmdStatus
    stm32f4xx_cryp_aes.o(i.CRYP_AES_CCM) refers to stm32f4xx_cryp.o(i.CRYP_GetFlagStatus) for CRYP_GetFlagStatus
    stm32f4xx_cryp_aes.o(i.CRYP_AES_CCM) refers to stm32f4xx_cryp.o(i.CRYP_DataOut) for CRYP_DataOut
    stm32f4xx_cryp_aes.o(i.CRYP_AES_CTR) refers to stm32f4xx_cryp.o(i.CRYP_KeyStructInit) for CRYP_KeyStructInit
    stm32f4xx_cryp_aes.o(i.CRYP_AES_CTR) refers to stm32f4xx_cryp.o(i.CRYP_KeyInit) for CRYP_KeyInit
    stm32f4xx_cryp_aes.o(i.CRYP_AES_CTR) refers to stm32f4xx_cryp.o(i.CRYP_Init) for CRYP_Init
    stm32f4xx_cryp_aes.o(i.CRYP_AES_CTR) refers to stm32f4xx_cryp.o(i.CRYP_IVInit) for CRYP_IVInit
    stm32f4xx_cryp_aes.o(i.CRYP_AES_CTR) refers to stm32f4xx_cryp.o(i.CRYP_FIFOFlush) for CRYP_FIFOFlush
    stm32f4xx_cryp_aes.o(i.CRYP_AES_CTR) refers to stm32f4xx_cryp.o(i.CRYP_Cmd) for CRYP_Cmd
    stm32f4xx_cryp_aes.o(i.CRYP_AES_CTR) refers to stm32f4xx_cryp.o(i.CRYP_GetCmdStatus) for CRYP_GetCmdStatus
[...]
    Removing stm32f4xx_syscfg.o(.rrx_text), (6 bytes).
    Removing stm32f4xx_syscfg.o(i.SYSCFG_CompensationCellCmd), (12 bytes).
    Removing stm32f4xx_syscfg.o(i.SYSCFG_DeInit), (24 bytes).
    Removing stm32f4xx_syscfg.o(i.SYSCFG_ETH_MediaInterfaceConfig), (12 bytes).
    Removing stm32f4xx_syscfg.o(i.SYSCFG_EXTILineConfig), (44 bytes).
    Removing stm32f4xx_syscfg.o(i.SYSCFG_GetCompensationCellStatus), (20 bytes).
    Removing stm32f4xx_syscfg.o(i.SYSCFG_MemoryRemapConfig), (12 bytes).
    Removing stm32f4xx_syscfg.o(i.SYSCFG_MemorySwappingBank), (12 bytes).
    Removing stm32f4xx_tim.o(.rev16_text), (4 bytes).
    Removing stm32f4xx_tim.o(.revsh_text), (4 bytes).
    Removing stm32f4xx_tim.o(.rrx_text), (6 bytes).
    Removing stm32f4xx_tim.o(i.TI1_Config), (46 bytes).
    Removing stm32f4xx_tim.o(i.TI2_Config), (54 bytes).
    Removing stm32f4xx_tim.o(i.TI3_Config), (50 bytes).
    Removing stm32f4xx_tim.o(i.TI4_Config), (54 bytes).
    Removing stm32f4xx_tim.o(i.TIM_ARRPreloadConfig), (24 bytes).
    Removing stm32f4xx_tim.o(i.TIM_BDTRConfig), (34 bytes).
    Removing stm32f4xx_tim.o(i.TIM_BDTRStructInit), (18 bytes).
    Removing stm32f4xx_tim.o(i.TIM_CCPreloadControl), (24 bytes).
    Removing stm32f4xx_tim.o(i.TIM_CCxCmd), (22 bytes).
    Removing stm32f4xx_tim.o(i.TIM_CCxNCmd), (22 bytes).
    Removing stm32f4xx_tim.o(i.TIM_ClearFlag), (6 bytes).
    Removing stm32f4xx_tim.o(i.TIM_ClearITPendingBit), (6 bytes).
    Removing stm32f4xx_tim.o(i.TIM_ClearOC1Ref), (12 bytes).
    Removing stm32f4xx_tim.o(i.TIM_ClearOC2Ref), (20 bytes).
    Removing stm32f4xx_tim.o(i.TIM_ClearOC3Ref), (12 bytes).
    Removing stm32f4xx_tim.o(i.TIM_ClearOC4Ref), (20 bytes).
    Removing stm32f4xx_tim.o(i.TIM_Cmd), (24 bytes).
    Removing stm32f4xx_tim.o(i.TIM_CounterModeConfig), (12 bytes).
    Removing stm32f4xx_tim.o(i.TIM_CtrlPWMOutputs), (28 bytes).
    Removing stm32f4xx_tim.o(i.TIM_DMACmd), (20 bytes).
    Removing stm32f4xx_tim.o(i.TIM_DMAConfig), (8 bytes).
    Removing stm32f4xx_tim.o(i.TIM_DeInit), (428 bytes).
    Removing stm32f4xx_tim.o(i.TIM_ETRClockMode1Config), (32 bytes).
    Removing stm32f4xx_tim.o(i.TIM_ETRClockMode2Config), (20 bytes).
    Removing stm32f4xx_tim.o(i.TIM_ETRConfig), (24 bytes).
    Removing stm32f4xx_tim.o(i.TIM_EncoderInterfaceConfig), (50 bytes).
    Removing stm32f4xx_tim.o(i.TIM_ForcedOC1Config), (12 bytes).
    Removing stm32f4xx_tim.o(i.TIM_ForcedOC2Config), (20 bytes).
    Removing stm32f4xx_tim.o(i.TIM_ForcedOC3Config), (12 bytes).
    Removing stm32f4xx_tim.o(i.TIM_ForcedOC4Config), (20 bytes).
    Removing stm32f4xx_tim.o(i.TIM_GenerateEvent), (4 bytes).
    Removing stm32f4xx_tim.o(i.TIM_GetCapture1), (4 bytes).
    Removing stm32f4xx_tim.o(i.TIM_GetCapture2), (4 bytes).
    Removing stm32f4xx_tim.o(i.TIM_GetCapture3), (4 bytes).
    Removing stm32f4xx_tim.o(i.TIM_GetCapture4), (4 bytes).
    Removing stm32f4xx_tim.o(i.TIM_GetCounter), (4 bytes).
    Removing stm32f4xx_tim.o(i.TIM_GetFlagStatus), (14 bytes).
    Removing stm32f4xx_tim.o(i.TIM_GetITStatus), (24 bytes).
    Removing stm32f4xx_tim.o(i.TIM_GetPrescaler), (4 bytes).
    Removing stm32f4xx_tim.o(i.TIM_ICInit), (98 bytes).
    Removing stm32f4xx_tim.o(i.TIM_ICStructInit), (16 bytes).
    Removing stm32f4xx_tim.o(i.TIM_ITConfig), (20 bytes).
    Removing stm32f4xx_tim.o(i.TIM_ITRxExternalClockConfig), (20 bytes).
    Removing stm32f4xx_tim.o(i.TIM_InternalClockConfig), (10 bytes).
    Removing stm32f4xx_tim.o(i.TIM_OC1FastConfig), (12 bytes).
    Removing stm32f4xx_tim.o(i.TIM_OC1Init), (104 bytes).
    Removing stm32f4xx_tim.o(i.TIM_OC1NPolarityConfig), (12 bytes).
    Removing stm32f4xx_tim.o(i.TIM_OC1PolarityConfig), (12 bytes).
    Removing stm32f4xx_tim.o(i.TIM_OC1PreloadConfig), (12 bytes).
    Removing stm32f4xx_tim.o(i.TIM_OC2FastConfig), (20 bytes).
    Removing stm32f4xx_tim.o(i.TIM_OC2Init), (136 bytes).
    Removing stm32f4xx_tim.o(i.TIM_OC2NPolarityConfig), (20 bytes).
    Removing stm32f4xx_tim.o(i.TIM_OC2PolarityConfig), (20 bytes).
    Removing stm32f4xx_tim.o(i.TIM_OC2PreloadConfig), (20 bytes).
    Removing stm32f4xx_tim.o(i.TIM_OC3FastConfig), (12 bytes).
    Removing stm32f4xx_tim.o(i.TIM_OC3Init), (132 bytes).
    Removing stm32f4xx_tim.o(i.TIM_OC3NPolarityConfig), (20 bytes).
    Removing stm32f4xx_tim.o(i.TIM_OC3PolarityConfig), (20 bytes).
    Removing stm32f4xx_tim.o(i.TIM_OC3PreloadConfig), (12 bytes).
    Removing stm32f4xx_tim.o(i.TIM_OC4FastConfig), (20 bytes).
    Removing stm32f4xx_tim.o(i.TIM_OC4Init), (100 bytes).
    Removing stm32f4xx_tim.o(i.TIM_OC4PolarityConfig), (20 bytes).
    Removing stm32f4xx_tim.o(i.TIM_OC4PreloadConfig), (20 bytes).
    Removing stm32f4xx_tim.o(i.TIM_OCStructInit), (20 bytes).
    Removing stm32f4xx_tim.o(i.TIM_PWMIConfig), (110 bytes).
    Removing stm32f4xx_tim.o(i.TIM_PrescalerConfig), (6 bytes).
    Removing stm32f4xx_tim.o(i.TIM_RemapConfig), (6 bytes).
    Removing stm32f4xx_tim.o(i.TIM_SelectCCDMA), (24 bytes).
    Removing stm32f4xx_tim.o(i.TIM_SelectCOM), (24 bytes).
    Removing stm32f4xx_tim.o(i.TIM_SelectHallSensor), (24 bytes).
    Removing stm32f4xx_tim.o(i.TIM_SelectInputTrigger), (12 bytes).
    Removing stm32f4xx_tim.o(i.TIM_SelectMasterSlaveMode), (16 bytes).
    Removing stm32f4xx_tim.o(i.TIM_SelectOCxM), (80 bytes).
    Removing stm32f4xx_tim.o(i.TIM_SelectOnePulseMode), (16 bytes).
    Removing stm32f4xx_tim.o(i.TIM_SelectOutputTrigger), (16 bytes).
    Removing stm32f4xx_tim.o(i.TIM_SelectSlaveMode), (16 bytes).
    Removing stm32f4xx_tim.o(i.TIM_SetAutoreload), (4 bytes).
    Removing stm32f4xx_tim.o(i.TIM_SetClockDivision), (16 bytes).
    Removing stm32f4xx_tim.o(i.TIM_SetCompare1), (4 bytes).
    Removing stm32f4xx_tim.o(i.TIM_SetCompare2), (4 bytes).
    Removing stm32f4xx_tim.o(i.TIM_SetCompare3), (4 bytes).
    Removing stm32f4xx_tim.o(i.TIM_SetCompare4), (4 bytes).
    Removing stm32f4xx_tim.o(i.TIM_SetCounter), (4 bytes).
    Removing stm32f4xx_tim.o(i.TIM_SetIC1Prescaler), (16 bytes).
    Removing stm32f4xx_tim.o(i.TIM_SetIC2Prescaler), (24 bytes).
    Removing stm32f4xx_tim.o(i.TIM_SetIC3Prescaler), (16 bytes).
    Removing stm32f4xx_tim.o(i.TIM_SetIC4Prescaler), (24 bytes).
    Removing stm32f4xx_tim.o(i.TIM_TIxExternalClockConfig), (48 bytes).
    Removing stm32f4xx_tim.o(i.TIM_TimeBaseInit), (124 bytes).
    Removing stm32f4xx_tim.o(i.TIM_TimeBaseStructInit), (18 bytes).
    Removing stm32f4xx_tim.o(i.TIM_UpdateDisableConfig), (24 bytes).
    Removing stm32f4xx_tim.o(i.TIM_UpdateRequestConfig), (24 bytes).
    Removing stm32f4xx_usart.o(.rev16_text), (4 bytes).
    Removing stm32f4xx_usart.o(.revsh_text), (4 bytes).
    Removing stm32f4xx_usart.o(.rrx_text), (6 bytes).
    Removing stm32f4xx_usart.o(i.USART_ClearFlag), (8 bytes).
    Removing stm32f4xx_usart.o(i.USART_ClearITPendingBit), (16 bytes).
    Removing stm32f4xx_usart.o(i.USART_ClockInit), (28 bytes).
    Removing stm32f4xx_usart.o(i.USART_ClockStructInit), (12 bytes).
    Removing stm32f4xx_usart.o(i.USART_DMACmd), (20 bytes).
    Removing stm32f4xx_usart.o(i.USART_DeInit), (256 bytes).
    Removing stm32f4xx_usart.o(i.USART_GetITStatus), (64 bytes).
    Removing stm32f4xx_usart.o(i.USART_HalfDuplexCmd), (24 bytes).
    Removing stm32f4xx_usart.o(i.USART_ITConfig), (54 bytes).
    Removing stm32f4xx_usart.o(i.USART_IrDACmd), (24 bytes).
    Removing stm32f4xx_usart.o(i.USART_IrDAConfig), (16 bytes).
    Removing stm32f4xx_usart.o(i.USART_LINBreakDetectLengthConfig), (16 bytes).
    Removing stm32f4xx_usart.o(i.USART_LINCmd), (24 bytes).
    Removing stm32f4xx_usart.o(i.USART_OneBitMethodCmd), (24 bytes).
    Removing stm32f4xx_usart.o(i.USART_OverSampling8Cmd), (24 bytes).
    Removing stm32f4xx_usart.o(i.USART_ReceiveData), (8 bytes).
    Removing stm32f4xx_usart.o(i.USART_ReceiverWakeUpCmd), (24 bytes).
    Removing stm32f4xx_usart.o(i.USART_SendBreak), (10 bytes).
    Removing stm32f4xx_usart.o(i.USART_SetAddress), (16 bytes).
    Removing stm32f4xx_usart.o(i.USART_SetGuardTime), (16 bytes).
    Removing stm32f4xx_usart.o(i.USART_SetPrescaler), (16 bytes).
    Removing stm32f4xx_usart.o(i.USART_SmartCardCmd), (24 bytes).
    Removing stm32f4xx_usart.o(i.USART_SmartCardNACKCmd), (24 bytes).
    Removing stm32f4xx_usart.o(i.USART_StructInit), (22 bytes).
    Removing stm32f4xx_usart.o(i.USART_WakeUpConfig), (16 bytes).
    Removing stm32f4xx_wwdg.o(.rev16_text), (4 bytes).
    Removing stm32f4xx_wwdg.o(.revsh_text), (4 bytes).
    Removing stm32f4xx_wwdg.o(.rrx_text), (6 bytes).
    Removing stm32f4xx_wwdg.o(i.WWDG_ClearFlag), (12 bytes).
    Removing stm32f4xx_wwdg.o(i.WWDG_DeInit), (24 bytes).
    Removing stm32f4xx_wwdg.o(i.WWDG_Enable), (16 bytes).
    Removing stm32f4xx_wwdg.o(i.WWDG_EnableIT), (12 bytes).
    Removing stm32f4xx_wwdg.o(i.WWDG_GetFlagStatus), (20 bytes).
    Removing stm32f4xx_wwdg.o(i.WWDG_SetCounter), (16 bytes).
    Removing stm32f4xx_wwdg.o(i.WWDG_SetPrescaler), (20 bytes).
    Removing stm32f4xx_wwdg.o(i.WWDG_SetWindowValue), (32 bytes).
    Removing main.o(.rev16_text), (4 bytes).
    Removing main.o(.revsh_text), (4 bytes).
    Removing main.o(.rrx_text), (6 bytes).
    Removing stm32f4xx_it.o(.rev16_text), (4 bytes).
    Removing stm32f4xx_it.o(.revsh_text), (4 bytes).
    Removing stm32f4xx_it.o(.rrx_text), (6 bytes).
    Removing bsp_led.o(.rev16_text), (4 bytes).
    Removing bsp_led.o(.revsh_text), (4 bytes).
    Removing bsp_led.o(.rrx_text), (6 bytes).
    Removing bsp_sdram.o(.rev16_text), (4 bytes).
    Removing bsp_sdram.o(.revsh_text), (4 bytes).
    Removing bsp_sdram.o(.rrx_text), (6 bytes).
    Removing bsp_sdram.o(i.SDRAM_ReadBuffer), (48 bytes).
    Removing bsp_sdram.o(i.SDRAM_Test), (348 bytes).
    Removing bsp_sdram.o(i.SDRAM_WriteBuffer), (56 bytes).
    Removing bsp_lcd.o(.rev16_text), (4 bytes).
    Removing bsp_lcd.o(.revsh_text), (4 bytes).
    Removing bsp_lcd.o(.rrx_text), (6 bytes).
    Removing bsp_lcd.o(i.LCD_ClosedPolyLine), (36 bytes).
    Removing bsp_lcd.o(i.LCD_ClosedPolyLineRelative), (6 bytes).
    Removing bsp_lcd.o(i.LCD_CtrlLinesWrite), (4 bytes).
    Removing bsp_lcd.o(i.LCD_DrawEllipse), (1048 bytes).
    Removing bsp_lcd.o(i.LCD_DrawFullEllipse), (396 bytes).
    Removing bsp_lcd.o(i.LCD_DrawMonoPict), (64 bytes).
    Removing bsp_lcd.o(i.LCD_FillPolyLine), (272 bytes).
    Removing bsp_lcd.o(i.LCD_FillTriangle), (192 bytes).
    Removing bsp_lcd.o(i.LCD_GetColors), (16 bytes).
    Removing bsp_lcd.o(i.LCD_PolyLine), (40 bytes).
    Removing bsp_lcd.o(i.LCD_PolyLineRelative), (6 bytes).
    Removing bsp_lcd.o(i.LCD_PolyLineRelativeClosed), (98 bytes).
    Removing bsp_lcd.o(i.LCD_ReSetColorKeying), (56 bytes).
    Removing bsp_lcd.o(i.LCD_SetBackColor), (12 bytes).
    Removing bsp_lcd.o(i.LCD_SetColorKeying), (72 bytes).
    Removing bsp_lcd.o(i.LCD_SetCursor), (40 bytes).
    Removing bsp_lcd.o(i.LCD_SetDisplayWindow), (104 bytes).
    Removing bsp_lcd.o(i.LCD_Triangle), (58 bytes).
    Removing bsp_lcd.o(i.LCD_WindowModeDisable), (36 bytes).
    Removing bsp_lcd.o(i.LCD_WriteBMP), (308 bytes).
    Removing fonts.o(.constdata), (2304 bytes).
    Removing fonts.o(.constdata), (2304 bytes).
    Removing fonts.o(.constdata), (1536 bytes).
    Removing fonts.o(.data), (8 bytes).
    Removing fonts.o(.data), (8 bytes).
    Removing fonts.o(.data), (8 bytes).
    Removing bsp_i2c_touch.o(.rev16_text), (4 bytes).
    Removing bsp_i2c_touch.o(.revsh_text), (4 bytes).
    Removing bsp_i2c_touch.o(.rrx_text), (6 bytes).
    Removing bsp_touch_gtxx.o(.rev16_text), (4 bytes).
    Removing bsp_touch_gtxx.o(.revsh_text), (4 bytes).
    Removing bsp_touch_gtxx.o(.rrx_text), (6 bytes).
    Removing bsp_touch_gtxx.o(.constdata), (13 bytes).
    Removing bsp_touch_gtxx.o(.constdata), (13 bytes).
    Removing bsp_touch_gtxx.o(.constdata), (16 bytes).
    Removing bsp_touch_gtxx.o(.constdata), (17 bytes).
    Removing bsp_touch_gtxx.o(.constdata), (13 bytes).
    Removing bsp_usart.o(.rev16_text), (4 bytes).
    Removing bsp_usart.o(.revsh_text), (4 bytes).
    Removing bsp_usart.o(.rrx_text), (6 bytes).
    Removing bsp_usart.o(i.fgetc), (32 bytes).
    Removing dadd.o(.text), (334 bytes).
    Removing dmul.o(.text), (228 bytes).
    Removing ddiv.o(.text), (222 bytes).
    Removing dfixul.o(.text), (48 bytes).
    Removing cdrcmple.o(.text), (48 bytes).
    Removing depilogue.o(.text), (186 bytes).

860 unused section(s) (total 40634 bytes) removed from the image.

==============================================================================

Image Symbol Table

    Local Symbols

    Symbol Name                              Value     Ov Type        Size  Object(Section)

    ../clib/microlib/division.c              0x00000000   Number         0  uldiv.o ABSOLUTE
    ../clib/microlib/division.c              0x00000000   Number         0  uidiv.o ABSOLUTE
    ../clib/microlib/init/entry.s            0x00000000   Number         0  entry9a.o ABSOLUTE
    ../clib/microlib/init/entry.s            0x00000000   Number         0  entry5.o ABSOLUTE
    ../clib/microlib/init/entry.s            0x00000000   Number         0  entry7a.o ABSOLUTE
    ../clib/microlib/init/entry.s            0x00000000   Number         0  entry7b.o ABSOLUTE
    ../clib/microlib/init/entry.s            0x00000000   Number         0  entry8b.o ABSOLUTE
    ../clib/microlib/init/entry.s            0x00000000   Number         0  entry8a.o ABSOLUTE
    ../clib/microlib/init/entry.s            0x00000000   Number         0  entry2.o ABSOLUTE
    ../clib/microlib/init/entry.s            0x00000000   Number         0  entry10a.o ABSOLUTE
    ../clib/microlib/init/entry.s            0x00000000   Number         0  entry10b.o ABSOLUTE
    ../clib/microlib/init/entry.s            0x00000000   Number         0  entry9b.o ABSOLUTE
    ../clib/microlib/init/entry.s            0x00000000   Number         0  entry11a.o ABSOLUTE
    ../clib/microlib/init/entry.s            0x00000000   Number         0  entry11b.o ABSOLUTE
    ../clib/microlib/init/entry.s            0x00000000   Number         0  entry12a.o ABSOLUTE
    ../clib/microlib/init/entry.s            0x00000000   Number         0  entry12b.o ABSOLUTE
    ../clib/microlib/init/entry.s            0x00000000   Number         0  entry.o ABSOLUTE
    ../clib/microlib/longlong.c              0x00000000   Number         0  llshl.o ABSOLUTE
    ../clib/microlib/longlong.c              0x00000000   Number         0  llushr.o ABSOLUTE
    ../clib/microlib/longlong.c              0x00000000   Number         0  llsshr.o ABSOLUTE
    ../clib/microlib/printf/printf.c         0x00000000   Number         0  printf6.o ABSOLUTE
    ../clib/microlib/printf/printf.c         0x00000000   Number         0  printf7.o ABSOLUTE
    ../clib/microlib/printf/printf.c         0x00000000   Number         0  printf8.o ABSOLUTE
    ../clib/microlib/printf/printf.c         0x00000000   Number         0  printf2.o ABSOLUTE
    ../clib/microlib/printf/printf.c         0x00000000   Number         0  printfa.o ABSOLUTE
    ../clib/microlib/printf/printf.c         0x00000000   Number         0  printf1.o ABSOLUTE
    ../clib/microlib/printf/printf.c         0x00000000   Number         0  printf3.o ABSOLUTE
    ../clib/microlib/printf/printf.c         0x00000000   Number         0  printf0.o ABSOLUTE
    ../clib/microlib/printf/printf.c         0x00000000   Number         0  printfb.o ABSOLUTE
    ../clib/microlib/printf/printf.c         0x00000000   Number         0  printf4.o ABSOLUTE
    ../clib/microlib/printf/printf.c         0x00000000   Number         0  printf5.o ABSOLUTE
    ../clib/microlib/printf/stubs.s          0x00000000   Number         0  stubs.o ABSOLUTE
    ../clib/microlib/stdio/streams.c         0x00000000   Number         0  stdout.o ABSOLUTE
    ../clib/microlib/stubs.s                 0x00000000   Number         0  iusefp.o ABSOLUTE
    ../fplib/microlib/fpadd.c                0x00000000   Number         0  dadd.o ABSOLUTE
    ../fplib/microlib/fpdiv.c                0x00000000   Number         0  ddiv.o ABSOLUTE
    ../fplib/microlib/fpepilogue.c           0x00000000   Number         0  depilogue.o ABSOLUTE
    ../fplib/microlib/fpfix.c                0x00000000   Number         0  dfixul.o ABSOLUTE
    ../fplib/microlib/fpmul.c                0x00000000   Number         0  dmul.o ABSOLUTE
    ..\..\Libraries\CMSIS\Device\ST\STM32F4xx\Source\Templates\arm\startup_stm32f429_439xx.s 0x00000000   Number         0  startup_stm32f429_439xx.o ABSOLUTE
    ..\..\Libraries\CMSIS\Device\ST\STM32F4xx\Source\Templates\system_stm32f4xx.c 0x00000000   Number         0  system_stm32f4xx.o ABSOLUTE
    ..\..\Libraries\STM32F4xx_StdPeriph_Driver\src\misc.c 0x00000000   Number         0  misc.o ABSOLUTE
    ..\..\Libraries\STM32F4xx_StdPeriph_Driver\src\stm32f4xx_adc.c 0x00000000   Number         0  stm32f4xx_adc.o ABSOLUTE
    ..\..\Libraries\STM32F4xx_StdPeriph_Driver\src\stm32f4xx_can.c 0x00000000   Number         0  stm32f4xx_can.o ABSOLUTE
    ..\..\Libraries\STM32F4xx_StdPeriph_Driver\src\stm32f4xx_cec.c 0x00000000   Number         0  stm32f4xx_cec.o ABSOLUTE
    ..\..\Libraries\STM32F4xx_StdPeriph_Driver\src\stm32f4xx_crc.c 0x00000000   Number         0  stm32f4xx_crc.o ABSOLUTE
    ..\..\Libraries\STM32F4xx_StdPeriph_Driver\src\stm32f4xx_cryp.c 0x00000000   Number         0  stm32f4xx_cryp.o ABSOLUTE
    ..\..\Libraries\STM32F4xx_StdPeriph_Driver\src\stm32f4xx_cryp_aes.c 0x00000000   Number         0  stm32f4xx_cryp_aes.o ABSOLUTE
    ..\..\Libraries\STM32F4xx_StdPeriph_Driver\src\stm32f4xx_cryp_des.c 0x00000000   Number         0  stm32f4xx_cryp_des.o ABSOLUTE
    ..\..\Libraries\STM32F4xx_StdPeriph_Driver\src\stm32f4xx_cryp_tdes.c 0x00000000   Number         0  stm32f4xx_cryp_tdes.o ABSOLUTE
    ..\..\Libraries\STM32F4xx_StdPeriph_Driver\src\stm32f4xx_dac.c 0x00000000   Number         0  stm32f4xx_dac.o ABSOLUTE
    ..\..\Libraries\STM32F4xx_StdPeriph_Driver\src\stm32f4xx_dbgmcu.c 0x00000000   Number         0  stm32f4xx_dbgmcu.o ABSOLUTE
    ..\..\Libraries\STM32F4xx_StdPeriph_Driver\src\stm32f4xx_dcmi.c 0x00000000   Number         0  stm32f4xx_dcmi.o ABSOLUTE
    ..\..\Libraries\STM32F4xx_StdPeriph_Driver\src\stm32f4xx_dma.c 0x00000000   Number         0  stm32f4xx_dma.o ABSOLUTE
    ..\..\Libraries\STM32F4xx_StdPeriph_Driver\src\stm32f4xx_dma2d.c 0x00000000   Number         0  stm32f4xx_dma2d.o ABSOLUTE
    ..\..\Libraries\STM32F4xx_StdPeriph_Driver\src\stm32f4xx_exti.c 0x00000000   Number         0  stm32f4xx_exti.o ABSOLUTE
    ..\..\Libraries\STM32F4xx_StdPeriph_Driver\src\stm32f4xx_flash.c 0x00000000   Number         0  stm32f4xx_flash.o ABSOLUTE
    ..\..\Libraries\STM32F4xx_StdPeriph_Driver\src\stm32f4xx_flash_ramfunc.c 0x00000000   Number         0  stm32f4xx_flash_ramfunc.o ABSOLUTE
    ..\..\Libraries\STM32F4xx_StdPeriph_Driver\src\stm32f4xx_fmc.c 0x00000000   Number         0  stm32f4xx_fmc.o ABSOLUTE
    ..\..\Libraries\STM32F4xx_StdPeriph_Driver\src\stm32f4xx_fmpi2c.c 0x00000000   Number         0  stm32f4xx_fmpi2c.o ABSOLUTE
    ..\..\Libraries\STM32F4xx_StdPeriph_Driver\src\stm32f4xx_gpio.c 0x00000000   Number         0  stm32f4xx_gpio.o ABSOLUTE
    ..\..\Libraries\STM32F4xx_StdPeriph_Driver\src\stm32f4xx_hash.c 0x00000000   Number         0  stm32f4xx_hash.o ABSOLUTE
    ..\..\Libraries\STM32F4xx_StdPeriph_Driver\src\stm32f4xx_hash_md5.c 0x00000000   Number         0  stm32f4xx_hash_md5.o ABSOLUTE
    ..\..\Libraries\STM32F4xx_StdPeriph_Driver\src\stm32f4xx_hash_sha1.c 0x00000000   Number         0  stm32f4xx_hash_sha1.o ABSOLUTE
    ..\..\Libraries\STM32F4xx_StdPeriph_Driver\src\stm32f4xx_i2c.c 0x00000000   Number         0  stm32f4xx_i2c.o ABSOLUTE
    ..\..\Libraries\STM32F4xx_StdPeriph_Driver\src\stm32f4xx_iwdg.c 0x00000000   Number         0  stm32f4xx_iwdg.o ABSOLUTE
    ..\..\Libraries\STM32F4xx_StdPeriph_Driver\src\stm32f4xx_ltdc.c 0x00000000   Number         0  stm32f4xx_ltdc.o ABSOLUTE
    ..\..\Libraries\STM32F4xx_StdPeriph_Driver\src\stm32f4xx_pwr.c 0x00000000   Number         0  stm32f4xx_pwr.o ABSOLUTE
    ..\..\Libraries\STM32F4xx_StdPeriph_Driver\src\stm32f4xx_qspi.c 0x00000000   Number         0  stm32f4xx_qspi.o ABSOLUTE
    ..\..\Libraries\STM32F4xx_StdPeriph_Driver\src\stm32f4xx_rcc.c 0x00000000   Number         0  stm32f4xx_rcc.o ABSOLUTE
    ..\..\Libraries\STM32F4xx_StdPeriph_Driver\src\stm32f4xx_rng.c 0x00000000   Number         0  stm32f4xx_rng.o ABSOLUTE
    ..\..\Libraries\STM32F4xx_StdPeriph_Driver\src\stm32f4xx_rtc.c 0x00000000   Number         0  stm32f4xx_rtc.o ABSOLUTE
    ..\..\Libraries\STM32F4xx_StdPeriph_Driver\src\stm32f4xx_sai.c 0x00000000   Number         0  stm32f4xx_sai.o ABSOLUTE
    ..\..\Libraries\STM32F4xx_StdPeriph_Driver\src\stm32f4xx_sdio.c 0x00000000   Number         0  stm32f4xx_sdio.o ABSOLUTE
    ..\..\Libraries\STM32F4xx_StdPeriph_Driver\src\stm32f4xx_spdifrx.c 0x00000000   Number         0  stm32f4xx_spdifrx.o ABSOLUTE
    ..\..\Libraries\STM32F4xx_StdPeriph_Driver\src\stm32f4xx_spi.c 0x00000000   Number         0  stm32f4xx_spi.o ABSOLUTE
    ..\..\Libraries\STM32F4xx_StdPeriph_Driver\src\stm32f4xx_syscfg.c 0x00000000   Number         0  stm32f4xx_syscfg.o ABSOLUTE
    ..\..\Libraries\STM32F4xx_StdPeriph_Driver\src\stm32f4xx_tim.c 0x00000000   Number         0  stm32f4xx_tim.o ABSOLUTE
    ..\..\Libraries\STM32F4xx_StdPeriph_Driver\src\stm32f4xx_usart.c 0x00000000   Number         0  stm32f4xx_usart.o ABSOLUTE
    ..\..\Libraries\STM32F4xx_StdPeriph_Driver\src\stm32f4xx_wwdg.c 0x00000000   Number         0  stm32f4xx_wwdg.o ABSOLUTE
    ..\..\User\font\fonts.c                  0x00000000   Number         0  fonts.o ABSOLUTE
    ..\..\User\lcd\bsp_lcd.c                 0x00000000   Number         0  bsp_lcd.o ABSOLUTE
    ..\..\User\led\bsp_led.c                 0x00000000   Number         0  bsp_led.o ABSOLUTE
    ..\..\User\main.c                        0x00000000   Number         0  main.o ABSOLUTE
    ..\..\User\sdram\bsp_sdram.c             0x00000000   Number         0  bsp_sdram.o ABSOLUTE
    ..\..\User\stm32f4xx_it.c                0x00000000   Number         0  stm32f4xx_it.o ABSOLUTE
    ..\..\User\touch\bsp_i2c_touch.c         0x00000000   Number         0  bsp_i2c_touch.o ABSOLUTE
    ..\..\User\touch\bsp_touch_gtxx.c        0x00000000   Number         0  bsp_touch_gtxx.o ABSOLUTE
    ..\..\User\usart\bsp_usart.c             0x00000000   Number         0  bsp_usart.o ABSOLUTE
    ..\\..\\Libraries\\CMSIS\\Device\\ST\\STM32F4xx\\Source\\Templates\\system_stm32f4xx.c 0x00000000   Number         0  system_stm32f4xx.o ABSOLUTE
    ..\\..\\Libraries\\STM32F4xx_StdPeriph_Driver\\src\\misc.c 0x00000000   Number         0  misc.o ABSOLUTE
    ..\\..\\Libraries\\STM32F4xx_StdPeriph_Driver\\src\\stm32f4xx_adc.c 0x00000000   Number         0  stm32f4xx_adc.o ABSOLUTE
    ..\\..\\Libraries\\STM32F4xx_StdPeriph_Driver\\src\\stm32f4xx_can.c 0x00000000   Number         0  stm32f4xx_can.o ABSOLUTE
    ..\\..\\Libraries\\STM32F4xx_StdPeriph_Driver\\src\\stm32f4xx_cec.c 0x00000000   Number         0  stm32f4xx_cec.o ABSOLUTE
    ..\\..\\Libraries\\STM32F4xx_StdPeriph_Driver\\src\\stm32f4xx_crc.c 0x00000000   Number         0  stm32f4xx_crc.o ABSOLUTE
    ..\\..\\Libraries\\STM32F4xx_StdPeriph_Driver\\src\\stm32f4xx_cryp.c 0x00000000   Number         0  stm32f4xx_cryp.o ABSOLUTE
    ..\\..\\Libraries\\STM32F4xx_StdPeriph_Driver\\src\\stm32f4xx_cryp_aes.c 0x00000000   Number         0  stm32f4xx_cryp_aes.o ABSOLUTE
    ..\\..\\Libraries\\STM32F4xx_StdPeriph_Driver\\src\\stm32f4xx_cryp_des.c 0x00000000   Number         0  stm32f4xx_cryp_des.o ABSOLUTE
    ..\\..\\Libraries\\STM32F4xx_StdPeriph_Driver\\src\\stm32f4xx_cryp_tdes.c 0x00000000   Number         0  stm32f4xx_cryp_tdes.o ABSOLUTE
    ..\\..\\Libraries\\STM32F4xx_StdPeriph_Driver\\src\\stm32f4xx_dac.c 0x00000000   Number         0  stm32f4xx_dac.o ABSOLUTE
    ..\\..\\Libraries\\STM32F4xx_StdPeriph_Driver\\src\\stm32f4xx_dbgmcu.c 0x00000000   Number         0  stm32f4xx_dbgmcu.o ABSOLUTE
    ..\\..\\Libraries\\STM32F4xx_StdPeriph_Driver\\src\\stm32f4xx_dcmi.c 0x00000000   Number         0  stm32f4xx_dcmi.o ABSOLUTE
    ..\\..\\Libraries\\STM32F4xx_StdPeriph_Driver\\src\\stm32f4xx_dma.c 0x00000000   Number         0  stm32f4xx_dma.o ABSOLUTE
    ..\\..\\Libraries\\STM32F4xx_StdPeriph_Driver\\src\\stm32f4xx_dma2d.c 0x00000000   Number         0  stm32f4xx_dma2d.o ABSOLUTE
    ..\\..\\Libraries\\STM32F4xx_StdPeriph_Driver\\src\\stm32f4xx_exti.c 0x00000000   Number         0  stm32f4xx_exti.o ABSOLUTE
    ..\\..\\Libraries\\STM32F4xx_StdPeriph_Driver\\src\\stm32f4xx_flash.c 0x00000000   Number         0  stm32f4xx_flash.o ABSOLUTE
    ..\\..\\Libraries\\STM32F4xx_StdPeriph_Driver\\src\\stm32f4xx_flash_ramfunc.c 0x00000000   Number         0  stm32f4xx_flash_ramfunc.o ABSOLUTE
    ..\\..\\Libraries\\STM32F4xx_StdPeriph_Driver\\src\\stm32f4xx_fmc.c 0x00000000   Number         0  stm32f4xx_fmc.o ABSOLUTE
    ..\\..\\Libraries\\STM32F4xx_StdPeriph_Driver\\src\\stm32f4xx_fmpi2c.c 0x00000000   Number         0  stm32f4xx_fmpi2c.o ABSOLUTE
    ..\\..\\Libraries\\STM32F4xx_StdPeriph_Driver\\src\\stm32f4xx_gpio.c 0x00000000   Number         0  stm32f4xx_gpio.o ABSOLUTE
    ..\\..\\Libraries\\STM32F4xx_StdPeriph_Driver\\src\\stm32f4xx_hash.c 0x00000000   Number         0  stm32f4xx_hash.o ABSOLUTE
    ..\\..\\Libraries\\STM32F4xx_StdPeriph_Driver\\src\\stm32f4xx_hash_md5.c 0x00000000   Number         0  stm32f4xx_hash_md5.o ABSOLUTE
    ..\\..\\Libraries\\STM32F4xx_StdPeriph_Driver\\src\\stm32f4xx_hash_sha1.c 0x00000000   Number         0  stm32f4xx_hash_sha1.o ABSOLUTE
    ..\\..\\Libraries\\STM32F4xx_StdPeriph_Driver\\src\\stm32f4xx_i2c.c 0x00000000   Number         0  stm32f4xx_i2c.o ABSOLUTE
    ..\\..\\Libraries\\STM32F4xx_StdPeriph_Driver\\src\\stm32f4xx_iwdg.c 0x00000000   Number         0  stm32f4xx_iwdg.o ABSOLUTE
    ..\\..\\Libraries\\STM32F4xx_StdPeriph_Driver\\src\\stm32f4xx_ltdc.c 0x00000000   Number         0  stm32f4xx_ltdc.o ABSOLUTE
    ..\\..\\Libraries\\STM32F4xx_StdPeriph_Driver\\src\\stm32f4xx_pwr.c 0x00000000   Number         0  stm32f4xx_pwr.o ABSOLUTE
    ..\\..\\Libraries\\STM32F4xx_StdPeriph_Driver\\src\\stm32f4xx_qspi.c 0x00000000   Number         0  stm32f4xx_qspi.o ABSOLUTE
    ..\\..\\Libraries\\STM32F4xx_StdPeriph_Driver\\src\\stm32f4xx_rcc.c 0x00000000   Number         0  stm32f4xx_rcc.o ABSOLUTE
    ..\\..\\Libraries\\STM32F4xx_StdPeriph_Driver\\src\\stm32f4xx_rng.c 0x00000000   Number         0  stm32f4xx_rng.o ABSOLUTE
    ..\\..\\Libraries\\STM32F4xx_StdPeriph_Driver\\src\\stm32f4xx_rtc.c 0x00000000   Number         0  stm32f4xx_rtc.o ABSOLUTE
    ..\\..\\Libraries\\STM32F4xx_StdPeriph_Driver\\src\\stm32f4xx_sai.c 0x00000000   Number         0  stm32f4xx_sai.o ABSOLUTE
    ..\\..\\Libraries\\STM32F4xx_StdPeriph_Driver\\src\\stm32f4xx_sdio.c 0x00000000   Number         0  stm32f4xx_sdio.o ABSOLUTE
    ..\\..\\Libraries\\STM32F4xx_StdPeriph_Driver\\src\\stm32f4xx_spdifrx.c 0x00000000   Number         0  stm32f4xx_spdifrx.o ABSOLUTE
    ..\\..\\Libraries\\STM32F4xx_StdPeriph_Driver\\src\\stm32f4xx_spi.c 0x00000000   Number         0  stm32f4xx_spi.o ABSOLUTE
    ..\\..\\Libraries\\STM32F4xx_StdPeriph_Driver\\src\\stm32f4xx_syscfg.c 0x00000000   Number         0  stm32f4xx_syscfg.o ABSOLUTE
    ..\\..\\Libraries\\STM32F4xx_StdPeriph_Driver\\src\\stm32f4xx_tim.c 0x00000000   Number         0  stm32f4xx_tim.o ABSOLUTE
    ..\\..\\Libraries\\STM32F4xx_StdPeriph_Driver\\src\\stm32f4xx_usart.c 0x00000000   Number         0  stm32f4xx_usart.o ABSOLUTE
    ..\\..\\Libraries\\STM32F4xx_StdPeriph_Driver\\src\\stm32f4xx_wwdg.c 0x00000000   Number         0  stm32f4xx_wwdg.o ABSOLUTE
    ..\\..\\User\\lcd\\bsp_lcd.c             0x00000000   Number         0  bsp_lcd.o ABSOLUTE
    ..\\..\\User\\led\\bsp_led.c             0x00000000   Number         0  bsp_led.o ABSOLUTE
    ..\\..\\User\\main.c                     0x00000000   Number         0  main.o ABSOLUTE
    ..\\..\\User\\sdram\\bsp_sdram.c         0x00000000   Number         0  bsp_sdram.o ABSOLUTE
    ..\\..\\User\\stm32f4xx_it.c             0x00000000   Number         0  stm32f4xx_it.o ABSOLUTE
    ..\\..\\User\\touch\\bsp_i2c_touch.c     0x00000000   Number         0  bsp_i2c_touch.o ABSOLUTE
    ..\\..\\User\\touch\\bsp_touch_gtxx.c    0x00000000   Number         0  bsp_touch_gtxx.o ABSOLUTE
    ..\\..\\User\\usart\\bsp_usart.c         0x00000000   Number         0  bsp_usart.o ABSOLUTE
    cdrcmple.s                               0x00000000   Number         0  cdrcmple.o ABSOLUTE
    dc.s                                     0x00000000   Number         0  dc.o ABSOLUTE
    handlers.s                               0x00000000   Number         0  handlers.o ABSOLUTE
    init.s                                   0x00000000   Number         0  init.o ABSOLUTE
    RESET                                    0x08000000   Section      428  startup_stm32f429_439xx.o(RESET)
    .ARM.Collect$$$$00000000                 0x080001ac   Section        0  entry.o(.ARM.Collect$$$$00000000)
    .ARM.Collect$$$$00000001                 0x080001ac   Section        4  entry2.o(.ARM.Collect$$$$00000001)
    .ARM.Collect$$$$00000004                 0x080001b0   Section        4  entry5.o(.ARM.Collect$$$$00000004)
    .ARM.Collect$$$$00000008                 0x080001b4   Section        0  entry7b.o(.ARM.Collect$$$$00000008)
    .ARM.Collect$$$$0000000A                 0x080001b4   Section        0  entry8b.o(.ARM.Collect$$$$0000000A)
    .ARM.Collect$$$$0000000B                 0x080001b4   Section        8  entry9a.o(.ARM.Collect$$$$0000000B)
    .ARM.Collect$$$$0000000E                 0x080001bc   Section        4  entry12b.o(.ARM.Collect$$$$0000000E)
    .ARM.Collect$$$$0000000F                 0x080001c0   Section        0  entry10a.o(.ARM.Collect$$$$0000000F)
    .ARM.Collect$$$$00000011                 0x080001c0   Section        0  entry11a.o(.ARM.Collect$$$$00000011)
    .ARM.Collect$$$$00002712                 0x080001c0   Section        4  entry2.o(.ARM.Collect$$$$00002712)
    __lit__00000000                          0x080001c0   Data           4  entry2.o(.ARM.Collect$$$$00002712)
    .text                                    0x080001c4   Section       36  startup_stm32f429_439xx.o(.text)
    $v0                                      0x080001c4   Number         0  startup_stm32f429_439xx.o(.text)
    .text                                    0x080001e8   Section        0  uldiv.o(.text)
    .text                                    0x0800024c   Section       36  init.o(.text)
    .text                                    0x08000270   Section        0  llshl.o(.text)
    .text                                    0x0800028e   Section        0  llushr.o(.text)
    i.BusFault_Handler                       0x080002ae   Section        0  stm32f4xx_it.o(i.BusFault_Handler)
    i.DMA2D_DeInit                           0x080002b0   Section        0  stm32f4xx_dma2d.o(i.DMA2D_DeInit)
    i.DMA2D_GetFlagStatus                    0x080002c8   Section        0  stm32f4xx_dma2d.o(i.DMA2D_GetFlagStatus)
    i.DMA2D_Init                             0x080002dc   Section        0  stm32f4xx_dma2d.o(i.DMA2D_Init)
    i.DMA2D_StartTransfer                    0x08000394   Section        0  stm32f4xx_dma2d.o(i.DMA2D_StartTransfer)
    i.DebugMon_Handler                       0x080003a4   Section        0  stm32f4xx_it.o(i.DebugMon_Handler)
    i.Delay                                  0x080003a6   Section        0  main.o(i.Delay)
    i.Delay                                  0x080003b8   Section        0  bsp_i2c_touch.o(i.Delay)
    Delay                                    0x080003b9   Thumb Code    18  bsp_i2c_touch.o(i.Delay)
    i.FMC_GetFlagStatus                      0x080003ca   Section        0  stm32f4xx_fmc.o(i.FMC_GetFlagStatus)
    i.FMC_SDRAMCmdConfig                     0x08000400   Section        0  stm32f4xx_fmc.o(i.FMC_SDRAMCmdConfig)
    i.FMC_SDRAMInit                          0x08000420   Section        0  stm32f4xx_fmc.o(i.FMC_SDRAMInit)
    i.FMC_SetRefreshCount                    0x08000528   Section        0  stm32f4xx_fmc.o(i.FMC_SetRefreshCount)
    i.GPIO_Init                              0x08000538   Section        0  stm32f4xx_gpio.o(i.GPIO_Init)
    i.GPIO_PinAFConfig                       0x080005b4   Section        0  stm32f4xx_gpio.o(i.GPIO_PinAFConfig)
    i.GPIO_ResetBits                         0x080005d4   Section        0  stm32f4xx_gpio.o(i.GPIO_ResetBits)
    i.GPIO_SetBits                           0x080005d8   Section        0  stm32f4xx_gpio.o(i.GPIO_SetBits)
    i.GTP_Get_Info                           0x080005dc   Section        0  bsp_touch_gtxx.o(i.GTP_Get_Info)
    GTP_Get_Info                             0x080005dd   Thumb Code   148  bsp_touch_gtxx.o(i.GTP_Get_Info)
    i.GTP_I2C_Read                           0x080006b4   Section        0  bsp_touch_gtxx.o(i.GTP_I2C_Read)
    GTP_I2C_Read                             0x080006b5   Thumb Code   102  bsp_touch_gtxx.o(i.GTP_I2C_Read)
    i.GTP_I2C_Test                           0x08000720   Section        0  bsp_touch_gtxx.o(i.GTP_I2C_Test)
    GTP_I2C_Test                             0x08000721   Thumb Code    80  bsp_touch_gtxx.o(i.GTP_I2C_Test)
    i.GTP_Init_ReadID                        0x080007a8   Section        0  bsp_touch_gtxx.o(i.GTP_Init_ReadID)
    i.GTP_Read_Version                       0x080007fc   Section        0  bsp_touch_gtxx.o(i.GTP_Read_Version)
    i.HardFault_Handler                      0x0800091c   Section        0  stm32f4xx_it.o(i.HardFault_Handler)
    i.I2C_AcknowledgeConfig                  0x0800091e   Section        0  stm32f4xx_i2c.o(i.I2C_AcknowledgeConfig)
    i.I2C_CheckEvent                         0x08000936   Section        0  stm32f4xx_i2c.o(i.I2C_CheckEvent)
    i.I2C_Cmd                                0x0800094e   Section        0  stm32f4xx_i2c.o(i.I2C_Cmd)
    i.I2C_GPIO_Config                        0x08000968   Section        0  bsp_i2c_touch.o(i.I2C_GPIO_Config)
    I2C_GPIO_Config                          0x08000969   Thumb Code   158  bsp_i2c_touch.o(i.I2C_GPIO_Config)
    i.I2C_GenerateSTART                      0x08000a14   Section        0  stm32f4xx_i2c.o(i.I2C_GenerateSTART)
    i.I2C_GenerateSTOP                       0x08000a2c   Section        0  stm32f4xx_i2c.o(i.I2C_GenerateSTOP)
    i.I2C_GetFlagStatus                      0x08000a44   Section        0  stm32f4xx_i2c.o(i.I2C_GetFlagStatus)
    i.I2C_Init                               0x08000a78   Section        0  stm32f4xx_i2c.o(i.I2C_Init)
    i.I2C_Mode_Config                        0x08000b34   Section        0  bsp_i2c_touch.o(i.I2C_Mode_Config)
    I2C_Mode_Config                          0x08000b35   Thumb Code    68  bsp_i2c_touch.o(i.I2C_Mode_Config)
    i.I2C_ReadBytes                          0x08000b80   Section        0  bsp_i2c_touch.o(i.I2C_ReadBytes)
    i.I2C_ReceiveData                        0x08000c68   Section        0  stm32f4xx_i2c.o(i.I2C_ReceiveData)
    i.I2C_ResetChip                          0x08000c70   Section        0  bsp_i2c_touch.o(i.I2C_ResetChip)
    i.I2C_Send7bitAddress                    0x08000ce8   Section        0  stm32f4xx_i2c.o(i.I2C_Send7bitAddress)
    i.I2C_SendData                           0x08000cfa   Section        0  stm32f4xx_i2c.o(i.I2C_SendData)
    i.I2C_TIMEOUT_UserCallback               0x08000d00   Section        0  bsp_i2c_touch.o(i.I2C_TIMEOUT_UserCallback)
    I2C_TIMEOUT_UserCallback                 0x08000d01   Thumb Code    12  bsp_i2c_touch.o(i.I2C_TIMEOUT_UserCallback)
    i.I2C_Touch_Init                         0x08000d30   Section        0  bsp_i2c_touch.o(i.I2C_Touch_Init)
    i.I2C_Transfer                           0x08000d42   Section        0  bsp_touch_gtxx.o(i.I2C_Transfer)
    I2C_Transfer                             0x08000d43   Thumb Code    68  bsp_touch_gtxx.o(i.I2C_Transfer)
    i.I2C_WriteBytes                         0x08000d88   Section        0  bsp_i2c_touch.o(i.I2C_WriteBytes)
    i.LCD_Clear                              0x08000e7c   Section        0  bsp_lcd.o(i.LCD_Clear)
    i.LCD_ClearLine                          0x08000ee0   Section        0  bsp_lcd.o(i.LCD_ClearLine)
    i.LCD_DisplayChar                        0x08000f24   Section        0  bsp_lcd.o(i.LCD_DisplayChar)
    i.LCD_DisplayStringLine                  0x08000f44   Section        0  bsp_lcd.o(i.LCD_DisplayStringLine)
    i.LCD_DrawChar                           0x08000f94   Section        0  bsp_lcd.o(i.LCD_DrawChar)
    i.LCD_DrawCircle                         0x08001058   Section        0  bsp_lcd.o(i.LCD_DrawCircle)
    i.LCD_DrawFullCircle                     0x080011ac   Section        0  bsp_lcd.o(i.LCD_DrawFullCircle)
    i.LCD_DrawFullRect                       0x08001248   Section        0  bsp_lcd.o(i.LCD_DrawFullRect)
    i.LCD_DrawLine                           0x080012e4   Section        0  bsp_lcd.o(i.LCD_DrawLine)
    i.LCD_DrawRect                           0x08001384   Section        0  bsp_lcd.o(i.LCD_DrawRect)
    i.LCD_DrawUniLine                        0x080013c8   Section        0  bsp_lcd.o(i.LCD_DrawUniLine)
    i.LCD_GPIO_Config                        0x08001480   Section        0  bsp_lcd.o(i.LCD_GPIO_Config)
    LCD_GPIO_Config                          0x08001481   Thumb Code   728  bsp_lcd.o(i.LCD_GPIO_Config)
    i.LCD_GetFont                            0x0800177c   Section        0  bsp_lcd.o(i.LCD_GetFont)
    i.LCD_Init                               0x08001788   Section        0  bsp_lcd.o(i.LCD_Init)
    i.LCD_LayerInit                          0x08001840   Section        0  bsp_lcd.o(i.LCD_LayerInit)
    i.LCD_SetColors                          0x08001900   Section        0  bsp_lcd.o(i.LCD_SetColors)
    i.LCD_SetFont                            0x0800190c   Section        0  bsp_lcd.o(i.LCD_SetFont)
    i.LCD_SetLayer                           0x08001918   Section        0  bsp_lcd.o(i.LCD_SetLayer)
    i.LCD_SetTextColor                       0x0800193c   Section        0  bsp_lcd.o(i.LCD_SetTextColor)
    i.LCD_SetTransparency                    0x08001948   Section        0  bsp_lcd.o(i.LCD_SetTransparency)
    i.LCD_Test                               0x08001978   Section        0  main.o(i.LCD_Test)
    i.LED_GPIO_Config                        0x08001e64   Section        0  bsp_led.o(i.LED_GPIO_Config)
    i.LTDC_Cmd                               0x08001ec0   Section        0  stm32f4xx_ltdc.o(i.LTDC_Cmd)
    i.LTDC_Init                              0x08001ee0   Section        0  stm32f4xx_ltdc.o(i.LTDC_Init)
    i.LTDC_LayerAlpha                        0x08001f88   Section        0  stm32f4xx_ltdc.o(i.LTDC_LayerAlpha)
    i.LTDC_LayerCmd                          0x08001f8c   Section        0  stm32f4xx_ltdc.o(i.LTDC_LayerCmd)
    i.LTDC_LayerInit                         0x08001fa4   Section        0  stm32f4xx_ltdc.o(i.LTDC_LayerInit)
    i.LTDC_ReloadConfig                      0x0800203c   Section        0  stm32f4xx_ltdc.o(i.LTDC_ReloadConfig)
    i.MemManage_Handler                      0x08002048   Section        0  stm32f4xx_it.o(i.MemManage_Handler)
    i.NMI_Handler                            0x0800204a   Section        0  stm32f4xx_it.o(i.NMI_Handler)
    i.PendSV_Handler                         0x0800204c   Section        0  stm32f4xx_it.o(i.PendSV_Handler)
    i.PutPixel                               0x08002050   Section        0  bsp_lcd.o(i.PutPixel)
    i.RCC_AHB1PeriphClockCmd                 0x08002094   Section        0  stm32f4xx_rcc.o(i.RCC_AHB1PeriphClockCmd)
    i.RCC_AHB1PeriphResetCmd                 0x080020b0   Section        0  stm32f4xx_rcc.o(i.RCC_AHB1PeriphResetCmd)
    i.RCC_AHB3PeriphClockCmd                 0x080020cc   Section        0  stm32f4xx_rcc.o(i.RCC_AHB3PeriphClockCmd)
    i.RCC_APB1PeriphClockCmd                 0x080020e8   Section        0  stm32f4xx_rcc.o(i.RCC_APB1PeriphClockCmd)
    i.RCC_APB2PeriphClockCmd                 0x08002104   Section        0  stm32f4xx_rcc.o(i.RCC_APB2PeriphClockCmd)
    i.RCC_GetClocksFreq                      0x08002120   Section        0  stm32f4xx_rcc.o(i.RCC_GetClocksFreq)
    i.RCC_GetFlagStatus                      0x080021c4   Section        0  stm32f4xx_rcc.o(i.RCC_GetFlagStatus)
    i.RCC_LTDCCLKDivConfig                   0x080021fc   Section        0  stm32f4xx_rcc.o(i.RCC_LTDCCLKDivConfig)
    i.RCC_PLLSAICmd                          0x08002210   Section        0  stm32f4xx_rcc.o(i.RCC_PLLSAICmd)
    i.RCC_PLLSAIConfig                       0x0800221c   Section        0  stm32f4xx_rcc.o(i.RCC_PLLSAIConfig)
    i.SDRAM_GPIO_Config                      0x08002230   Section        0  bsp_sdram.o(i.SDRAM_GPIO_Config)
    SDRAM_GPIO_Config                        0x08002231   Thumb Code   896  bsp_sdram.o(i.SDRAM_GPIO_Config)
    i.SDRAM_Init                             0x080025c8   Section        0  bsp_sdram.o(i.SDRAM_Init)
    i.SDRAM_InitSequence                     0x08002624   Section        0  bsp_sdram.o(i.SDRAM_InitSequence)
    SDRAM_InitSequence                       0x08002625   Thumb Code   172  bsp_sdram.o(i.SDRAM_InitSequence)
    i.SDRAM_delay                            0x080026d0   Section        0  bsp_sdram.o(i.SDRAM_delay)
    SDRAM_delay                              0x080026d1   Thumb Code    28  bsp_sdram.o(i.SDRAM_delay)
    i.SVC_Handler                            0x080026f0   Section        0  stm32f4xx_it.o(i.SVC_Handler)
    i.SetSysClock                            0x080026f4   Section        0  system_stm32f4xx.o(i.SetSysClock)
    SetSysClock                              0x080026f5   Thumb Code   196  system_stm32f4xx.o(i.SetSysClock)
    i.SysTick_Handler                        0x080027c8   Section        0  stm32f4xx_it.o(i.SysTick_Handler)
    i.SystemInit                             0x080027cc   Section        0  system_stm32f4xx.o(i.SystemInit)
    i.USART_Cmd                              0x08002828   Section        0  stm32f4xx_usart.o(i.USART_Cmd)
    i.USART_Config                           0x08002840   Section        0  bsp_usart.o(i.USART_Config)
    i.USART_GetFlagStatus                    0x080028d8   Section        0  stm32f4xx_usart.o(i.USART_GetFlagStatus)
    i.USART_Init                             0x080028e8   Section        0  stm32f4xx_usart.o(i.USART_Init)
    i.USART_SendData                         0x080029a4   Section        0  stm32f4xx_usart.o(i.USART_SendData)
    i.UsageFault_Handler                     0x080029ac   Section        0  stm32f4xx_it.o(i.UsageFault_Handler)
    i.__0printf$8                            0x080029b0   Section        0  printf8.o(i.__0printf$8)
    i.__0sprintf$8                           0x080029d0   Section        0  printf8.o(i.__0sprintf$8)
    i.__scatterload_copy                     0x080029f8   Section       14  handlers.o(i.__scatterload_copy)
    i.__scatterload_null                     0x08002a06   Section        2  handlers.o(i.__scatterload_null)
    i.__scatterload_zeroinit                 0x08002a08   Section       14  handlers.o(i.__scatterload_zeroinit)
    i._printf_core                           0x08002a18   Section        0  printf8.o(i._printf_core)
    _printf_core                             0x08002a19   Thumb Code   984  printf8.o(i._printf_core)
    i._printf_post_padding                   0x08002e1c   Section        0  printf8.o(i._printf_post_padding)
    _printf_post_padding                     0x08002e1d   Thumb Code    36  printf8.o(i._printf_post_padding)
    i._printf_pre_padding                    0x08002e40   Section        0  printf8.o(i._printf_pre_padding)
    _printf_pre_padding                      0x08002e41   Thumb Code    46  printf8.o(i._printf_pre_padding)
    i._sputc                                 0x08002e6e   Section        0  printf8.o(i._sputc)
    _sputc                                   0x08002e6f   Thumb Code    10  printf8.o(i._sputc)
    i.fputc                                  0x08002e78   Section        0  bsp_usart.o(i.fputc)
    i.main                                   0x08002e9c   Section        0  main.o(i.main)
    .constdata                               0x08002f04   Section       36  bsp_lcd.o(.constdata)
    .constdata                               0x08002f28   Section     4560  fonts.o(.constdata)
    .constdata                               0x080040f8   Section       44  bsp_touch_gtxx.o(.constdata)
    .conststring                             0x08004124   Section      182  main.o(.conststring)
    .conststring                             0x080041dc   Section       80  bsp_touch_gtxx.o(.conststring)
    .data                                    0x20000000   Section       16  stm32f4xx_rcc.o(.data)
    APBAHBPrescTable                         0x20000000   Data          16  stm32f4xx_rcc.o(.data)
    .data                                    0x20000010   Section        1  main.o(.data)
    testCNT                                  0x20000010   Data           1  main.o(.data)
    .data                                    0x20000014   Section       24  bsp_lcd.o(.data)
    CurrentTextColor                         0x20000018   Data           4  bsp_lcd.o(.data)
    CurrentBackColor                         0x2000001c   Data           4  bsp_lcd.o(.data)
    CurrentFrameBuffer                       0x20000020   Data           4  bsp_lcd.o(.data)
    CurrentLayer                             0x20000024   Data           4  bsp_lcd.o(.data)
    LCD_Currentfonts                         0x20000028   Data           4  bsp_lcd.o(.data)
    .data                                    0x2000002c   Section        8  fonts.o(.data)
    .data                                    0x20000034   Section        4  bsp_i2c_touch.o(.data)
    .data                                    0x20000038   Section        1  bsp_touch_gtxx.o(.data)
    .data                                    0x2000003c   Section        4  stdout.o(.data)
    STACK                                    0x20000040   Section     1024  startup_stm32f429_439xx.o(STACK)

    Global Symbols

    Symbol Name                              Value     Ov Type        Size  Object(Section)

    BuildAttributes$$THM_ISAv4$E$P$D$K$B$S$7EM$VFPi3$EXTD16$VFPS$VFMA$PE$A:L22UL41UL21$X:L11$S22US41US21$IEEE1$IW$USESV6$~STKCKD$USESV7$~SHL$OSPACE$ROPI$EBA8$MICROLIB$REQ8$PRES8$EABIv2 0x00000000   Number         0  anon$$obj.o ABSOLUTE
    __ARM_use_no_argv                        0x00000000   Number         0  main.o ABSOLUTE
    _printf_a                                0x00000000   Number         0  stubs.o ABSOLUTE
    _printf_c                                0x00000000   Number         0  stubs.o ABSOLUTE
    _printf_charcount                        0x00000000   Number         0  stubs.o ABSOLUTE
    _printf_d                                0x00000000   Number         0  stubs.o ABSOLUTE
    _printf_e                                0x00000000   Number         0  stubs.o ABSOLUTE
    _printf_f                                0x00000000   Number         0  stubs.o ABSOLUTE
    _printf_flags                            0x00000000   Number         0  stubs.o ABSOLUTE
    _printf_fp_dec                           0x00000000   Number         0  stubs.o ABSOLUTE
    _printf_fp_hex                           0x00000000   Number         0  stubs.o ABSOLUTE
    _printf_g                                0x00000000   Number         0  stubs.o ABSOLUTE
    _printf_i                                0x00000000   Number         0  stubs.o ABSOLUTE
    _printf_int_dec                          0x00000000   Number         0  stubs.o ABSOLUTE
    _printf_l                                0x00000000   Number         0  stubs.o ABSOLUTE
    _printf_lc                               0x00000000   Number         0  stubs.o ABSOLUTE
    _printf_ll                               0x00000000   Number         0  stubs.o ABSOLUTE
    _printf_lld                              0x00000000   Number         0  stubs.o ABSOLUTE
    _printf_lli                              0x00000000   Number         0  stubs.o ABSOLUTE
    _printf_llo                              0x00000000   Number         0  stubs.o ABSOLUTE
    _printf_llu                              0x00000000   Number         0  stubs.o ABSOLUTE
    _printf_llx                              0x00000000   Number         0  stubs.o ABSOLUTE
    _printf_longlong_dec                     0x00000000   Number         0  stubs.o ABSOLUTE
    _printf_longlong_hex                     0x00000000   Number         0  stubs.o ABSOLUTE
    _printf_longlong_oct                     0x00000000   Number         0  stubs.o ABSOLUTE
    _printf_ls                               0x00000000   Number         0  stubs.o ABSOLUTE
    _printf_mbtowc                           0x00000000   Number         0  stubs.o ABSOLUTE
    _printf_n                                0x00000000   Number         0  stubs.o ABSOLUTE
    _printf_o                                0x00000000   Number         0  stubs.o ABSOLUTE
    _printf_p                                0x00000000   Number         0  stubs.o ABSOLUTE
    _printf_percent                          0x00000000   Number         0  stubs.o ABSOLUTE
    _printf_pre_padding                      0x00000000   Number         0  stubs.o ABSOLUTE
    _printf_return_value                     0x00000000   Number         0  stubs.o ABSOLUTE
    _printf_s                                0x00000000   Number         0  stubs.o ABSOLUTE
    _printf_sizespec                         0x00000000   Number         0  stubs.o ABSOLUTE
    _printf_str                              0x00000000   Number         0  stubs.o ABSOLUTE
    _printf_truncate_signed                  0x00000000   Number         0  stubs.o ABSOLUTE
    _printf_truncate_unsigned                0x00000000   Number         0  stubs.o ABSOLUTE
    _printf_u                                0x00000000   Number         0  stubs.o ABSOLUTE
    _printf_wc                               0x00000000   Number         0  stubs.o ABSOLUTE
    _printf_wctomb                           0x00000000   Number         0  stubs.o ABSOLUTE
    _printf_widthprec                        0x00000000   Number         0  stubs.o ABSOLUTE
    _printf_x                                0x00000000   Number         0  stubs.o ABSOLUTE
    __arm_fini_                               - Undefined Weak Reference
    __cpp_initialize__aeabi_                  - Undefined Weak Reference
    __cxa_finalize                            - Undefined Weak Reference
    __decompress                              - Undefined Weak Reference
    _clock_init                               - Undefined Weak Reference
    _microlib_exit                            - Undefined Weak Reference
    __Vectors_Size                           0x000001ac   Number         0  startup_stm32f429_439xx.o ABSOLUTE
    __Vectors                                0x08000000   Data           4  startup_stm32f429_439xx.o(RESET)
    __Vectors_End                            0x080001ac   Data           0  startup_stm32f429_439xx.o(RESET)
    __main                                   0x080001ad   Thumb Code     0  entry.o(.ARM.Collect$$$$00000000)
    _main_stk                                0x080001ad   Thumb Code     0  entry2.o(.ARM.Collect$$$$00000001)
    _main_scatterload                        0x080001b1   Thumb Code     0  entry5.o(.ARM.Collect$$$$00000004)
    __main_after_scatterload                 0x080001b5   Thumb Code     0  entry5.o(.ARM.Collect$$$$00000004)
    _main_clock                              0x080001b5   Thumb Code     0  entry7b.o(.ARM.Collect$$$$00000008)
    _main_cpp_init                           0x080001b5   Thumb Code     0  entry8b.o(.ARM.Collect$$$$0000000A)
    _main_init                               0x080001b5   Thumb Code     0  entry9a.o(.ARM.Collect$$$$0000000B)
    __rt_lib_shutdown_fini                   0x080001bd   Thumb Code     0  entry12b.o(.ARM.Collect$$$$0000000E)
    __rt_final_cpp                           0x080001c1   Thumb Code     0  entry10a.o(.ARM.Collect$$$$0000000F)
    __rt_final_exit                          0x080001c1   Thumb Code     0  entry11a.o(.ARM.Collect$$$$00000011)
    Reset_Handler                            0x080001c5   Thumb Code     8  startup_stm32f429_439xx.o(.text)
    ADC_IRQHandler                           0x080001df   Thumb Code     0  startup_stm32f429_439xx.o(.text)
    CAN1_RX0_IRQHandler                      0x080001df   Thumb Code     0  startup_stm32f429_439xx.o(.text)
    CAN1_RX1_IRQHandler                      0x080001df   Thumb Code     0  startup_stm32f429_439xx.o(.text)
    CAN1_SCE_IRQHandler                      0x080001df   Thumb Code     0  startup_stm32f429_439xx.o(.text)
    CAN1_TX_IRQHandler                       0x080001df   Thumb Code     0  startup_stm32f429_439xx.o(.text)
    CAN2_RX0_IRQHandler                      0x080001df   Thumb Code     0  startup_stm32f429_439xx.o(.text)
    CAN2_RX1_IRQHandler                      0x080001df   Thumb Code     0  startup_stm32f429_439xx.o(.text)
    CAN2_SCE_IRQHandler                      0x080001df   Thumb Code     0  startup_stm32f429_439xx.o(.text)
    CAN2_TX_IRQHandler                       0x080001df   Thumb Code     0  startup_stm32f429_439xx.o(.text)
    CRYP_IRQHandler                          0x080001df   Thumb Code     0  startup_stm32f429_439xx.o(.text)
    DCMI_IRQHandler                          0x080001df   Thumb Code     0  startup_stm32f429_439xx.o(.text)
    DMA1_Stream0_IRQHandler                  0x080001df   Thumb Code     0  startup_stm32f429_439xx.o(.text)
    DMA1_Stream1_IRQHandler                  0x080001df   Thumb Code     0  startup_stm32f429_439xx.o(.text)
    DMA1_Stream2_IRQHandler                  0x080001df   Thumb Code     0  startup_stm32f429_439xx.o(.text)
    DMA1_Stream3_IRQHandler                  0x080001df   Thumb Code     0  startup_stm32f429_439xx.o(.text)
    DMA1_Stream4_IRQHandler                  0x080001df   Thumb Code     0  startup_stm32f429_439xx.o(.text)
    DMA1_Stream5_IRQHandler                  0x080001df   Thumb Code     0  startup_stm32f429_439xx.o(.text)
    DMA1_Stream6_IRQHandler                  0x080001df   Thumb Code     0  startup_stm32f429_439xx.o(.text)
    DMA1_Stream7_IRQHandler                  0x080001df   Thumb Code     0  startup_stm32f429_439xx.o(.text)
    DMA2D_IRQHandler                         0x080001df   Thumb Code     0  startup_stm32f429_439xx.o(.text)
    DMA2_Stream0_IRQHandler                  0x080001df   Thumb Code     0  startup_stm32f429_439xx.o(.text)
    DMA2_Stream1_IRQHandler                  0x080001df   Thumb Code     0  startup_stm32f429_439xx.o(.text)
    DMA2_Stream2_IRQHandler                  0x080001df   Thumb Code     0  startup_stm32f429_439xx.o(.text)
    DMA2_Stream3_IRQHandler                  0x080001df   Thumb Code     0  startup_stm32f429_439xx.o(.text)
    DMA2_Stream4_IRQHandler                  0x080001df   Thumb Code     0  startup_stm32f429_439xx.o(.text)
    DMA2_Stream5_IRQHandler                  0x080001df   Thumb Code     0  startup_stm32f429_439xx.o(.text)
    DMA2_Stream6_IRQHandler                  0x080001df   Thumb Code     0  startup_stm32f429_439xx.o(.text)
    DMA2_Stream7_IRQHandler                  0x080001df   Thumb Code     0  startup_stm32f429_439xx.o(.text)
    ETH_IRQHandler                           0x080001df   Thumb Code     0  startup_stm32f429_439xx.o(.text)
    ETH_WKUP_IRQHandler                      0x080001df   Thumb Code     0  startup_stm32f429_439xx.o(.text)
    EXTI0_IRQHandler                         0x080001df   Thumb Code     0  startup_stm32f429_439xx.o(.text)
    EXTI15_10_IRQHandler                     0x080001df   Thumb Code     0  startup_stm32f429_439xx.o(.text)
    EXTI1_IRQHandler                         0x080001df   Thumb Code     0  startup_stm32f429_439xx.o(.text)
    EXTI2_IRQHandler                         0x080001df   Thumb Code     0  startup_stm32f429_439xx.o(.text)
    EXTI3_IRQHandler                         0x080001df   Thumb Code     0  startup_stm32f429_439xx.o(.text)
    EXTI4_IRQHandler                         0x080001df   Thumb Code     0  startup_stm32f429_439xx.o(.text)
    EXTI9_5_IRQHandler                       0x080001df   Thumb Code     0  startup_stm32f429_439xx.o(.text)
    FLASH_IRQHandler                         0x080001df   Thumb Code     0  startup_stm32f429_439xx.o(.text)
    FMC_IRQHandler                           0x080001df   Thumb Code     0  startup_stm32f429_439xx.o(.text)
    FPU_IRQHandler                           0x080001df   Thumb Code     0  startup_stm32f429_439xx.o(.text)
    HASH_RNG_IRQHandler                      0x080001df   Thumb Code     0  startup_stm32f429_439xx.o(.text)
    I2C1_ER_IRQHandler                       0x080001df   Thumb Code     0  startup_stm32f429_439xx.o(.text)
    I2C1_EV_IRQHandler                       0x080001df   Thumb Code     0  startup_stm32f429_439xx.o(.text)
    I2C2_ER_IRQHandler                       0x080001df   Thumb Code     0  startup_stm32f429_439xx.o(.text)
    I2C2_EV_IRQHandler                       0x080001df   Thumb Code     0  startup_stm32f429_439xx.o(.text)
    I2C3_ER_IRQHandler                       0x080001df   Thumb Code     0  startup_stm32f429_439xx.o(.text)
    I2C3_EV_IRQHandler                       0x080001df   Thumb Code     0  startup_stm32f429_439xx.o(.text)
    LTDC_ER_IRQHandler                       0x080001df   Thumb Code     0  startup_stm32f429_439xx.o(.text)
    LTDC_IRQHandler                          0x080001df   Thumb Code     0  startup_stm32f429_439xx.o(.text)
    OTG_FS_IRQHandler                        0x080001df   Thumb Code     0  startup_stm32f429_439xx.o(.text)
    OTG_FS_WKUP_IRQHandler                   0x080001df   Thumb Code     0  startup_stm32f429_439xx.o(.text)
    OTG_HS_EP1_IN_IRQHandler                 0x080001df   Thumb Code     0  startup_stm32f429_439xx.o(.text)
    OTG_HS_EP1_OUT_IRQHandler                0x080001df   Thumb Code     0  startup_stm32f429_439xx.o(.text)
    OTG_HS_IRQHandler                        0x080001df   Thumb Code     0  startup_stm32f429_439xx.o(.text)
    OTG_HS_WKUP_IRQHandler                   0x080001df   Thumb Code     0  startup_stm32f429_439xx.o(.text)
    PVD_IRQHandler                           0x080001df   Thumb Code     0  startup_stm32f429_439xx.o(.text)
    RCC_IRQHandler                           0x080001df   Thumb Code     0  startup_stm32f429_439xx.o(.text)
    RTC_Alarm_IRQHandler                     0x080001df   Thumb Code     0  startup_stm32f429_439xx.o(.text)
    RTC_WKUP_IRQHandler                      0x080001df   Thumb Code     0  startup_stm32f429_439xx.o(.text)
    SAI1_IRQHandler                          0x080001df   Thumb Code     0  startup_stm32f429_439xx.o(.text)
    SDIO_IRQHandler                          0x080001df   Thumb Code     0  startup_stm32f429_439xx.o(.text)
    SPI1_IRQHandler                          0x080001df   Thumb Code     0  startup_stm32f429_439xx.o(.text)
    SPI2_IRQHandler                          0x080001df   Thumb Code     0  startup_stm32f429_439xx.o(.text)
    SPI3_IRQHandler                          0x080001df   Thumb Code     0  startup_stm32f429_439xx.o(.text)
    SPI4_IRQHandler                          0x080001df   Thumb Code     0  startup_stm32f429_439xx.o(.text)
    SPI5_IRQHandler                          0x080001df   Thumb Code     0  startup_stm32f429_439xx.o(.text)
    SPI6_IRQHandler                          0x080001df   Thumb Code     0  startup_stm32f429_439xx.o(.text)
    TAMP_STAMP_IRQHandler                    0x080001df   Thumb Code     0  startup_stm32f429_439xx.o(.text)
    TIM1_BRK_TIM9_IRQHandler                 0x080001df   Thumb Code     0  startup_stm32f429_439xx.o(.text)
    TIM1_CC_IRQHandler                       0x080001df   Thumb Code     0  startup_stm32f429_439xx.o(.text)
    TIM1_TRG_COM_TIM11_IRQHandler            0x080001df   Thumb Code     0  startup_stm32f429_439xx.o(.text)
    TIM1_UP_TIM10_IRQHandler                 0x080001df   Thumb Code     0  startup_stm32f429_439xx.o(.text)
    TIM2_IRQHandler                          0x080001df   Thumb Code     0  startup_stm32f429_439xx.o(.text)
    TIM3_IRQHandler                          0x080001df   Thumb Code     0  startup_stm32f429_439xx.o(.text)
    TIM4_IRQHandler                          0x080001df   Thumb Code     0  startup_stm32f429_439xx.o(.text)
    TIM5_IRQHandler                          0x080001df   Thumb Code     0  startup_stm32f429_439xx.o(.text)
    TIM6_DAC_IRQHandler                      0x080001df   Thumb Code     0  startup_stm32f429_439xx.o(.text)
    TIM7_IRQHandler                          0x080001df   Thumb Code     0  startup_stm32f429_439xx.o(.text)
    TIM8_BRK_TIM12_IRQHandler                0x080001df   Thumb Code     0  startup_stm32f429_439xx.o(.text)
    TIM8_CC_IRQHandler                       0x080001df   Thumb Code     0  startup_stm32f429_439xx.o(.text)
    TIM8_TRG_COM_TIM14_IRQHandler            0x080001df   Thumb Code     0  startup_stm32f429_439xx.o(.text)
    TIM8_UP_TIM13_IRQHandler                 0x080001df   Thumb Code     0  startup_stm32f429_439xx.o(.text)
    UART4_IRQHandler                         0x080001df   Thumb Code     0  startup_stm32f429_439xx.o(.text)
    UART5_IRQHandler                         0x080001df   Thumb Code     0  startup_stm32f429_439xx.o(.text)
    UART7_IRQHandler                         0x080001df   Thumb Code     0  startup_stm32f429_439xx.o(.text)
    UART8_IRQHandler                         0x080001df   Thumb Code     0  startup_stm32f429_439xx.o(.text)
    USART1_IRQHandler                        0x080001df   Thumb Code     0  startup_stm32f429_439xx.o(.text)
    USART2_IRQHandler                        0x080001df   Thumb Code     0  startup_stm32f429_439xx.o(.text)
    USART3_IRQHandler                        0x080001df   Thumb Code     0  startup_stm32f429_439xx.o(.text)
    USART6_IRQHandler                        0x080001df   Thumb Code     0  startup_stm32f429_439xx.o(.text)
    WWDG_IRQHandler                          0x080001df   Thumb Code     0  startup_stm32f429_439xx.o(.text)
    __aeabi_uldivmod                         0x080001e9   Thumb Code    98  uldiv.o(.text)
    __scatterload                            0x0800024d   Thumb Code    28  init.o(.text)
    __scatterload_rt2                        0x0800024d   Thumb Code     0  init.o(.text)
    __aeabi_llsl                             0x08000271   Thumb Code    30  llshl.o(.text)
    _ll_shift_l                              0x08000271   Thumb Code     0  llshl.o(.text)
    __aeabi_llsr                             0x0800028f   Thumb Code    32  llushr.o(.text)
    _ll_ushift_r                             0x0800028f   Thumb Code     0  llushr.o(.text)
    BusFault_Handler                         0x080002af   Thumb Code     2  stm32f4xx_it.o(i.BusFault_Handler)
    DMA2D_DeInit                             0x080002b1   Thumb Code    24  stm32f4xx_dma2d.o(i.DMA2D_DeInit)
    DMA2D_GetFlagStatus                      0x080002c9   Thumb Code    16  stm32f4xx_dma2d.o(i.DMA2D_GetFlagStatus)
    DMA2D_Init                               0x080002dd   Thumb Code   174  stm32f4xx_dma2d.o(i.DMA2D_Init)
    DMA2D_StartTransfer                      0x08000395   Thumb Code    12  stm32f4xx_dma2d.o(i.DMA2D_StartTransfer)
    DebugMon_Handler                         0x080003a5   Thumb Code     2  stm32f4xx_it.o(i.DebugMon_Handler)
    Delay                                    0x080003a7   Thumb Code    18  main.o(i.Delay)
    FMC_GetFlagStatus                        0x080003cb   Thumb Code    54  stm32f4xx_fmc.o(i.FMC_GetFlagStatus)
    FMC_SDRAMCmdConfig                       0x08000401   Thumb Code    26  stm32f4xx_fmc.o(i.FMC_SDRAMCmdConfig)
    FMC_SDRAMInit                            0x08000421   Thumb Code   262  stm32f4xx_fmc.o(i.FMC_SDRAMInit)
    FMC_SetRefreshCount                      0x08000529   Thumb Code    12  stm32f4xx_fmc.o(i.FMC_SetRefreshCount)
    GPIO_Init                                0x08000539   Thumb Code   124  stm32f4xx_gpio.o(i.GPIO_Init)
    GPIO_PinAFConfig                         0x080005b5   Thumb Code    32  stm32f4xx_gpio.o(i.GPIO_PinAFConfig)
    GPIO_ResetBits                           0x080005d5   Thumb Code     4  stm32f4xx_gpio.o(i.GPIO_ResetBits)
    GPIO_SetBits                             0x080005d9   Thumb Code     4  stm32f4xx_gpio.o(i.GPIO_SetBits)
    GTP_Init_ReadID                          0x080007a9   Thumb Code    38  bsp_touch_gtxx.o(i.GTP_Init_ReadID)
    GTP_Read_Version                         0x080007fd   Thumb Code   132  bsp_touch_gtxx.o(i.GTP_Read_Version)
    HardFault_Handler                        0x0800091d   Thumb Code     2  stm32f4xx_it.o(i.HardFault_Handler)
    I2C_AcknowledgeConfig                    0x0800091f   Thumb Code    24  stm32f4xx_i2c.o(i.I2C_AcknowledgeConfig)
    I2C_CheckEvent                           0x08000937   Thumb Code    24  stm32f4xx_i2c.o(i.I2C_CheckEvent)
    I2C_Cmd                                  0x0800094f   Thumb Code    24  stm32f4xx_i2c.o(i.I2C_Cmd)
    I2C_GenerateSTART                        0x08000a15   Thumb Code    24  stm32f4xx_i2c.o(i.I2C_GenerateSTART)
    I2C_GenerateSTOP                         0x08000a2d   Thumb Code    24  stm32f4xx_i2c.o(i.I2C_GenerateSTOP)
    I2C_GetFlagStatus                        0x08000a45   Thumb Code    50  stm32f4xx_i2c.o(i.I2C_GetFlagStatus)
    I2C_Init                                 0x08000a79   Thumb Code   178  stm32f4xx_i2c.o(i.I2C_Init)
    I2C_ReadBytes                            0x08000b81   Thumb Code   218  bsp_i2c_touch.o(i.I2C_ReadBytes)
    I2C_ReceiveData                          0x08000c69   Thumb Code     6  stm32f4xx_i2c.o(i.I2C_ReceiveData)
    I2C_ResetChip                            0x08000c71   Thumb Code   108  bsp_i2c_touch.o(i.I2C_ResetChip)
    I2C_Send7bitAddress                      0x08000ce9   Thumb Code    18  stm32f4xx_i2c.o(i.I2C_Send7bitAddress)
    I2C_SendData                             0x08000cfb   Thumb Code     4  stm32f4xx_i2c.o(i.I2C_SendData)
    I2C_Touch_Init                           0x08000d31   Thumb Code    18  bsp_i2c_touch.o(i.I2C_Touch_Init)
    I2C_WriteBytes                           0x08000d89   Thumb Code   226  bsp_i2c_touch.o(i.I2C_WriteBytes)
    LCD_Clear                                0x08000e7d   Thumb Code    92  bsp_lcd.o(i.LCD_Clear)
    LCD_ClearLine                            0x08000ee1   Thumb Code    60  bsp_lcd.o(i.LCD_ClearLine)
    LCD_DisplayChar                          0x08000f25   Thumb Code    26  bsp_lcd.o(i.LCD_DisplayChar)
    LCD_DisplayStringLine                    0x08000f45   Thumb Code    72  bsp_lcd.o(i.LCD_DisplayStringLine)
    LCD_DrawChar                             0x08000f95   Thumb Code   186  bsp_lcd.o(i.LCD_DrawChar)
    LCD_DrawCircle                           0x08001059   Thumb Code   332  bsp_lcd.o(i.LCD_DrawCircle)
    LCD_DrawFullCircle                       0x080011ad   Thumb Code   154  bsp_lcd.o(i.LCD_DrawFullCircle)
    LCD_DrawFullRect                         0x08001249   Thumb Code   148  bsp_lcd.o(i.LCD_DrawFullRect)
    LCD_DrawLine                             0x080012e5   Thumb Code   152  bsp_lcd.o(i.LCD_DrawLine)
    LCD_DrawRect                             0x08001385   Thumb Code    68  bsp_lcd.o(i.LCD_DrawRect)
    LCD_DrawUniLine                          0x080013c9   Thumb Code   184  bsp_lcd.o(i.LCD_DrawUniLine)
    LCD_GetFont                              0x0800177d   Thumb Code     6  bsp_lcd.o(i.LCD_GetFont)
    LCD_Init                                 0x08001789   Thumb Code   176  bsp_lcd.o(i.LCD_Init)
    LCD_LayerInit                            0x08001841   Thumb Code   172  bsp_lcd.o(i.LCD_LayerInit)
    LCD_SetColors                            0x08001901   Thumb Code     8  bsp_lcd.o(i.LCD_SetColors)
    LCD_SetFont                              0x0800190d   Thumb Code     6  bsp_lcd.o(i.LCD_SetFont)
    LCD_SetLayer                             0x08001919   Thumb Code    28  bsp_lcd.o(i.LCD_SetLayer)
    LCD_SetTextColor                         0x0800193d   Thumb Code     6  bsp_lcd.o(i.LCD_SetTextColor)
    LCD_SetTransparency                      0x08001949   Thumb Code    40  bsp_lcd.o(i.LCD_SetTransparency)
    LCD_Test                                 0x08001979   Thumb Code   924  main.o(i.LCD_Test)
    LED_GPIO_Config                          0x08001e65   Thumb Code    86  bsp_led.o(i.LED_GPIO_Config)
    LTDC_Cmd                                 0x08001ec1   Thumb Code    26  stm32f4xx_ltdc.o(i.LTDC_Cmd)
    LTDC_Init                                0x08001ee1   Thumb Code   156  stm32f4xx_ltdc.o(i.LTDC_Init)
    LTDC_LayerAlpha                          0x08001f89   Thumb Code     4  stm32f4xx_ltdc.o(i.LTDC_LayerAlpha)
    LTDC_LayerCmd                            0x08001f8d   Thumb Code    24  stm32f4xx_ltdc.o(i.LTDC_LayerCmd)
    LTDC_LayerInit                           0x08001fa5   Thumb Code   150  stm32f4xx_ltdc.o(i.LTDC_LayerInit)
    LTDC_ReloadConfig                        0x0800203d   Thumb Code     6  stm32f4xx_ltdc.o(i.LTDC_ReloadConfig)
    MemManage_Handler                        0x08002049   Thumb Code     2  stm32f4xx_it.o(i.MemManage_Handler)
    NMI_Handler                              0x0800204b   Thumb Code     2  stm32f4xx_it.o(i.NMI_Handler)
    PendSV_Handler                           0x0800204d   Thumb Code     2  stm32f4xx_it.o(i.PendSV_Handler)
    PutPixel                                 0x08002051   Thumb Code    58  bsp_lcd.o(i.PutPixel)
    RCC_AHB1PeriphClockCmd                   0x08002095   Thumb Code    22  stm32f4xx_rcc.o(i.RCC_AHB1PeriphClockCmd)
    RCC_AHB1PeriphResetCmd                   0x080020b1   Thumb Code    22  stm32f4xx_rcc.o(i.RCC_AHB1PeriphResetCmd)
    RCC_AHB3PeriphClockCmd                   0x080020cd   Thumb Code    22  stm32f4xx_rcc.o(i.RCC_AHB3PeriphClockCmd)
    RCC_APB1PeriphClockCmd                   0x080020e9   Thumb Code    22  stm32f4xx_rcc.o(i.RCC_APB1PeriphClockCmd)
    RCC_APB2PeriphClockCmd                   0x08002105   Thumb Code    22  stm32f4xx_rcc.o(i.RCC_APB2PeriphClockCmd)
    RCC_GetClocksFreq                        0x08002121   Thumb Code   148  stm32f4xx_rcc.o(i.RCC_GetClocksFreq)
    RCC_GetFlagStatus                        0x080021c5   Thumb Code    50  stm32f4xx_rcc.o(i.RCC_GetFlagStatus)
    RCC_LTDCCLKDivConfig                     0x080021fd   Thumb Code    14  stm32f4xx_rcc.o(i.RCC_LTDCCLKDivConfig)
    RCC_PLLSAICmd                            0x08002211   Thumb Code     6  stm32f4xx_rcc.o(i.RCC_PLLSAICmd)
    RCC_PLLSAIConfig                         0x0800221d   Thumb Code    16  stm32f4xx_rcc.o(i.RCC_PLLSAIConfig)
    SDRAM_Init                               0x080025c9   Thumb Code    92  bsp_sdram.o(i.SDRAM_Init)
    SVC_Handler                              0x080026f1   Thumb Code     2  stm32f4xx_it.o(i.SVC_Handler)
    SysTick_Handler                          0x080027c9   Thumb Code     2  stm32f4xx_it.o(i.SysTick_Handler)
    SystemInit                               0x080027cd   Thumb Code    74  system_stm32f4xx.o(i.SystemInit)
    USART_Cmd                                0x08002829   Thumb Code    24  stm32f4xx_usart.o(i.USART_Cmd)
    USART_Config                             0x08002841   Thumb Code   142  bsp_usart.o(i.USART_Config)
    USART_GetFlagStatus                      0x080028d9   Thumb Code    14  stm32f4xx_usart.o(i.USART_GetFlagStatus)
    USART_Init                               0x080028e9   Thumb Code   180  stm32f4xx_usart.o(i.USART_Init)
    USART_SendData                           0x080029a5   Thumb Code     8  stm32f4xx_usart.o(i.USART_SendData)
    UsageFault_Handler                       0x080029ad   Thumb Code     2  stm32f4xx_it.o(i.UsageFault_Handler)
    __0printf$8                              0x080029b1   Thumb Code    22  printf8.o(i.__0printf$8)
    __1printf$8                              0x080029b1   Thumb Code     0  printf8.o(i.__0printf$8)
    __2printf                                0x080029b1   Thumb Code     0  printf8.o(i.__0printf$8)
    __0sprintf$8                             0x080029d1   Thumb Code    34  printf8.o(i.__0sprintf$8)
    __1sprintf$8                             0x080029d1   Thumb Code     0  printf8.o(i.__0sprintf$8)
    __2sprintf                               0x080029d1   Thumb Code     0  printf8.o(i.__0sprintf$8)
    __scatterload_copy                       0x080029f9   Thumb Code    14  handlers.o(i.__scatterload_copy)
    __scatterload_null                       0x08002a07   Thumb Code     2  handlers.o(i.__scatterload_null)
    __scatterload_zeroinit                   0x08002a09   Thumb Code    14  handlers.o(i.__scatterload_zeroinit)
    fputc                                    0x08002e79   Thumb Code    30  bsp_usart.o(i.fputc)
    main                                     0x08002e9d   Thumb Code    94  main.o(i.main)
    lcd_param                                0x08002f04   Data          36  bsp_lcd.o(.constdata)
    ASCII16x24_Table                         0x08002f28   Data        4560  fonts.o(.constdata)
    touch_param                              0x08004100   Data          36  bsp_touch_gtxx.o(.constdata)
    Region$$Table$$Base                      0x0800422c   Number         0  anon$$obj.o(Region$$Table)
    Region$$Table$$Limit                     0x0800424c   Number         0  anon$$obj.o(Region$$Table)
    cur_lcd                                  0x20000014   Data           1  bsp_lcd.o(.data)
    Font16x24                                0x2000002c   Data           8  fonts.o(.data)
    I2CTimeout                               0x20000034   Data           4  bsp_i2c_touch.o(.data)
    touchIC                                  0x20000038   Data           1  bsp_touch_gtxx.o(.data)
    __stdout                                 0x2000003c   Data           4  stdout.o(.data)
    __initial_sp                             0x20000440   Data           0  startup_stm32f429_439xx.o(STACK)



==============================================================================

Memory Map of the image

  Image Entry point : 0x080001ad

  Load Region LR_IROM1 (Base: 0x08000000, Size: 0x0000428c, Max: 0x00100000, ABSOLUTE)

    Execution Region ER_IROM1 (Exec base: 0x08000000, Load base: 0x08000000, Size: 0x0000424c, Max: 0x00100000, ABSOLUTE)

    Exec Addr    Load Addr    Size         Type   Attr      Idx    E Section Name        Object

    0x08000000   0x08000000   0x000001ac   Data   RO            3    RESET               startup_stm32f429_439xx.o
    0x080001ac   0x080001ac   0x00000000   Code   RO         5955  * .ARM.Collect$$$$00000000  mc_w.l(entry.o)
    0x080001ac   0x080001ac   0x00000004   Code   RO         6219    .ARM.Collect$$$$00000001  mc_w.l(entry2.o)
    0x080001b0   0x080001b0   0x00000004   Code   RO         6222    .ARM.Collect$$$$00000004  mc_w.l(entry5.o)
    0x080001b4   0x080001b4   0x00000000   Code   RO         6224    .ARM.Collect$$$$00000008  mc_w.l(entry7b.o)
    0x080001b4   0x080001b4   0x00000000   Code   RO         6226    .ARM.Collect$$$$0000000A  mc_w.l(entry8b.o)
    0x080001b4   0x080001b4   0x00000008   Code   RO         6227    .ARM.Collect$$$$0000000B  mc_w.l(entry9a.o)
    0x080001bc   0x080001bc   0x00000004   Code   RO         6234    .ARM.Collect$$$$0000000E  mc_w.l(entry12b.o)
    0x080001c0   0x080001c0   0x00000000   Code   RO         6229    .ARM.Collect$$$$0000000F  mc_w.l(entry10a.o)
    0x080001c0   0x080001c0   0x00000000   Code   RO         6231    .ARM.Collect$$$$00000011  mc_w.l(entry11a.o)
    0x080001c0   0x080001c0   0x00000004   Code   RO         6220    .ARM.Collect$$$$00002712  mc_w.l(entry2.o)
    0x080001c4   0x080001c4   0x00000024   Code   RO            4    .text               startup_stm32f429_439xx.o
    0x080001e8   0x080001e8   0x00000062   Code   RO         6238    .text               mc_w.l(uldiv.o)
    0x0800024a   0x0800024a   0x00000002   PAD
    0x0800024c   0x0800024c   0x00000024   Code   RO         6251    .text               mc_w.l(init.o)
    0x08000270   0x08000270   0x0000001e   Code   RO         6253    .text               mc_w.l(llshl.o)
    0x0800028e   0x0800028e   0x00000020   Code   RO         6255    .text               mc_w.l(llushr.o)
    0x080002ae   0x080002ae   0x00000002   Code   RO         5227    i.BusFault_Handler  stm32f4xx_it.o
    0x080002b0   0x080002b0   0x00000018   Code   RO         1358    i.DMA2D_DeInit      stm32f4xx_dma2d.o
    0x080002c8   0x080002c8   0x00000014   Code   RO         1363    i.DMA2D_GetFlagStatus  stm32f4xx_dma2d.o
    0x080002dc   0x080002dc   0x000000b8   Code   RO         1366    i.DMA2D_Init        stm32f4xx_dma2d.o
    0x08000394   0x08000394   0x00000010   Code   RO         1368    i.DMA2D_StartTransfer  stm32f4xx_dma2d.o
    0x080003a4   0x080003a4   0x00000002   Code   RO         5228    i.DebugMon_Handler  stm32f4xx_it.o
    0x080003a6   0x080003a6   0x00000012   Code   RO         5161    i.Delay             main.o
    0x080003b8   0x080003b8   0x00000012   Code   RO         5788    i.Delay             bsp_i2c_touch.o
    0x080003ca   0x080003ca   0x00000036   Code   RO         1844    i.FMC_GetFlagStatus  stm32f4xx_fmc.o
    0x08000400   0x08000400   0x00000020   Code   RO         1861    i.FMC_SDRAMCmdConfig  stm32f4xx_fmc.o
    0x08000420   0x08000420   0x00000106   Code   RO         1863    i.FMC_SDRAMInit     stm32f4xx_fmc.o
    0x08000526   0x08000526   0x00000002   PAD
    0x08000528   0x08000528   0x00000010   Code   RO         1867    i.FMC_SetRefreshCount  stm32f4xx_fmc.o
    0x08000538   0x08000538   0x0000007c   Code   RO         2046    i.GPIO_Init         stm32f4xx_gpio.o
    0x080005b4   0x080005b4   0x00000020   Code   RO         2047    i.GPIO_PinAFConfig  stm32f4xx_gpio.o
    0x080005d4   0x080005d4   0x00000004   Code   RO         2053    i.GPIO_ResetBits    stm32f4xx_gpio.o
    0x080005d8   0x080005d8   0x00000004   Code   RO         2054    i.GPIO_SetBits      stm32f4xx_gpio.o
    0x080005dc   0x080005dc   0x000000d8   Code   RO         5856    i.GTP_Get_Info      bsp_touch_gtxx.o
    0x080006b4   0x080006b4   0x0000006c   Code   RO         5857    i.GTP_I2C_Read      bsp_touch_gtxx.o
    0x08000720   0x08000720   0x00000088   Code   RO         5858    i.GTP_I2C_Test      bsp_touch_gtxx.o
    0x080007a8   0x080007a8   0x00000054   Code   RO         5859    i.GTP_Init_ReadID   bsp_touch_gtxx.o
    0x080007fc   0x080007fc   0x00000120   Code   RO         5860    i.GTP_Read_Version  bsp_touch_gtxx.o
    0x0800091c   0x0800091c   0x00000002   Code   RO         5229    i.HardFault_Handler  stm32f4xx_it.o
    0x0800091e   0x0800091e   0x00000018   Code   RO         2334    i.I2C_AcknowledgeConfig  stm32f4xx_i2c.o
    0x08000936   0x08000936   0x00000018   Code   RO         2337    i.I2C_CheckEvent    stm32f4xx_i2c.o
    0x0800094e   0x0800094e   0x00000018   Code   RO         2340    i.I2C_Cmd           stm32f4xx_i2c.o
    0x08000966   0x08000966   0x00000002   PAD
    0x08000968   0x08000968   0x000000ac   Code   RO         5789    i.I2C_GPIO_Config   bsp_i2c_touch.o
    0x08000a14   0x08000a14   0x00000018   Code   RO         2348    i.I2C_GenerateSTART  stm32f4xx_i2c.o
    0x08000a2c   0x08000a2c   0x00000018   Code   RO         2349    i.I2C_GenerateSTOP  stm32f4xx_i2c.o
    0x08000a44   0x08000a44   0x00000032   Code   RO         2350    i.I2C_GetFlagStatus  stm32f4xx_i2c.o
    0x08000a76   0x08000a76   0x00000002   PAD
    0x08000a78   0x08000a78   0x000000bc   Code   RO         2355    i.I2C_Init          stm32f4xx_i2c.o
    0x08000b34   0x08000b34   0x0000004c   Code   RO         5790    i.I2C_Mode_Config   bsp_i2c_touch.o
    0x08000b80   0x08000b80   0x000000e8   Code   RO         5791    i.I2C_ReadBytes     bsp_i2c_touch.o
    0x08000c68   0x08000c68   0x00000006   Code   RO         2360    i.I2C_ReceiveData   stm32f4xx_i2c.o
    0x08000c6e   0x08000c6e   0x00000002   PAD
    0x08000c70   0x08000c70   0x00000078   Code   RO         5792    i.I2C_ResetChip     bsp_i2c_touch.o
    0x08000ce8   0x08000ce8   0x00000012   Code   RO         2362    i.I2C_Send7bitAddress  stm32f4xx_i2c.o
    0x08000cfa   0x08000cfa   0x00000004   Code   RO         2363    i.I2C_SendData      stm32f4xx_i2c.o
    0x08000cfe   0x08000cfe   0x00000002   PAD
    0x08000d00   0x08000d00   0x00000030   Code   RO         5793    i.I2C_TIMEOUT_UserCallback  bsp_i2c_touch.o
    0x08000d30   0x08000d30   0x00000012   Code   RO         5794    i.I2C_Touch_Init    bsp_i2c_touch.o
    0x08000d42   0x08000d42   0x00000044   Code   RO         5861    i.I2C_Transfer      bsp_touch_gtxx.o
    0x08000d86   0x08000d86   0x00000002   PAD
    0x08000d88   0x08000d88   0x000000f4   Code   RO         5795    i.I2C_WriteBytes    bsp_i2c_touch.o
    0x08000e7c   0x08000e7c   0x00000064   Code   RO         5383    i.LCD_Clear         bsp_lcd.o
    0x08000ee0   0x08000ee0   0x00000044   Code   RO         5384    i.LCD_ClearLine     bsp_lcd.o
    0x08000f24   0x08000f24   0x00000020   Code   RO         5388    i.LCD_DisplayChar   bsp_lcd.o
    0x08000f44   0x08000f44   0x00000050   Code   RO         5389    i.LCD_DisplayStringLine  bsp_lcd.o
    0x08000f94   0x08000f94   0x000000c4   Code   RO         5390    i.LCD_DrawChar      bsp_lcd.o
    0x08001058   0x08001058   0x00000154   Code   RO         5391    i.LCD_DrawCircle    bsp_lcd.o
    0x080011ac   0x080011ac   0x0000009a   Code   RO         5393    i.LCD_DrawFullCircle  bsp_lcd.o
    0x08001246   0x08001246   0x00000002   PAD
    0x08001248   0x08001248   0x0000009c   Code   RO         5395    i.LCD_DrawFullRect  bsp_lcd.o
    0x080012e4   0x080012e4   0x000000a0   Code   RO         5396    i.LCD_DrawLine      bsp_lcd.o
    0x08001384   0x08001384   0x00000044   Code   RO         5398    i.LCD_DrawRect      bsp_lcd.o
    0x080013c8   0x080013c8   0x000000b8   Code   RO         5399    i.LCD_DrawUniLine   bsp_lcd.o
    0x08001480   0x08001480   0x000002fc   Code   RO         5402    i.LCD_GPIO_Config   bsp_lcd.o
    0x0800177c   0x0800177c   0x0000000c   Code   RO         5404    i.LCD_GetFont       bsp_lcd.o
    0x08001788   0x08001788   0x000000b8   Code   RO         5405    i.LCD_Init          bsp_lcd.o
    0x08001840   0x08001840   0x000000c0   Code   RO         5406    i.LCD_LayerInit     bsp_lcd.o
    0x08001900   0x08001900   0x0000000c   Code   RO         5413    i.LCD_SetColors     bsp_lcd.o
    0x0800190c   0x0800190c   0x0000000c   Code   RO         5416    i.LCD_SetFont       bsp_lcd.o
    0x08001918   0x08001918   0x00000024   Code   RO         5417    i.LCD_SetLayer      bsp_lcd.o
    0x0800193c   0x0800193c   0x0000000c   Code   RO         5418    i.LCD_SetTextColor  bsp_lcd.o
    0x08001948   0x08001948   0x00000030   Code   RO         5419    i.LCD_SetTransparency  bsp_lcd.o
    0x08001978   0x08001978   0x000004ec   Code   RO         5162    i.LCD_Test          main.o
    0x08001e64   0x08001e64   0x0000005c   Code   RO         5302    i.LED_GPIO_Config   bsp_led.o
    0x08001ec0   0x08001ec0   0x00000020   Code   RO         2620    i.LTDC_Cmd          stm32f4xx_ltdc.o
    0x08001ee0   0x08001ee0   0x000000a8   Code   RO         2631    i.LTDC_Init         stm32f4xx_ltdc.o
    0x08001f88   0x08001f88   0x00000004   Code   RO         2634    i.LTDC_LayerAlpha   stm32f4xx_ltdc.o
    0x08001f8c   0x08001f8c   0x00000018   Code   RO         2635    i.LTDC_LayerCmd     stm32f4xx_ltdc.o
    0x08001fa4   0x08001fa4   0x00000096   Code   RO         2636    i.LTDC_LayerInit    stm32f4xx_ltdc.o
    0x0800203a   0x0800203a   0x00000002   PAD
    0x0800203c   0x0800203c   0x0000000c   Code   RO         2643    i.LTDC_ReloadConfig  stm32f4xx_ltdc.o
    0x08002048   0x08002048   0x00000002   Code   RO         5230    i.MemManage_Handler  stm32f4xx_it.o
    0x0800204a   0x0800204a   0x00000002   Code   RO         5231    i.NMI_Handler       stm32f4xx_it.o
    0x0800204c   0x0800204c   0x00000002   Code   RO         5232    i.PendSV_Handler    stm32f4xx_it.o
    0x0800204e   0x0800204e   0x00000002   PAD
    0x08002050   0x08002050   0x00000044   Code   RO         5423    i.PutPixel          bsp_lcd.o
    0x08002094   0x08002094   0x0000001c   Code   RO         2960    i.RCC_AHB1PeriphClockCmd  stm32f4xx_rcc.o
    0x080020b0   0x080020b0   0x0000001c   Code   RO         2962    i.RCC_AHB1PeriphResetCmd  stm32f4xx_rcc.o
    0x080020cc   0x080020cc   0x0000001c   Code   RO         2966    i.RCC_AHB3PeriphClockCmd  stm32f4xx_rcc.o
    0x080020e8   0x080020e8   0x0000001c   Code   RO         2969    i.RCC_APB1PeriphClockCmd  stm32f4xx_rcc.o
    0x08002104   0x08002104   0x0000001c   Code   RO         2972    i.RCC_APB2PeriphClockCmd  stm32f4xx_rcc.o
    0x08002120   0x08002120   0x000000a4   Code   RO         2981    i.RCC_GetClocksFreq  stm32f4xx_rcc.o
    0x080021c4   0x080021c4   0x00000038   Code   RO         2982    i.RCC_GetFlagStatus  stm32f4xx_rcc.o
    0x080021fc   0x080021fc   0x00000014   Code   RO         2993    i.RCC_LTDCCLKDivConfig  stm32f4xx_rcc.o
    0x08002210   0x08002210   0x0000000c   Code   RO         3002    i.RCC_PLLSAICmd     stm32f4xx_rcc.o
    0x0800221c   0x0800221c   0x00000014   Code   RO         3003    i.RCC_PLLSAIConfig  stm32f4xx_rcc.o
    0x08002230   0x08002230   0x00000398   Code   RO         5326    i.SDRAM_GPIO_Config  bsp_sdram.o
    0x080025c8   0x080025c8   0x0000005c   Code   RO         5327    i.SDRAM_Init        bsp_sdram.o
    0x08002624   0x08002624   0x000000ac   Code   RO         5328    i.SDRAM_InitSequence  bsp_sdram.o
    0x080026d0   0x080026d0   0x00000020   Code   RO         5332    i.SDRAM_delay       bsp_sdram.o
    0x080026f0   0x080026f0   0x00000002   Code   RO         5233    i.SVC_Handler       stm32f4xx_it.o
    0x080026f2   0x080026f2   0x00000002   PAD
    0x080026f4   0x080026f4   0x000000d4   Code   RO           13    i.SetSysClock       system_stm32f4xx.o
    0x080027c8   0x080027c8   0x00000002   Code   RO         5234    i.SysTick_Handler   stm32f4xx_it.o
    0x080027ca   0x080027ca   0x00000002   PAD
    0x080027cc   0x080027cc   0x0000005c   Code   RO           15    i.SystemInit        system_stm32f4xx.o
    0x08002828   0x08002828   0x00000018   Code   RO         4907    i.USART_Cmd         stm32f4xx_usart.o
    0x08002840   0x08002840   0x00000098   Code   RO         5922    i.USART_Config      bsp_usart.o
    0x080028d8   0x080028d8   0x0000000e   Code   RO         4910    i.USART_GetFlagStatus  stm32f4xx_usart.o
    0x080028e6   0x080028e6   0x00000002   PAD
    0x080028e8   0x080028e8   0x000000bc   Code   RO         4914    i.USART_Init        stm32f4xx_usart.o
    0x080029a4   0x080029a4   0x00000008   Code   RO         4924    i.USART_SendData    stm32f4xx_usart.o
    0x080029ac   0x080029ac   0x00000002   Code   RO         5235    i.UsageFault_Handler  stm32f4xx_it.o
    0x080029ae   0x080029ae   0x00000002   PAD
    0x080029b0   0x080029b0   0x00000020   Code   RO         6165    i.__0printf$8       mc_w.l(printf8.o)
    0x080029d0   0x080029d0   0x00000028   Code   RO         6167    i.__0sprintf$8      mc_w.l(printf8.o)
    0x080029f8   0x080029f8   0x0000000e   Code   RO         6263    i.__scatterload_copy  mc_w.l(handlers.o)
    0x08002a06   0x08002a06   0x00000002   Code   RO         6264    i.__scatterload_null  mc_w.l(handlers.o)
    0x08002a08   0x08002a08   0x0000000e   Code   RO         6265    i.__scatterload_zeroinit  mc_w.l(handlers.o)
    0x08002a16   0x08002a16   0x00000002   PAD
    0x08002a18   0x08002a18   0x00000404   Code   RO         6172    i._printf_core      mc_w.l(printf8.o)
    0x08002e1c   0x08002e1c   0x00000024   Code   RO         6173    i._printf_post_padding  mc_w.l(printf8.o)
    0x08002e40   0x08002e40   0x0000002e   Code   RO         6174    i._printf_pre_padding  mc_w.l(printf8.o)
    0x08002e6e   0x08002e6e   0x0000000a   Code   RO         6176    i._sputc            mc_w.l(printf8.o)
    0x08002e78   0x08002e78   0x00000024   Code   RO         5924    i.fputc             bsp_usart.o
    0x08002e9c   0x08002e9c   0x00000068   Code   RO         5163    i.main              main.o
    0x08002f04   0x08002f04   0x00000024   Data   RO         5424    .constdata          bsp_lcd.o
    0x08002f28   0x08002f28   0x000011d0   Data   RO         5766    .constdata          fonts.o
    0x080040f8   0x080040f8   0x0000002c   Data   RO         5862    .constdata          bsp_touch_gtxx.o
    0x08004124   0x08004124   0x000000b6   Data   RO         5164    .conststring        main.o
    0x080041da   0x080041da   0x00000002   PAD
    0x080041dc   0x080041dc   0x00000050   Data   RO         5868    .conststring        bsp_touch_gtxx.o
    0x0800422c   0x0800422c   0x00000020   Data   RO         6261    Region$$Table       anon$$obj.o


    Execution Region RW_IRAM1 (Exec base: 0x20000000, Load base: 0x0800424c, Size: 0x00000440, Max: 0x00030000, ABSOLUTE)

    Exec Addr    Load Addr    Size         Type   Attr      Idx    E Section Name        Object

    0x20000000   0x0800424c   0x00000010   Data   RW         3013    .data               stm32f4xx_rcc.o
    0x20000010   0x0800425c   0x00000001   Data   RW         5165    .data               main.o
    0x20000011   0x0800425d   0x00000003   PAD
    0x20000014   0x08004260   0x00000018   Data   RW         5425    .data               bsp_lcd.o
    0x2000002c   0x08004278   0x00000008   Data   RW         5770    .data               fonts.o
    0x20000034   0x08004280   0x00000004   Data   RW         5796    .data               bsp_i2c_touch.o
    0x20000038   0x08004284   0x00000001   Data   RW         5869    .data               bsp_touch_gtxx.o
    0x20000039   0x08004285   0x00000003   PAD
    0x2000003c   0x08004288   0x00000004   Data   RW         6235    .data               mc_w.l(stdout.o)
    0x20000040        -       0x00000400   Zero   RW            1    STACK               startup_stm32f429_439xx.o


==============================================================================

Image component sizes


      Code (inc. data)   RO Data    RW Data    ZI Data      Debug   Object Name

       928        102          0          4          0       6579   bsp_i2c_touch.o
      2878        176         36         24          0     284967   bsp_lcd.o
        92          6          0          0          0        658   bsp_led.o
      1216         28          0          0          0       3441   bsp_sdram.o
       900        332        124          1          0       8619   bsp_touch_gtxx.o
       188         16          0          0          0       1407   bsp_usart.o
         0          0       4560          8          0       1492   fonts.o
      1382        346        182          1          0       4046   main.o
        36          8        428          0       1024       1040   startup_stm32f429_439xx.o
       244         18          0          0          0       3688   stm32f4xx_dma2d.o
       364         10          0          0          0       4279   stm32f4xx_fmc.o
       164          0          0          0          0       3563   stm32f4xx_gpio.o
       386         10          0          0          0       8424   stm32f4xx_i2c.o
        18          0          0          0          0       4802   stm32f4xx_it.o
       390         24          0          0          0       5310   stm32f4xx_ltdc.o
       412         68          0         16          0      10043   stm32f4xx_rcc.o
       234          8          0          0          0       4136   stm32f4xx_usart.o
       304         34          0          0          0     310133   system_stm32f4xx.o

    ----------------------------------------------------------------------
     10162       1186       5364         60       1024     666627   Object Totals
         0          0         32          0          0          0   (incl. Generated)
        26          0          2          6          0          0   (incl. Padding)

    ----------------------------------------------------------------------

      Code (inc. data)   RO Data    RW Data    ZI Data      Debug   Library Member Name

         0          0          0          0          0          0   entry.o
         0          0          0          0          0          0   entry10a.o
         0          0          0          0          0          0   entry11a.o
         4          0          0          0          0          0   entry12b.o
         8          4          0          0          0          0   entry2.o
         4          0          0          0          0          0   entry5.o
         0          0          0          0          0          0   entry7b.o
         0          0          0          0          0          0   entry8b.o
         8          4          0          0          0          0   entry9a.o
        30          0          0          0          0          0   handlers.o
        36          8          0          0          0         68   init.o
        30          0          0          0          0         68   llshl.o
        32          0          0          0          0         68   llushr.o
      1192         60          0          0          0        504   printf8.o
         0          0          0          4          0          0   stdout.o
        98          0          0          0          0         92   uldiv.o

    ----------------------------------------------------------------------
      1446         76          0          4          0        800   Library Totals
         4          0          0          0          0          0   (incl. Padding)

    ----------------------------------------------------------------------

      Code (inc. data)   RO Data    RW Data    ZI Data      Debug   Library Name

      1442         76          0          4          0        800   mc_w.l

    ----------------------------------------------------------------------
      1446         76          0          4          0        800   Library Totals

    ----------------------------------------------------------------------

==============================================================================


      Code (inc. data)   RO Data    RW Data    ZI Data      Debug   

     11608       1262       5364         64       1024     658167   Grand Totals
     11608       1262       5364         64       1024     658167   ELF Image Totals
     11608       1262       5364         64          0          0   ROM Totals

==============================================================================

    Total RO  Size (Code + RO Data)                16972 (  16.57kB)
    Total RW  Size (RW Data + ZI Data)              1088 (   1.06kB)
    Total ROM Size (Code + RO Data + RW Data)      17036 (  16.64kB)

==============================================================================

